2026-05-14 04:48:34,055 [INFO] ============================================================
2026-05-14 04:48:34,055 [INFO]   TraFix v5 — Stage 2: GATConv + Trunk Pretraining
2026-05-14 04:48:34,055 [INFO] ============================================================
2026-05-14 04:48:34,055 [INFO]   obs_dim=10, T_window=10, episodes=300
2026-05-14 04:48:34,055 [INFO]   Device: cuda
2026-05-14 04:48:34,340 [INFO]   GRU loaded from X:\Yeni klasör\TraFixV5\trafix_v5\checkpoints\stage1_gru.pt and frozen.
2026-05-14 04:48:34,356 [INFO]   Curriculum: OFFPEAK-only for first 100 episodes, then standard curriculum mix.
2026-05-14 04:49:22,959 [INFO]   Ep  10/300 [OFFPEAK-only] | Loss: 0.335564 | Best: 0.335564 | LR: 3.00e-04 | Steps:  177 | 4.9s | ep0009 | OFFPEAK | flow=292 veh/hr | duration=377 steps
2026-05-14 04:50:10,039 [INFO]   Ep  20/300 [OFFPEAK-only] | Loss: 0.354115 | Best: 0.219550 | LR: 3.00e-04 | Steps:  177 | 4.9s | ep0019 | OFFPEAK | flow=432 veh/hr | duration=385 steps
2026-05-14 04:50:57,618 [INFO]   Ep  30/300 [OFFPEAK-only] | Loss: 0.246528 | Best: 0.219550 | LR: 3.00e-04 | Steps:  165 | 4.6s | ep0029 | OFFPEAK | flow=358 veh/hr | duration=491 steps
2026-05-14 04:51:41,602 [INFO]   Ep  40/300 [OFFPEAK-only] | Loss: 0.248263 | Best: 0.137771 | LR: 1.50e-04 | Steps:  125 | 3.7s | ep0039 | OFFPEAK | flow=263 veh/hr | duration=311 steps
2026-05-14 04:52:28,998 [INFO]   Ep  50/300 [OFFPEAK-only] | Loss: 0.368623 | Best: 0.137771 | LR: 1.50e-04 | Steps:  177 | 5.0s | ep0049 | OFFPEAK | flow=473 veh/hr | duration=447 steps
2026-05-14 04:53:16,295 [INFO]   Ep  60/300 [OFFPEAK-only] | Loss: 0.302979 | Best: 0.137771 | LR: 7.50e-05 | Steps:  177 | 5.0s | ep0059 | OFFPEAK | flow=308 veh/hr | duration=362 steps
2026-05-14 04:54:01,532 [INFO]   Ep  70/300 [OFFPEAK-only] | Loss: 0.208185 | Best: 0.137771 | LR: 7.50e-05 | Steps:  125 | 3.7s | ep0069 | OFFPEAK | flow=251 veh/hr | duration=395 steps
2026-05-14 04:54:45,842 [INFO]   Ep  80/300 [OFFPEAK-only] | Loss: 0.215494 | Best: 0.137771 | LR: 3.75e-05 | Steps:  177 | 4.9s | ep0079 | OFFPEAK | flow=289 veh/hr | duration=354 steps
2026-05-14 04:55:29,746 [INFO]   Ep  90/300 [OFFPEAK-only] | Loss: 0.237396 | Best: 0.137771 | LR: 1.87e-05 | Steps:  153 | 4.4s | ep0089 | OFFPEAK | flow=380 veh/hr | duration=393 steps
2026-05-14 04:56:16,851 [INFO]   Ep 100/300 [OFFPEAK-only] | Loss: 0.322467 | Best: 0.137771 | LR: 1.87e-05 | Steps:  169 | 4.8s | ep0099 | OFFPEAK | flow=499 veh/hr | duration=378 steps
2026-05-14 04:57:04,687 [INFO]   Ep 110/300 [curriculum] | Loss: 0.267261 | Best: 0.137771 | LR: 1.00e-05 | Steps:  177 | 4.9s | ep0109 | OFFPEAK | flow=308 veh/hr | duration=446 steps
2026-05-14 04:57:51,430 [INFO]   Ep 120/300 [curriculum] | Loss: 0.224775 | Best: 0.137771 | LR: 1.00e-05 | Steps:  177 | 4.9s | ep0119 | OFFPEAK | flow=417 veh/hr | duration=498 steps
2026-05-14 04:58:37,240 [INFO]   Ep 130/300 [curriculum] | Loss: 0.271833 | Best: 0.137771 | LR: 1.00e-05 | Steps:  177 | 5.0s | ep0129 | OFFPEAK | flow=428 veh/hr | duration=460 steps
2026-05-14 04:59:24,123 [INFO]   Ep 140/300 [curriculum] | Loss: 0.285172 | Best: 0.137771 | LR: 1.00e-05 | Steps:  154 | 4.4s | ep0139 | OFFPEAK | flow=377 veh/hr | duration=440 steps
2026-05-14 05:00:10,406 [INFO]   Ep 150/300 [curriculum] | Loss: 0.307475 | Best: 0.137771 | LR: 1.00e-05 | Steps:  177 | 4.9s | ep0149 | OFFPEAK | flow=438 veh/hr | duration=321 steps
2026-05-14 05:00:57,424 [INFO]   Ep 160/300 [curriculum] | Loss: 0.244146 | Best: 0.137771 | LR: 1.00e-05 | Steps:  162 | 4.6s | ep0159 | OFFPEAK | flow=361 veh/hr | duration=360 steps
2026-05-14 05:01:46,306 [INFO]   Ep 170/300 [curriculum] | Loss: 0.248677 | Best: 0.137771 | LR: 1.00e-05 | Steps:  177 | 5.0s | ep0169 | OFFPEAK | flow=313 veh/hr | duration=331 steps
2026-05-14 05:02:33,298 [INFO]   Ep 180/300 [curriculum] | Loss: 0.260861 | Best: 0.137771 | LR: 1.00e-05 | Steps:  177 | 4.9s | ep0179 | OFFPEAK | flow=279 veh/hr | duration=371 steps
2026-05-14 05:03:21,792 [INFO]   Ep 190/300 [curriculum] | Loss: 0.282196 | Best: 0.137771 | LR: 1.00e-05 | Steps:  177 | 5.0s | ep0189 | OFFPEAK | flow=461 veh/hr | duration=341 steps
2026-05-14 05:04:07,375 [INFO]   Ep 200/300 [curriculum] | Loss: 0.208859 | Best: 0.126502 | LR: 1.00e-05 | Steps:  177 | 4.9s | ep0199 | OFFPEAK | flow=307 veh/hr | duration=390 steps
2026-05-14 05:05:00,138 [INFO]   Ep 210/300 [curriculum] | Loss: 1.902534 | Best: 0.126502 | LR: 1.00e-05 | Steps:  177 | 5.7s | ep0209 | MORNING_PEAK | main=1155 veh/hr | side=144 veh/hr | duration=319 steps
2026-05-14 05:05:53,280 [INFO]   Ep 220/300 [curriculum] | Loss: 0.256786 | Best: 0.126502 | LR: 1.00e-05 | Steps:  161 | 4.5s | ep0219 | OFFPEAK | flow=371 veh/hr | duration=396 steps
2026-05-14 05:06:45,757 [INFO]   Ep 230/300 [curriculum] | Loss: 0.299621 | Best: 0.126502 | LR: 1.00e-05 | Steps:  177 | 5.0s | ep0229 | OFFPEAK | flow=454 veh/hr | duration=498 steps
2026-05-14 05:07:36,770 [INFO]   Ep 240/300 [curriculum] | Loss: 0.371170 | Best: 0.126502 | LR: 1.00e-05 | Steps:  175 | 4.9s | ep0239 | OFFPEAK | flow=472 veh/hr | duration=402 steps
2026-05-14 05:08:28,175 [INFO]   Ep 250/300 [curriculum] | Loss: 0.296397 | Best: 0.126502 | LR: 1.00e-05 | Steps:  177 | 4.9s | ep0249 | OFFPEAK | flow=345 veh/hr | duration=310 steps
2026-05-14 05:09:17,462 [INFO]   Ep 260/300 [curriculum] | Loss: 0.279975 | Best: 0.126502 | LR: 1.00e-05 | Steps:  121 | 3.6s | ep0259 | OFFPEAK | flow=260 veh/hr | duration=347 steps
2026-05-14 05:10:08,795 [INFO]   Ep 270/300 [curriculum] | Loss: 1.706954 | Best: 0.126502 | LR: 1.00e-05 | Steps:  177 | 5.6s | ep0269 | MORNING_PEAK | main=1025 veh/hr | side=228 veh/hr | duration=370 steps
2026-05-14 05:11:00,232 [INFO]   Ep 280/300 [curriculum] | Loss: 2.111161 | Best: 0.126502 | LR: 1.00e-05 | Steps:  177 | 5.7s | ep0279 | MORNING_PEAK | main=1163 veh/hr | side=197 veh/hr | duration=376 steps
2026-05-14 05:11:53,446 [INFO]   Ep 290/300 [curriculum] | Loss: 0.985364 | Best: 0.126502 | LR: 1.00e-05 | Steps:  177 | 5.3s | ep0289 | EVENING_PEAK | main=938 veh/hr | side=151 veh/hr | duration=320 steps
2026-05-14 05:12:44,305 [INFO]   Ep 300/300 [curriculum] | Loss: 0.271469 | Best: 0.126502 | LR: 1.00e-05 | Steps:  169 | 4.7s | ep0299 | OFFPEAK | flow=348 veh/hr | duration=489 steps
2026-05-14 05:12:44,305 [INFO]   Best GATConv saved → X:\Yeni klasör\TraFixV5\trafix_v5\checkpoints\stage2_gatconv.pt
2026-05-14 05:12:44,305 [INFO]   Best Trunk   saved → X:\Yeni klasör\TraFixV5\trafix_v5\checkpoints\stage2_trunk.pt
