2026-05-14 03:56:31,746 [INFO] ============================================================
2026-05-14 03:57:13,775 [INFO]   TraFix v5 — Stage 1: GRU Pretraining
2026-05-14 03:57:13,775 [INFO] ============================================================
2026-05-14 03:57:13,775 [INFO]   obs_dim=10, T_window=10, episodes=300
2026-05-14 03:57:13,913 [INFO]   Device: cuda
2026-05-14 04:05:15,444 [INFO] ============================================================
2026-05-14 04:05:15,444 [INFO]   TraFix v5 — Stage 1: GRU Pretraining
2026-05-14 04:05:15,448 [INFO] ============================================================
2026-05-14 04:05:15,449 [INFO]   obs_dim=10, T_window=10, episodes=300
2026-05-14 04:05:15,454 [INFO]   Device: cuda
2026-05-14 04:18:57,701 [INFO] ============================================================
2026-05-14 04:18:57,701 [INFO]   TraFix v5 — Stage 1: GRU Pretraining
2026-05-14 04:18:57,701 [INFO] ============================================================
2026-05-14 04:18:57,701 [INFO]   obs_dim=10, T_window=10, episodes=300
2026-05-14 04:18:57,750 [INFO]   Device: cuda
2026-05-14 04:31:05,020 [INFO] ============================================================
2026-05-14 04:31:05,020 [INFO]   TraFix v5 — Stage 1: GRU Pretraining
2026-05-14 04:31:05,020 [INFO] ============================================================
2026-05-14 04:31:05,020 [INFO]   obs_dim=10, T_window=10, episodes=300
2026-05-14 04:31:05,020 [INFO]   Device: cuda
2026-05-14 04:31:43,548 [INFO]   Ep  10/300 | Loss: 0.001604 | Best: 0.001582 | LR: 1.00e-03 | Steps:  177 | 3.5s | ep0009 | OFFPEAK | flow=292 veh/hr | duration=377 steps
2026-05-14 04:32:17,521 [INFO]   Ep  20/300 | Loss: 0.001950 | Best: 0.001168 | LR: 1.00e-03 | Steps:  177 | 3.6s | ep0019 | OFFPEAK | flow=432 veh/hr | duration=385 steps
2026-05-14 04:32:51,243 [INFO]   Ep  30/300 | Loss: 0.001662 | Best: 0.001168 | LR: 1.00e-03 | Steps:  166 | 3.4s | ep0029 | OFFPEAK | flow=358 veh/hr | duration=491 steps
2026-05-14 04:33:23,056 [INFO]   Ep  40/300 | Loss: 0.001501 | Best: 0.001078 | LR: 5.00e-04 | Steps:  125 | 2.7s | ep0039 | OFFPEAK | flow=263 veh/hr | duration=311 steps
2026-05-14 04:33:57,200 [INFO]   Ep  50/300 | Loss: 0.001940 | Best: 0.000995 | LR: 5.00e-04 | Steps:  177 | 3.6s | ep0049 | OFFPEAK | flow=473 veh/hr | duration=447 steps
2026-05-14 04:34:31,602 [INFO]   Ep  60/300 | Loss: 0.001289 | Best: 0.000995 | LR: 2.50e-04 | Steps:  177 | 3.5s | ep0059 | OFFPEAK | flow=308 veh/hr | duration=362 steps
2026-05-14 04:35:03,880 [INFO]   Ep  70/300 | Loss: 0.001246 | Best: 0.000972 | LR: 2.50e-04 | Steps:  135 | 2.9s | ep0069 | OFFPEAK | flow=251 veh/hr | duration=395 steps
2026-05-14 04:35:36,174 [INFO]   Ep  80/300 | Loss: 0.001572 | Best: 0.000972 | LR: 2.50e-04 | Steps:  177 | 3.6s | ep0079 | OFFPEAK | flow=289 veh/hr | duration=354 steps
2026-05-14 04:36:08,497 [INFO]   Ep  90/300 | Loss: 0.001982 | Best: 0.000972 | LR: 1.25e-04 | Steps:  156 | 3.3s | ep0089 | OFFPEAK | flow=380 veh/hr | duration=393 steps
2026-05-14 04:36:42,297 [INFO]   Ep 100/300 | Loss: 0.001885 | Best: 0.000972 | LR: 6.25e-05 | Steps:  174 | 3.5s | ep0099 | OFFPEAK | flow=499 veh/hr | duration=378 steps
2026-05-14 04:37:16,007 [INFO]   Ep 110/300 | Loss: 0.001471 | Best: 0.000972 | LR: 6.25e-05 | Steps:  177 | 3.6s | ep0109 | OFFPEAK | flow=308 veh/hr | duration=446 steps
2026-05-14 04:37:49,685 [INFO]   Ep 120/300 | Loss: 0.001832 | Best: 0.000972 | LR: 3.13e-05 | Steps:  177 | 3.6s | ep0119 | OFFPEAK | flow=417 veh/hr | duration=498 steps
2026-05-14 04:38:22,589 [INFO]   Ep 130/300 | Loss: 0.001732 | Best: 0.000972 | LR: 1.56e-05 | Steps:  177 | 3.5s | ep0129 | OFFPEAK | flow=428 veh/hr | duration=460 steps
2026-05-14 04:38:56,510 [INFO]   Ep 140/300 | Loss: 0.001574 | Best: 0.000972 | LR: 1.56e-05 | Steps:  155 | 3.2s | ep0139 | OFFPEAK | flow=377 veh/hr | duration=440 steps
2026-05-14 04:39:29,807 [INFO]   Ep 150/300 | Loss: 0.001744 | Best: 0.000972 | LR: 1.00e-05 | Steps:  177 | 3.6s | ep0149 | OFFPEAK | flow=438 veh/hr | duration=321 steps
2026-05-14 04:40:03,520 [INFO]   Ep 160/300 | Loss: 0.001506 | Best: 0.000972 | LR: 1.00e-05 | Steps:  161 | 3.3s | ep0159 | OFFPEAK | flow=361 veh/hr | duration=360 steps
2026-05-14 04:40:38,348 [INFO]   Ep 170/300 | Loss: 0.001356 | Best: 0.000972 | LR: 1.00e-05 | Steps:  177 | 3.5s | ep0169 | OFFPEAK | flow=313 veh/hr | duration=331 steps
2026-05-14 04:41:12,133 [INFO]   Ep 180/300 | Loss: 0.001402 | Best: 0.000972 | LR: 1.00e-05 | Steps:  177 | 3.5s | ep0179 | OFFPEAK | flow=279 veh/hr | duration=371 steps
2026-05-14 04:41:46,934 [INFO]   Ep 190/300 | Loss: 0.002021 | Best: 0.000972 | LR: 1.00e-05 | Steps:  177 | 3.6s | ep0189 | OFFPEAK | flow=461 veh/hr | duration=341 steps
2026-05-14 04:42:20,226 [INFO]   Ep 200/300 | Loss: 0.001313 | Best: 0.000972 | LR: 1.00e-05 | Steps:  177 | 3.6s | ep0199 | OFFPEAK | flow=307 veh/hr | duration=390 steps
2026-05-14 04:42:58,132 [INFO]   Ep 210/300 | Loss: 0.008498 | Best: 0.000972 | LR: 1.00e-05 | Steps:  177 | 3.9s | ep0209 | MORNING_PEAK | main=1155 veh/hr | side=144 veh/hr | duration=319 steps
2026-05-14 04:43:35,728 [INFO]   Ep 220/300 | Loss: 0.001939 | Best: 0.000972 | LR: 1.00e-05 | Steps:  156 | 3.2s | ep0219 | OFFPEAK | flow=371 veh/hr | duration=396 steps
2026-05-14 04:44:13,479 [INFO]   Ep 230/300 | Loss: 0.001944 | Best: 0.000972 | LR: 1.00e-05 | Steps:  177 | 3.7s | ep0229 | OFFPEAK | flow=454 veh/hr | duration=498 steps
2026-05-14 04:44:49,848 [INFO]   Ep 240/300 | Loss: 0.002032 | Best: 0.000972 | LR: 1.00e-05 | Steps:  177 | 3.6s | ep0239 | OFFPEAK | flow=472 veh/hr | duration=402 steps
2026-05-14 04:45:25,941 [INFO]   Ep 250/300 | Loss: 0.001400 | Best: 0.000972 | LR: 1.00e-05 | Steps:  177 | 3.5s | ep0249 | OFFPEAK | flow=345 veh/hr | duration=310 steps
2026-05-14 04:46:01,214 [INFO]   Ep 260/300 | Loss: 0.001332 | Best: 0.000972 | LR: 1.00e-05 | Steps:  118 | 2.6s | ep0259 | OFFPEAK | flow=260 veh/hr | duration=347 steps
2026-05-14 04:46:37,557 [INFO]   Ep 270/300 | Loss: 0.007458 | Best: 0.000972 | LR: 1.00e-05 | Steps:  177 | 3.9s | ep0269 | MORNING_PEAK | main=1025 veh/hr | side=228 veh/hr | duration=370 steps
2026-05-14 04:47:14,591 [INFO]   Ep 280/300 | Loss: 0.008940 | Best: 0.000972 | LR: 1.00e-05 | Steps:  177 | 4.0s | ep0279 | MORNING_PEAK | main=1163 veh/hr | side=197 veh/hr | duration=376 steps
2026-05-14 04:47:52,318 [INFO]   Ep 290/300 | Loss: 0.005816 | Best: 0.000972 | LR: 1.00e-05 | Steps:  177 | 3.9s | ep0289 | EVENING_PEAK | main=938 veh/hr | side=151 veh/hr | duration=320 steps
2026-05-14 04:48:28,798 [INFO]   Ep 300/300 | Loss: 0.001479 | Best: 0.000972 | LR: 1.00e-05 | Steps:  171 | 3.5s | ep0299 | OFFPEAK | flow=348 veh/hr | duration=489 steps
2026-05-14 04:48:28,798 [INFO]   Best checkpoint saved → X:\Yeni klasör\TraFixV5\trafix_v5\checkpoints\stage1_gru.pt
