2026-05-14 10:43:07,798 [INFO] ============================================================
2026-05-14 10:43:07,798 [INFO]   TraFix v5 — Stage 3: Full PPO Training
2026-05-14 10:43:07,799 [INFO] ============================================================
2026-05-14 10:43:07,870 [INFO]   Device: cuda
2026-05-14 10:43:08,195 [INFO]   Pretrained weights loaded: GRU, GATConv, trunk
2026-05-14 10:43:08,195 [INFO]   Actor heads and critic head: randomly initialized
2026-05-14 10:43:08,196 [INFO]   Total params: 96,661
2026-05-14 10:43:08,197 [INFO]   Pretrained encoders frozen until episode 50
2026-05-14 12:05:15,828 [INFO] ============================================================
2026-05-14 12:05:15,828 [INFO]   TraFix v5 — Stage 3: Full PPO Training
2026-05-14 12:05:15,873 [INFO] ============================================================
2026-05-14 12:05:15,878 [INFO]   Device: cuda
2026-05-14 12:05:16,141 [INFO]   Pretrained weights loaded: GRU, GATConv, trunk
2026-05-14 12:05:16,141 [INFO]   Actor heads and critic head: randomly initialized
2026-05-14 12:05:16,142 [INFO]   Total params: 96,661
2026-05-14 12:05:16,143 [INFO]   Pretrained encoders frozen until episode 50
2026-05-14 12:07:26,317 [INFO]   Ep   10/1500 | scenario=OFFPEAK | R=-0.1185 (avg50=-0.1375) | Q=0.107 W=0.121 | π=-0.0009 V=0.2401 | H=[J0=0.654 J1=0.716 J2=0.744 J3=0.691 J4=0.665] | LR=3.00e-04 | 10.0s | ep0009 | OFFPEAK | flow=253 veh/hr | duration=369 steps
2026-05-14 12:09:45,557 [INFO]   Ep   20/1500 | scenario=OFFPEAK | R=-0.1487 (avg50=-0.1393) | Q=0.156 W=0.126 | π=-0.0005 V=0.2322 | H=[J0=0.755 J1=0.606 J2=0.724 J3=0.729 J4=0.550] | LR=3.00e-04 | 17.2s | ep0019 | OFFPEAK | flow=483 veh/hr | duration=494 steps
2026-05-14 12:12:03,925 [INFO]   Ep   30/1500 | scenario=OFFPEAK | R=-0.1296 (avg50=-0.1371) | Q=0.118 W=0.127 | π=-0.0007 V=0.1428 | H=[J0=0.654 J1=0.682 J2=0.697 J3=0.747 J4=0.653] | LR=3.00e-04 | 13.0s | ep0029 | OFFPEAK | flow=357 veh/hr | duration=460 steps
2026-05-14 12:14:11,515 [INFO]   Ep   40/1500 | scenario=OFFPEAK | R=-0.1607 (avg50=-0.1368) | Q=0.154 W=0.130 | π=-0.0016 V=0.2390 | H=[J0=0.570 J1=0.600 J2=0.573 J3=0.745 J4=0.601] | LR=3.00e-04 | 14.8s | ep0039 | OFFPEAK | flow=410 veh/hr | duration=336 steps
2026-05-14 12:16:23,711 [INFO]   Ep   50/1500 | scenario=OFFPEAK | R=-0.1196 (avg50=-0.1358) | Q=0.100 W=0.134 | π=-0.0006 V=0.1817 | H=[J0=0.508 J1=0.567 J2=0.230 J3=0.736 J4=0.563] | LR=2.99e-04 | 20.1s | ep0049 | OFFPEAK | flow=406 veh/hr | duration=473 steps
2026-05-14 12:16:23,712 [INFO]   Episode 50: Pretrained encoders unfrozen
2026-05-14 12:18:40,636 [INFO]   Ep   60/1500 | scenario=OFFPEAK | R=-0.1403 (avg50=-0.1339) | Q=0.126 W=0.133 | π=-0.0012 V=0.1059 | H=[J0=0.534 J1=0.667 J2=0.091 J3=0.739 J4=0.576] | LR=2.99e-04 | 22.2s | ep0059 | OFFPEAK | flow=293 veh/hr | duration=453 steps
2026-05-14 12:21:18,057 [INFO]   Ep   70/1500 | scenario=OFFPEAK | R=-0.1591 (avg50=-0.1333) | Q=0.153 W=0.127 | π=-0.0018 V=0.1585 | H=[J0=0.594 J1=0.694 J2=0.150 J3=0.647 J4=0.675] | LR=2.98e-04 | 14.8s | ep0069 | OFFPEAK | flow=338 veh/hr | duration=428 steps
2026-05-14 12:24:19,105 [INFO]   Ep   80/1500 | scenario=OFFPEAK | R=-0.1293 (avg50=-0.1322) | Q=0.131 W=0.134 | π=-0.0016 V=0.1119 | H=[J0=0.585 J1=0.645 J2=0.019 J3=0.607 J4=0.591] | LR=2.98e-04 | 21.8s | ep0079 | OFFPEAK | flow=327 veh/hr | duration=418 steps
2026-05-14 12:27:37,555 [INFO]   Ep   90/1500 | scenario=OFFPEAK | R=-0.0964 (avg50=-0.1334) | Q=0.070 W=0.135 | π=-0.0008 V=0.1315 | H=[J0=0.664 J1=0.629 J2=0.046 J3=0.629 J4=0.680] | LR=2.97e-04 | 15.2s | ep0089 | OFFPEAK | flow=246 veh/hr | duration=338 steps
2026-05-14 12:30:48,172 [INFO]   Ep  100/1500 | scenario=OFFPEAK | R=-0.1029 (avg50=-0.1379) | Q=0.083 W=0.129 | π=-0.0006 V=0.1439 | H=[J0=0.657 J1=0.670 J2=0.045 J3=0.700 J4=0.675] | LR=2.97e-04 | 14.7s | ep0099 | OFFPEAK | flow=263 veh/hr | duration=432 steps
2026-05-14 12:30:48,191 [INFO]   → Checkpoint saved: X:\Yeni klasör\TraFixV5\trafix_v5\checkpoints\stage3_ep100.pt
2026-05-14 12:34:27,334 [INFO]   Ep  110/1500 | scenario=OFFPEAK | R=-0.1590 (avg50=-0.1430) | Q=0.171 W=0.132 | π=-0.0005 V=0.0693 | H=[J0=0.646 J1=0.715 J2=0.021 J3=0.672 J4=0.620] | LR=2.96e-04 | 23.7s | ep0109 | OFFPEAK | flow=418 veh/hr | duration=424 steps
2026-05-14 12:38:14,264 [INFO]   Ep  120/1500 | scenario=OFFPEAK | R=-0.1513 (avg50=-0.1497) | Q=0.140 W=0.128 | π=-0.0002 V=0.0892 | H=[J0=0.732 J1=0.753 J2=0.064 J3=0.746 J4=0.683] | LR=2.96e-04 | 21.5s | ep0119 | OFFPEAK | flow=343 veh/hr | duration=443 steps
2026-05-14 12:41:55,618 [INFO]   Ep  130/1500 | scenario=OFFPEAK | R=-0.1368 (avg50=-0.1556) | Q=0.137 W=0.134 | π=-0.0005 V=0.0754 | H=[J0=0.623 J1=0.529 J2=0.036 J3=0.641 J4=0.566] | LR=2.95e-04 | 23.7s | ep0129 | OFFPEAK | flow=282 veh/hr | duration=426 steps
2026-05-14 12:45:33,372 [INFO]   Ep  140/1500 | scenario=OFFPEAK | R=-0.1239 (avg50=-0.1574) | Q=0.114 W=0.131 | π=-0.0010 V=0.0895 | H=[J0=0.680 J1=0.658 J2=0.037 J3=0.663 J4=0.658] | LR=2.94e-04 | 21.1s | ep0139 | OFFPEAK | flow=334 veh/hr | duration=345 steps
2026-05-14 12:49:06,621 [INFO]   Ep  150/1500 | scenario=OFFPEAK | R=-0.1731 (avg50=-0.1561) | Q=0.175 W=0.132 | π=-0.0006 V=0.0798 | H=[J0=0.678 J1=0.668 J2=0.039 J3=0.668 J4=0.647] | LR=2.93e-04 | 23.8s | ep0149 | OFFPEAK | flow=427 veh/hr | duration=423 steps
2026-05-14 12:52:22,427 [INFO]   Ep  160/1500 | scenario=OFFPEAK | R=-0.1830 (avg50=-0.1529) | Q=0.184 W=0.134 | π=-0.0006 V=0.0681 | H=[J0=0.718 J1=0.610 J2=0.027 J3=0.612 J4=0.600] | LR=2.92e-04 | 24.0s | ep0159 | OFFPEAK | flow=440 veh/hr | duration=357 steps
2026-05-14 12:55:07,507 [INFO]   Ep  170/1500 | scenario=OFFPEAK | R=-0.1222 (avg50=-0.1430) | Q=0.117 W=0.132 | π=-0.0006 V=0.0723 | H=[J0=0.721 J1=0.666 J2=0.125 J3=0.695 J4=0.636] | LR=2.91e-04 | 20.8s | ep0169 | OFFPEAK | flow=362 veh/hr | duration=339 steps
2026-05-14 12:57:48,822 [INFO]   Ep  180/1500 | scenario=OFFPEAK | R=-0.1184 (avg50=-0.1349) | Q=0.103 W=0.136 | π=-0.0009 V=0.0757 | H=[J0=0.598 J1=0.592 J2=0.095 J3=0.615 J4=0.501] | LR=2.90e-04 | 21.5s | ep0179 | OFFPEAK | flow=341 veh/hr | duration=395 steps
2026-05-14 13:00:04,498 [INFO]   Ep  190/1500 | scenario=OFFPEAK | R=-0.0930 (avg50=-0.1300) | Q=0.086 W=0.134 | π=-0.0020 V=0.1229 | H=[J0=0.616 J1=0.608 J2=0.200 J3=0.623 J4=0.493] | LR=2.89e-04 | 13.1s | ep0189 | OFFPEAK | flow=334 veh/hr | duration=402 steps
2026-05-14 13:02:17,844 [INFO]   Ep  200/1500 | scenario=OFFPEAK | R=-0.1378 (avg50=-0.1240) | Q=0.136 W=0.136 | π=-0.0018 V=0.1524 | H=[J0=0.534 J1=0.574 J2=0.219 J3=0.592 J4=0.425] | LR=2.88e-04 | 16.4s | ep0199 | OFFPEAK | flow=458 veh/hr | duration=430 steps
2026-05-14 13:02:17,861 [INFO]   → Checkpoint saved: X:\Yeni klasör\TraFixV5\trafix_v5\checkpoints\stage3_ep200.pt
2026-05-14 13:04:56,361 [INFO]   Ep  210/1500 | scenario=MORNING_PEAK | R=-0.3370 (avg50=-0.1567) | Q=0.480 W=0.132 | π=-0.0025 V=0.1835 | H=[J0=0.668 J1=0.569 J2=0.225 J3=0.498 J4=0.485] | LR=2.86e-04 | 16.5s | ep0209 | MORNING_PEAK | main=1174 veh/hr | side=210 veh/hr | duration=359 steps
2026-05-14 13:07:29,695 [INFO]   Ep  220/1500 | scenario=OFFPEAK | R=-0.1021 (avg50=-0.1706) | Q=0.091 W=0.132 | π=-0.0014 V=0.2456 | H=[J0=0.616 J1=0.613 J2=0.333 J3=0.499 J4=0.439] | LR=2.85e-04 | 14.7s | ep0219 | OFFPEAK | flow=277 veh/hr | duration=311 steps
2026-05-14 13:09:51,655 [INFO]   Ep  230/1500 | scenario=OFFPEAK | R=-0.1154 (avg50=-0.1893) | Q=0.113 W=0.137 | π=-0.0019 V=0.1939 | H=[J0=0.532 J1=0.514 J2=0.287 J3=0.506 J4=0.435] | LR=2.84e-04 | 12.9s | ep0229 | OFFPEAK | flow=442 veh/hr | duration=398 steps
2026-05-14 13:12:15,842 [INFO]   Ep  240/1500 | scenario=OFFPEAK | R=-0.0781 (avg50=-0.1973) | Q=0.067 W=0.137 | π=-0.0005 V=0.2049 | H=[J0=0.690 J1=0.520 J2=0.176 J3=0.505 J4=0.294] | LR=2.82e-04 | 11.1s | ep0239 | OFFPEAK | flow=216 veh/hr | duration=435 steps
2026-05-14 13:15:26,653 [INFO]   Ep  250/1500 | scenario=EVENING_PEAK | R=-0.2151 (avg50=-0.2181) | Q=0.202 W=0.133 | π=-0.0034 V=0.2584 | H=[J0=0.609 J1=0.511 J2=0.455 J3=0.603 J4=0.477] | LR=2.81e-04 | 15.2s | ep0249 | EVENING_PEAK | main=933 veh/hr | side=113 veh/hr | duration=368 steps
2026-05-14 13:18:13,487 [INFO]   Ep  260/1500 | scenario=MORNING_PEAK | R=-0.3258 (avg50=-0.1971) | Q=0.285 W=0.134 | π=-0.0008 V=0.0999 | H=[J0=0.577 J1=0.473 J2=0.137 J3=0.471 J4=0.412] | LR=2.79e-04 | 24.4s | ep0259 | MORNING_PEAK | main=905 veh/hr | side=271 veh/hr | duration=437 steps
2026-05-14 13:21:16,604 [INFO]   Ep  270/1500 | scenario=MORNING_PEAK | R=-0.2640 (avg50=-0.1997) | Q=0.264 W=0.134 | π=-0.0017 V=0.0504 | H=[J0=0.613 J1=0.559 J2=0.177 J3=0.445 J4=0.362] | LR=2.78e-04 | 21.7s | ep0269 | MORNING_PEAK | main=1160 veh/hr | side=173 veh/hr | duration=324 steps
2026-05-14 13:23:35,992 [INFO]   Ep  280/1500 | scenario=EVENING_PEAK | R=-0.2495 (avg50=-0.1915) | Q=0.296 W=0.138 | π=-0.0026 V=0.1902 | H=[J0=0.482 J1=0.388 J2=0.468 J3=0.448 J4=0.352] | LR=2.76e-04 | 14.5s | ep0279 | EVENING_PEAK | main=1184 veh/hr | side=138 veh/hr | duration=444 steps
2026-05-14 13:26:06,563 [INFO]   Ep  290/1500 | scenario=MORNING_PEAK | R=-0.2612 (avg50=-0.1957) | Q=0.306 W=0.133 | π=-0.0032 V=0.0933 | H=[J0=0.517 J1=0.495 J2=0.227 J3=0.351 J4=0.198] | LR=2.74e-04 | 15.7s | ep0289 | MORNING_PEAK | main=839 veh/hr | side=272 veh/hr | duration=386 steps
2026-05-14 13:28:28,686 [INFO]   Ep  300/1500 | scenario=MORNING_PEAK | R=-0.2922 (avg50=-0.1840) | Q=0.279 W=0.134 | π=-0.0014 V=0.1389 | H=[J0=0.570 J1=0.513 J2=0.202 J3=0.260 J4=0.169] | LR=2.72e-04 | 18.1s | ep0299 | MORNING_PEAK | main=1183 veh/hr | side=188 veh/hr | duration=496 steps
2026-05-14 13:28:28,754 [INFO]   → Checkpoint saved: X:\Yeni klasör\TraFixV5\trafix_v5\checkpoints\stage3_ep300.pt
2026-05-14 13:30:39,693 [INFO]   Ep  310/1500 | scenario=OFFPEAK | R=-0.0875 (avg50=-0.1742) | Q=0.080 W=0.135 | π=-0.0010 V=0.1367 | H=[J0=0.607 J1=0.433 J2=0.331 J3=0.371 J4=0.203] | LR=2.71e-04 | 9.2s | ep0309 | OFFPEAK | flow=209 veh/hr | duration=425 steps
2026-05-14 13:32:40,578 [INFO]   Ep  320/1500 | scenario=OFFPEAK | R=-0.1033 (avg50=-0.1606) | Q=0.096 W=0.135 | π=-0.0007 V=0.2453 | H=[J0=0.569 J1=0.535 J2=0.280 J3=0.425 J4=0.263] | LR=2.69e-04 | 11.7s | ep0319 | OFFPEAK | flow=468 veh/hr | duration=340 steps
2026-05-14 13:34:47,391 [INFO]   Ep  330/1500 | scenario=MORNING_PEAK | R=-0.2025 (avg50=-0.1594) | Q=0.233 W=0.135 | π=-0.0043 V=0.2312 | H=[J0=0.518 J1=0.513 J2=0.271 J3=0.343 J4=0.260] | LR=2.67e-04 | 13.4s | ep0329 | MORNING_PEAK | main=826 veh/hr | side=283 veh/hr | duration=396 steps
2026-05-14 13:36:54,213 [INFO]   Ep  340/1500 | scenario=EVENING_PEAK | R=-0.1993 (avg50=-0.1543) | Q=0.201 W=0.136 | π=-0.0016 V=0.3076 | H=[J0=0.374 J1=0.421 J2=0.340 J3=0.498 J4=0.269] | LR=2.65e-04 | 13.8s | ep0339 | EVENING_PEAK | main=969 veh/hr | side=226 veh/hr | duration=351 steps
2026-05-14 13:39:13,870 [INFO]   Ep  350/1500 | scenario=EVENING_PEAK | R=-0.1892 (avg50=-0.1593) | Q=0.198 W=0.138 | π=-0.0024 V=0.2829 | H=[J0=0.470 J1=0.423 J2=0.255 J3=0.447 J4=0.268] | LR=2.63e-04 | 14.0s | ep0349 | EVENING_PEAK | main=892 veh/hr | side=249 veh/hr | duration=490 steps
2026-05-14 13:41:27,991 [INFO]   Ep  360/1500 | scenario=OFFPEAK | R=-0.0665 (avg50=-0.1624) | Q=0.053 W=0.140 | π=-0.0010 V=0.1812 | H=[J0=0.371 J1=0.400 J2=0.209 J3=0.328 J4=0.295] | LR=2.61e-04 | 10.4s | ep0359 | OFFPEAK | flow=222 veh/hr | duration=440 steps
2026-05-14 13:43:28,242 [INFO]   Ep  370/1500 | scenario=MORNING_PEAK | R=-0.1849 (avg50=-0.1588) | Q=0.258 W=0.137 | π=-0.0021 V=0.2077 | H=[J0=0.486 J1=0.351 J2=0.215 J3=0.324 J4=0.256] | LR=2.59e-04 | 16.5s | ep0369 | MORNING_PEAK | main=1164 veh/hr | side=234 veh/hr | duration=352 steps
2026-05-14 13:45:37,555 [INFO]   Ep  380/1500 | scenario=MORNING_PEAK | R=-0.1956 (avg50=-0.1536) | Q=0.260 W=0.134 | π=-0.0017 V=0.2314 | H=[J0=0.462 J1=0.433 J2=0.210 J3=0.396 J4=0.296] | LR=2.57e-04 | 13.7s | ep0379 | MORNING_PEAK | main=1027 veh/hr | side=298 veh/hr | duration=374 steps
2026-05-14 13:47:47,041 [INFO]   Ep  390/1500 | scenario=EVENING_PEAK | R=-0.1815 (avg50=-0.1513) | Q=0.149 W=0.136 | π=-0.0015 V=0.2871 | H=[J0=0.404 J1=0.415 J2=0.151 J3=0.449 J4=0.252] | LR=2.54e-04 | 14.4s | ep0389 | EVENING_PEAK | main=890 veh/hr | side=111 veh/hr | duration=380 steps
2026-05-14 13:49:56,926 [INFO]   Ep  400/1500 | scenario=OFFPEAK | R=-0.0945 (avg50=-0.1439) | Q=0.094 W=0.138 | π=-0.0024 V=0.2156 | H=[J0=0.413 J1=0.340 J2=0.189 J3=0.342 J4=0.230] | LR=2.52e-04 | 11.8s | ep0399 | OFFPEAK | flow=482 veh/hr | duration=385 steps
2026-05-14 13:49:56,937 [INFO]   → Checkpoint saved: X:\Yeni klasör\TraFixV5\trafix_v5\checkpoints\stage3_ep400.pt
2026-05-14 13:52:02,046 [INFO]   Ep  410/1500 | scenario=OFFPEAK | R=-0.0844 (avg50=-0.1426) | Q=0.087 W=0.141 | π=-0.0033 V=0.2451 | H=[J0=0.423 J1=0.281 J2=0.171 J3=0.367 J4=0.266] | LR=2.50e-04 | 9.6s | ep0409 | OFFPEAK | flow=395 veh/hr | duration=497 steps
2026-05-14 13:54:09,810 [INFO]   Ep  420/1500 | scenario=MORNING_PEAK | R=-0.1542 (avg50=-0.1456) | Q=0.154 W=0.137 | π=-0.0008 V=0.2148 | H=[J0=0.478 J1=0.404 J2=0.123 J3=0.285 J4=0.191] | LR=2.48e-04 | 17.9s | ep0419 | MORNING_PEAK | main=850 veh/hr | side=118 veh/hr | duration=453 steps
2026-05-14 13:56:30,188 [INFO]   Ep  430/1500 | scenario=OFFPEAK | R=-0.0943 (avg50=-0.1508) | Q=0.092 W=0.142 | π=-0.0012 V=0.2678 | H=[J0=0.279 J1=0.178 J2=0.165 J3=0.307 J4=0.120] | LR=2.45e-04 | 11.4s | ep0429 | OFFPEAK | flow=480 veh/hr | duration=431 steps
2026-05-14 13:58:50,998 [INFO]   Ep  440/1500 | scenario=EVENING_PEAK | R=-0.2339 (avg50=-0.1508) | Q=0.219 W=0.142 | π=-0.0018 V=0.1937 | H=[J0=0.408 J1=0.338 J2=0.093 J3=0.293 J4=0.147] | LR=2.43e-04 | 13.8s | ep0439 | EVENING_PEAK | main=1129 veh/hr | side=105 veh/hr | duration=334 steps
2026-05-14 14:01:04,986 [INFO]   Ep  450/1500 | scenario=EVENING_PEAK | R=-0.2039 (avg50=-0.1516) | Q=0.194 W=0.143 | π=-0.0014 V=0.2208 | H=[J0=0.341 J1=0.366 J2=0.159 J3=0.319 J4=0.144] | LR=2.40e-04 | 13.8s | ep0449 | EVENING_PEAK | main=872 veh/hr | side=262 veh/hr | duration=485 steps
2026-05-14 14:03:11,651 [INFO]   Ep  460/1500 | scenario=MORNING_PEAK | R=-0.2050 (avg50=-0.1471) | Q=0.239 W=0.135 | π=-0.0023 V=0.2541 | H=[J0=0.446 J1=0.370 J2=0.163 J3=0.289 J4=0.175] | LR=2.38e-04 | 13.9s | ep0459 | MORNING_PEAK | main=1186 veh/hr | side=114 veh/hr | duration=303 steps
2026-05-14 14:05:28,362 [INFO]   Ep  470/1500 | scenario=OFFPEAK | R=-0.0706 (avg50=-0.1510) | Q=0.058 W=0.140 | π=-0.0021 V=0.2318 | H=[J0=0.438 J1=0.245 J2=0.165 J3=0.218 J4=0.117] | LR=2.35e-04 | 12.5s | ep0469 | OFFPEAK | flow=274 veh/hr | duration=433 steps
2026-05-14 14:07:50,808 [INFO]   Ep  480/1500 | scenario=EVENING_PEAK | R=-0.2015 (avg50=-0.1519) | Q=0.232 W=0.141 | π=-0.0035 V=0.1851 | H=[J0=0.368 J1=0.358 J2=0.167 J3=0.358 J4=0.163] | LR=2.33e-04 | 13.4s | ep0479 | EVENING_PEAK | main=905 veh/hr | side=278 veh/hr | duration=457 steps
2026-05-14 14:09:47,768 [INFO]   Ep  490/1500 | scenario=OFFPEAK | R=-0.0955 (avg50=-0.1403) | Q=0.089 W=0.146 | π=-0.0010 V=0.1499 | H=[J0=0.462 J1=0.211 J2=0.157 J3=0.186 J4=0.070] | LR=2.30e-04 | 10.8s | ep0489 | OFFPEAK | flow=336 veh/hr | duration=402 steps
2026-05-14 14:12:09,270 [INFO]   Ep  500/1500 | scenario=OFFPEAK | R=-0.0679 (avg50=-0.1426) | Q=0.060 W=0.144 | π=-0.0007 V=0.1647 | H=[J0=0.357 J1=0.128 J2=0.155 J3=0.167 J4=0.072] | LR=2.28e-04 | 9.0s | ep0499 | OFFPEAK | flow=234 veh/hr | duration=395 steps
2026-05-14 14:12:09,285 [INFO]   → Checkpoint saved: X:\Yeni klasör\TraFixV5\trafix_v5\checkpoints\stage3_ep500.pt
2026-05-14 14:14:24,558 [INFO]   Ep  510/1500 | scenario=EVENING_PEAK | R=-0.2389 (avg50=-0.1503) | Q=0.260 W=0.144 | π=-0.0014 V=0.2119 | H=[J0=0.339 J1=0.393 J2=0.117 J3=0.308 J4=0.095] | LR=2.25e-04 | 13.1s | ep0509 | EVENING_PEAK | main=825 veh/hr | side=229 veh/hr | duration=397 steps
2026-05-14 14:17:02,987 [INFO]   Ep  520/1500 | scenario=OFFPEAK | R=-0.0786 (avg50=-0.1559) | Q=0.079 W=0.146 | π=-0.0017 V=0.1663 | H=[J0=0.415 J1=0.211 J2=0.136 J3=0.189 J4=0.074] | LR=2.22e-04 | 11.3s | ep0519 | OFFPEAK | flow=321 veh/hr | duration=319 steps
2026-05-14 14:19:54,388 [INFO]   Ep  530/1500 | scenario=INCIDENT | R=-0.0732 (avg50=-0.1577) | Q=0.034 W=0.142 | π=-0.0011 V=0.1837 | H=[J0=0.418 J1=0.409 J2=0.092 J3=0.212 J4=0.085] | LR=2.20e-04 | 14.1s | ep0529 | INCIDENT | flow=378 veh/hr | junction=J3 | onset=91s | block=83s | duration=469 steps
2026-05-14 14:22:34,075 [INFO]   Ep  540/1500 | scenario=EVENING_PEAK | R=-0.2481 (avg50=-0.1780) | Q=0.256 W=0.141 | π=-0.0007 V=0.0798 | H=[J0=0.393 J1=0.400 J2=0.161 J3=0.339 J4=0.020] | LR=2.17e-04 | 23.5s | ep0539 | EVENING_PEAK | main=1039 veh/hr | side=123 veh/hr | duration=477 steps
2026-05-14 14:24:55,168 [INFO]   Ep  550/1500 | scenario=OFFPEAK | R=-0.0933 (avg50=-0.1726) | Q=0.081 W=0.138 | π=-0.0018 V=0.2833 | H=[J0=0.439 J1=0.498 J2=0.104 J3=0.187 J4=0.155] | LR=2.14e-04 | 12.1s | ep0549 | OFFPEAK | flow=468 veh/hr | duration=316 steps
2026-05-14 14:27:17,490 [INFO]   Ep  560/1500 | scenario=INCIDENT | R=-0.0581 (avg50=-0.1620) | Q=0.021 W=0.141 | π=-0.0011 V=0.1583 | H=[J0=0.365 J1=0.516 J2=0.102 J3=0.261 J4=0.140] | LR=2.11e-04 | 10.6s | ep0559 | INCIDENT | flow=207 veh/hr | junction=J2 | onset=223s | block=78s | duration=472 steps
2026-05-14 14:29:58,681 [INFO]   Ep  570/1500 | scenario=MORNING_PEAK | R=-0.3122 (avg50=-0.1715) | Q=0.421 W=0.139 | π=-0.0029 V=0.1456 | H=[J0=0.395 J1=0.455 J2=0.128 J3=0.239 J4=0.334] | LR=2.09e-04 | 15.4s | ep0569 | MORNING_PEAK | main=1037 veh/hr | side=195 veh/hr | duration=345 steps
2026-05-14 14:32:49,263 [INFO]   Ep  580/1500 | scenario=EVENING_PEAK | R=-0.2499 (avg50=-0.1749) | Q=0.252 W=0.144 | π=-0.0010 V=0.0444 | H=[J0=0.352 J1=0.467 J2=0.183 J3=0.381 J4=0.016] | LR=2.06e-04 | 23.6s | ep0579 | EVENING_PEAK | main=845 veh/hr | side=175 veh/hr | duration=302 steps
2026-05-14 14:35:33,513 [INFO]   Ep  590/1500 | scenario=EVENING_PEAK | R=-0.2843 (avg50=-0.1719) | Q=0.313 W=0.143 | π=-0.0012 V=0.0664 | H=[J0=0.350 J1=0.429 J2=0.163 J3=0.336 J4=0.011] | LR=2.03e-04 | 23.8s | ep0589 | EVENING_PEAK | main=1121 veh/hr | side=249 veh/hr | duration=392 steps
2026-05-14 14:38:13,215 [INFO]   Ep  600/1500 | scenario=INCIDENT | R=-0.0618 (avg50=-0.1804) | Q=0.024 W=0.147 | π=-0.0007 V=0.2284 | H=[J0=0.275 J1=0.388 J2=0.057 J3=0.161 J4=0.131] | LR=2.00e-04 | 12.1s | ep0599 | INCIDENT | flow=498 veh/hr | junction=J1 | onset=184s | block=51s | duration=491 steps
2026-05-14 14:38:13,238 [INFO]   → Checkpoint saved: X:\Yeni klasör\TraFixV5\trafix_v5\checkpoints\stage3_ep600.pt
2026-05-14 14:41:07,734 [INFO]   Ep  610/1500 | scenario=OFFPEAK | R=-0.1085 (avg50=-0.1938) | Q=0.106 W=0.144 | π=-0.0026 V=0.1760 | H=[J0=0.315 J1=0.425 J2=0.157 J3=0.310 J4=0.263] | LR=1.97e-04 | 12.5s | ep0609 | OFFPEAK | flow=456 veh/hr | duration=333 steps
2026-05-14 14:43:45,641 [INFO]   Ep  620/1500 | scenario=OFFPEAK | R=-0.0837 (avg50=-0.1836) | Q=0.080 W=0.145 | π=-0.0019 V=0.2094 | H=[J0=0.295 J1=0.425 J2=0.099 J3=0.242 J4=0.161] | LR=1.94e-04 | 9.9s | ep0619 | OFFPEAK | flow=386 veh/hr | duration=424 steps
2026-05-14 14:46:25,238 [INFO]   Ep  630/1500 | scenario=OFFPEAK | R=-0.0691 (avg50=-0.1783) | Q=0.047 W=0.143 | π=-0.0025 V=0.1693 | H=[J0=0.392 J1=0.459 J2=0.126 J3=0.276 J4=0.169] | LR=1.91e-04 | 17.2s | ep0629 | OFFPEAK | flow=209 veh/hr | duration=322 steps
2026-05-14 14:48:56,766 [INFO]   Ep  640/1500 | scenario=MORNING_PEAK | R=-0.1921 (avg50=-0.1752) | Q=0.178 W=0.139 | π=-0.0051 V=0.1731 | H=[J0=0.451 J1=0.378 J2=0.121 J3=0.179 J4=0.161] | LR=1.88e-04 | 13.2s | ep0639 | MORNING_PEAK | main=826 veh/hr | side=146 veh/hr | duration=488 steps
2026-05-14 14:51:54,162 [INFO]   Ep  650/1500 | scenario=EVENING_PEAK | R=-0.2494 (avg50=-0.1809) | Q=0.256 W=0.141 | π=-0.0004 V=0.0803 | H=[J0=0.386 J1=0.438 J2=0.166 J3=0.346 J4=0.005] | LR=1.85e-04 | 23.8s | ep0649 | EVENING_PEAK | main=889 veh/hr | side=154 veh/hr | duration=342 steps
2026-05-14 14:54:36,274 [INFO]   Ep  660/1500 | scenario=MORNING_PEAK | R=-0.1752 (avg50=-0.1792) | Q=0.240 W=0.139 | π=0.0373 V=0.1489 | H=[J0=0.440 J1=0.281 J2=0.079 J3=0.168 J4=0.158] | LR=1.82e-04 | 13.5s | ep0659 | MORNING_PEAK | main=1048 veh/hr | side=184 veh/hr | duration=375 steps
2026-05-14 14:56:56,832 [INFO]   Ep  670/1500 | scenario=OFFPEAK | R=-0.0966 (avg50=-0.1748) | Q=0.095 W=0.142 | π=-0.0008 V=0.1949 | H=[J0=0.364 J1=0.360 J2=0.124 J3=0.222 J4=0.119] | LR=1.79e-04 | 11.9s | ep0669 | OFFPEAK | flow=470 veh/hr | duration=466 steps
2026-05-14 15:00:35,928 [INFO]   Ep  680/1500 | scenario=EVENING_PEAK | R=-0.2700 (avg50=-0.1946) | Q=0.292 W=0.139 | π=-0.0007 V=0.0566 | H=[J0=0.390 J1=0.393 J2=0.193 J3=0.354 J4=0.015] | LR=1.76e-04 | 23.6s | ep0679 | EVENING_PEAK | main=857 veh/hr | side=287 veh/hr | duration=309 steps
2026-05-14 15:03:43,315 [INFO]   Ep  690/1500 | scenario=EVENING_PEAK | R=-0.3294 (avg50=-0.2038) | Q=0.316 W=0.139 | π=-0.0006 V=0.0404 | H=[J0=0.370 J1=0.383 J2=0.193 J3=0.334 J4=0.006] | LR=1.73e-04 | 23.9s | ep0689 | EVENING_PEAK | main=831 veh/hr | side=268 veh/hr | duration=417 steps
2026-05-14 15:06:38,478 [INFO]   Ep  700/1500 | scenario=EVENING_PEAK | R=-0.2843 (avg50=-0.2018) | Q=0.300 W=0.142 | π=-0.0011 V=0.0630 | H=[J0=0.346 J1=0.339 J2=0.178 J3=0.294 J4=0.010] | LR=1.70e-04 | 23.7s | ep0699 | EVENING_PEAK | main=997 veh/hr | side=201 veh/hr | duration=370 steps
2026-05-14 15:06:38,493 [INFO]   → Checkpoint saved: X:\Yeni klasör\TraFixV5\trafix_v5\checkpoints\stage3_ep700.pt
2026-05-14 15:09:05,117 [INFO]   Ep  710/1500 | scenario=OFFPEAK | R=-0.0642 (avg50=-0.1933) | Q=0.058 W=0.145 | π=-0.0038 V=0.2269 | H=[J0=0.322 J1=0.349 J2=0.141 J3=0.162 J4=0.132] | LR=1.67e-04 | 13.0s | ep0709 | OFFPEAK | flow=269 veh/hr | duration=441 steps
2026-05-14 15:11:30,959 [INFO]   Ep  720/1500 | scenario=MORNING_PEAK | R=-0.1787 (avg50=-0.1961) | Q=0.202 W=0.142 | π=-0.0012 V=0.1914 | H=[J0=0.380 J1=0.326 J2=0.103 J3=0.154 J4=0.187] | LR=1.64e-04 | 13.8s | ep0719 | MORNING_PEAK | main=856 veh/hr | side=266 veh/hr | duration=385 steps
2026-05-14 15:14:20,940 [INFO]   Ep  730/1500 | scenario=EVENING_PEAK | R=-0.2909 (avg50=-0.1829) | Q=0.303 W=0.144 | π=-0.0010 V=0.0505 | H=[J0=0.347 J1=0.308 J2=0.164 J3=0.343 J4=0.005] | LR=1.61e-04 | 23.9s | ep0729 | EVENING_PEAK | main=1025 veh/hr | side=258 veh/hr | duration=417 steps
2026-05-14 15:17:13,507 [INFO]   Ep  740/1500 | scenario=OFFPEAK | R=-0.0655 (avg50=-0.1820) | Q=0.062 W=0.146 | π=-0.0012 V=0.1949 | H=[J0=0.212 J1=0.328 J2=0.119 J3=0.137 J4=0.088] | LR=1.58e-04 | 8.4s | ep0739 | OFFPEAK | flow=264 veh/hr | duration=327 steps
2026-05-14 15:19:49,233 [INFO]   Ep  750/1500 | scenario=MORNING_PEAK | R=-0.1542 (avg50=-0.1760) | Q=0.199 W=0.144 | π=-0.0011 V=0.1806 | H=[J0=0.330 J1=0.309 J2=0.109 J3=0.134 J4=0.149] | LR=1.55e-04 | 18.0s | ep0749 | MORNING_PEAK | main=1028 veh/hr | side=264 veh/hr | duration=467 steps
2026-05-14 15:22:23,116 [INFO]   Ep  760/1500 | scenario=EVENING_PEAK | R=-0.3206 (avg50=-0.1822) | Q=0.308 W=0.143 | π=-0.0005 V=0.0472 | H=[J0=0.232 J1=0.264 J2=0.105 J3=0.223 J4=0.006] | LR=1.52e-04 | 23.7s | ep0759 | EVENING_PEAK | main=945 veh/hr | side=279 veh/hr | duration=423 steps
2026-05-14 15:25:32,205 [INFO]   Ep  770/1500 | scenario=EVENING_PEAK | R=-0.3141 (avg50=-0.1922) | Q=0.309 W=0.145 | π=-0.0005 V=0.0483 | H=[J0=0.217 J1=0.204 J2=0.100 J3=0.372 J4=0.001] | LR=1.49e-04 | 23.7s | ep0769 | EVENING_PEAK | main=867 veh/hr | side=179 veh/hr | duration=445 steps
2026-05-14 15:28:22,140 [INFO]   Ep  780/1500 | scenario=OFFPEAK | R=-0.1069 (avg50=-0.1877) | Q=0.111 W=0.148 | π=-0.0010 V=0.1224 | H=[J0=0.143 J1=0.236 J2=0.080 J3=0.137 J4=0.100] | LR=1.46e-04 | 12.0s | ep0779 | OFFPEAK | flow=480 veh/hr | duration=434 steps
2026-05-14 15:30:57,072 [INFO]   Ep  790/1500 | scenario=EVENING_PEAK | R=-0.2961 (avg50=-0.1846) | Q=0.287 W=0.144 | π=-0.0008 V=0.0444 | H=[J0=0.149 J1=0.261 J2=0.119 J3=0.359 J4=0.001] | LR=1.43e-04 | 23.8s | ep0789 | EVENING_PEAK | main=1038 veh/hr | side=115 veh/hr | duration=374 steps
2026-05-14 15:33:12,317 [INFO]   Ep  800/1500 | scenario=MORNING_PEAK | R=-0.1897 (avg50=-0.1765) | Q=0.258 W=0.141 | π=-0.0016 V=0.1734 | H=[J0=0.368 J1=0.203 J2=0.081 J3=0.201 J4=0.202] | LR=1.40e-04 | 14.9s | ep0799 | MORNING_PEAK | main=1145 veh/hr | side=112 veh/hr | duration=403 steps
2026-05-14 15:33:12,355 [INFO]   → Checkpoint saved: X:\Yeni klasör\TraFixV5\trafix_v5\checkpoints\stage3_ep800.pt
2026-05-14 15:36:09,347 [INFO]   Ep  810/1500 | scenario=OFFPEAK | R=-0.0966 (avg50=-0.1760) | Q=0.096 W=0.148 | π=-0.0013 V=0.1776 | H=[J0=0.141 J1=0.273 J2=0.110 J3=0.172 J4=0.083] | LR=1.37e-04 | 13.8s | ep0809 | OFFPEAK | flow=440 veh/hr | duration=370 steps
2026-05-14 15:39:22,087 [INFO]   Ep  820/1500 | scenario=EVENING_PEAK | R=-0.3155 (avg50=-0.1736) | Q=0.322 W=0.142 | π=-0.0005 V=0.0565 | H=[J0=0.143 J1=0.294 J2=0.091 J3=0.334 J4=0.005] | LR=1.34e-04 | 23.9s | ep0819 | EVENING_PEAK | main=1161 veh/hr | side=214 veh/hr | duration=359 steps
2026-05-14 15:42:16,548 [INFO]   Ep  830/1500 | scenario=MORNING_PEAK | R=-0.2038 (avg50=-0.1754) | Q=0.231 W=0.137 | π=-0.0020 V=0.1515 | H=[J0=0.345 J1=0.249 J2=0.105 J3=0.160 J4=0.228] | LR=1.31e-04 | 13.9s | ep0829 | MORNING_PEAK | main=1115 veh/hr | side=149 veh/hr | duration=350 steps
2026-05-14 15:45:03,764 [INFO]   Ep  840/1500 | scenario=EVENING_PEAK | R=-0.3120 (avg50=-0.1698) | Q=0.287 W=0.143 | π=-0.0002 V=0.0684 | H=[J0=0.110 J1=0.273 J2=0.108 J3=0.267 J4=0.007] | LR=1.28e-04 | 23.5s | ep0839 | EVENING_PEAK | main=909 veh/hr | side=274 veh/hr | duration=455 steps
2026-05-14 15:47:29,490 [INFO]   Ep  850/1500 | scenario=INCIDENT | R=-0.0815 (avg50=-0.1733) | Q=0.042 W=0.145 | π=-0.0011 V=0.1201 | H=[J0=0.171 J1=0.259 J2=0.105 J3=0.168 J4=0.103] | LR=1.25e-04 | 12.5s | ep0849 | INCIDENT | flow=423 veh/hr | junction=J3 | onset=187s | block=117s | duration=474 steps
2026-05-14 15:50:30,746 [INFO]   Ep  860/1500 | scenario=EVENING_PEAK | R=-0.2639 (avg50=-0.1804) | Q=0.285 W=0.144 | π=-0.0006 V=0.0642 | H=[J0=0.175 J1=0.227 J2=0.092 J3=0.297 J4=0.006] | LR=1.22e-04 | 23.7s | ep0859 | EVENING_PEAK | main=1183 veh/hr | side=130 veh/hr | duration=469 steps
2026-05-14 15:52:57,161 [INFO]   Ep  870/1500 | scenario=EVENING_PEAK | R=-0.3123 (avg50=-0.1715) | Q=0.294 W=0.141 | π=-0.0005 V=0.0533 | H=[J0=0.162 J1=0.208 J2=0.098 J3=0.288 J4=0.012] | LR=1.19e-04 | 23.5s | ep0869 | EVENING_PEAK | main=976 veh/hr | side=251 veh/hr | duration=399 steps
2026-05-14 15:55:44,470 [INFO]   Ep  880/1500 | scenario=EVENING_PEAK | R=-0.2918 (avg50=-0.1691) | Q=0.310 W=0.143 | π=-0.0006 V=0.0632 | H=[J0=0.129 J1=0.285 J2=0.112 J3=0.321 J4=0.012] | LR=1.16e-04 | 23.8s | ep0879 | EVENING_PEAK | main=874 veh/hr | side=222 veh/hr | duration=314 steps
2026-05-14 15:58:19,016 [INFO]   Ep  890/1500 | scenario=EVENING_PEAK | R=-0.3098 (avg50=-0.1716) | Q=0.275 W=0.142 | π=-0.0008 V=0.0437 | H=[J0=0.064 J1=0.296 J2=0.114 J3=0.217 J4=0.012] | LR=1.13e-04 | 23.9s | ep0889 | EVENING_PEAK | main=929 veh/hr | side=221 veh/hr | duration=438 steps
2026-05-14 16:00:27,357 [INFO]   Ep  900/1500 | scenario=INCIDENT | R=-0.0946 (avg50=-0.1649) | Q=0.057 W=0.144 | π=-0.0009 V=0.1977 | H=[J0=0.128 J1=0.228 J2=0.146 J3=0.183 J4=0.123] | LR=1.10e-04 | 14.7s | ep0899 | INCIDENT | flow=372 veh/hr | junction=J4 | onset=77s | block=111s | duration=445 steps
2026-05-14 16:00:27,373 [INFO]   → Checkpoint saved: X:\Yeni klasör\TraFixV5\trafix_v5\checkpoints\stage3_ep900.pt
2026-05-14 16:02:43,790 [INFO]   Ep  910/1500 | scenario=MORNING_PEAK | R=-0.1481 (avg50=-0.1491) | Q=0.163 W=0.139 | π=-0.0009 V=0.2296 | H=[J0=0.280 J1=0.286 J2=0.069 J3=0.142 J4=0.162] | LR=1.07e-04 | 15.2s | ep0909 | MORNING_PEAK | main=958 veh/hr | side=189 veh/hr | duration=401 steps
2026-05-14 16:05:12,228 [INFO]   Ep  920/1500 | scenario=OFFPEAK | R=-0.0983 (avg50=-0.1460) | Q=0.104 W=0.143 | π=-0.0007 V=0.2094 | H=[J0=0.109 J1=0.282 J2=0.110 J3=0.224 J4=0.120] | LR=1.05e-04 | 12.2s | ep0919 | OFFPEAK | flow=454 veh/hr | duration=389 steps
2026-05-14 16:07:48,337 [INFO]   Ep  930/1500 | scenario=MORNING_PEAK | R=-0.1831 (avg50=-0.1434) | Q=0.237 W=0.140 | π=-0.0010 V=0.1725 | H=[J0=0.308 J1=0.292 J2=0.061 J3=0.087 J4=0.159] | LR=1.02e-04 | 13.4s | ep0929 | MORNING_PEAK | main=1166 veh/hr | side=187 veh/hr | duration=349 steps
2026-05-14 16:10:12,444 [INFO]   Ep  940/1500 | scenario=EVENING_PEAK | R=-0.2594 (avg50=-0.1367) | Q=0.256 W=0.142 | π=-0.0006 V=0.0585 | H=[J0=0.225 J1=0.314 J2=0.140 J3=0.315 J4=0.011] | LR=9.89e-05 | 23.6s | ep0939 | EVENING_PEAK | main=1063 veh/hr | side=189 veh/hr | duration=369 steps
2026-05-14 16:12:27,702 [INFO]   Ep  950/1500 | scenario=MORNING_PEAK | R=-0.1685 (avg50=-0.1415) | Q=0.216 W=0.138 | π=-0.0008 V=0.1789 | H=[J0=0.265 J1=0.230 J2=0.090 J3=0.165 J4=0.150] | LR=9.61e-05 | 14.3s | ep0949 | MORNING_PEAK | main=957 veh/hr | side=288 veh/hr | duration=340 steps
2026-05-14 16:15:26,492 [INFO]   Ep  960/1500 | scenario=INCIDENT | R=-0.0916 (avg50=-0.1549) | Q=0.050 W=0.146 | π=-0.0005 V=0.1212 | H=[J0=0.257 J1=0.294 J2=0.125 J3=0.209 J4=0.116] | LR=9.34e-05 | 12.4s | ep0959 | INCIDENT | flow=422 veh/hr | junction=J3 | onset=27s | block=133s | duration=362 steps
2026-05-14 16:18:05,105 [INFO]   Ep  970/1500 | scenario=EVENING_PEAK | R=-0.2550 (avg50=-0.1502) | Q=0.270 W=0.142 | π=-0.0003 V=0.0551 | H=[J0=0.224 J1=0.275 J2=0.097 J3=0.302 J4=0.008] | LR=9.06e-05 | 23.5s | ep0969 | EVENING_PEAK | main=1070 veh/hr | side=188 veh/hr | duration=476 steps
2026-05-14 16:20:27,549 [INFO]   Ep  980/1500 | scenario=INCIDENT | R=-0.0848 (avg50=-0.1436) | Q=0.040 W=0.144 | π=-0.0006 V=0.1084 | H=[J0=0.252 J1=0.294 J2=0.150 J3=0.136 J4=0.129] | LR=8.79e-05 | 12.4s | ep0979 | INCIDENT | flow=470 veh/hr | junction=J2 | onset=63s | block=55s | duration=415 steps
2026-05-14 16:22:52,705 [INFO]   Ep  990/1500 | scenario=MORNING_PEAK | R=-0.1770 (avg50=-0.1454) | Q=0.279 W=0.140 | π=-0.0006 V=0.1640 | H=[J0=0.260 J1=0.208 J2=0.045 J3=0.160 J4=0.145] | LR=8.52e-05 | 14.4s | ep0989 | MORNING_PEAK | main=1076 veh/hr | side=286 veh/hr | duration=367 steps
2026-05-14 16:25:15,232 [INFO]   Ep 1000/1500 | scenario=MORNING_PEAK | R=-0.1706 (avg50=-0.1441) | Q=0.218 W=0.140 | π=-0.0009 V=0.2261 | H=[J0=0.280 J1=0.228 J2=0.072 J3=0.155 J4=0.183] | LR=8.26e-05 | 12.6s | ep0999 | MORNING_PEAK | main=911 veh/hr | side=163 veh/hr | duration=498 steps
2026-05-14 16:25:15,252 [INFO]   → Checkpoint saved: X:\Yeni klasör\TraFixV5\trafix_v5\checkpoints\stage3_ep1000.pt
2026-05-14 16:27:46,102 [INFO]   Ep 1010/1500 | scenario=INCIDENT | R=-0.0664 (avg50=-0.1313) | Q=0.034 W=0.148 | π=-0.0011 V=0.2222 | H=[J0=0.223 J1=0.305 J2=0.138 J3=0.152 J4=0.113] | LR=8.00e-05 | 15.4s | ep1009 | INCIDENT | flow=268 veh/hr | junction=J4 | onset=34s | block=104s | duration=352 steps
2026-05-14 16:30:37,053 [INFO]   Ep 1020/1500 | scenario=EVENING_PEAK | R=-0.2507 (avg50=-0.1427) | Q=0.272 W=0.143 | π=-0.0005 V=0.0540 | H=[J0=0.184 J1=0.292 J2=0.131 J3=0.300 J4=0.010] | LR=7.74e-05 | 24.0s | ep1019 | EVENING_PEAK | main=1087 veh/hr | side=145 veh/hr | duration=404 steps
2026-05-14 16:32:47,134 [INFO]   Ep 1030/1500 | scenario=OFFPEAK | R=-0.0630 (avg50=-0.1395) | Q=0.054 W=0.146 | π=-0.0011 V=0.2350 | H=[J0=0.224 J1=0.298 J2=0.129 J3=0.136 J4=0.075] | LR=7.48e-05 | 8.7s | ep1029 | OFFPEAK | flow=244 veh/hr | duration=487 steps
2026-05-14 16:35:29,597 [INFO]   Ep 1040/1500 | scenario=OFFPEAK | R=-0.0943 (avg50=-0.1377) | Q=0.096 W=0.146 | π=-0.0005 V=0.1682 | H=[J0=0.192 J1=0.314 J2=0.094 J3=0.160 J4=0.116] | LR=7.23e-05 | 10.3s | ep1039 | OFFPEAK | flow=394 veh/hr | duration=422 steps
2026-05-14 16:37:39,997 [INFO]   Ep 1050/1500 | scenario=INCIDENT | R=-0.0383 (avg50=-0.1314) | Q=0.007 W=0.148 | π=-0.0003 V=0.2105 | H=[J0=0.169 J1=0.297 J2=0.088 J3=0.096 J4=0.061] | LR=6.98e-05 | 8.1s | ep1049 | INCIDENT | flow=266 veh/hr | junction=J0 | onset=93s | block=82s | duration=351 steps
2026-05-14 16:39:49,739 [INFO]   Ep 1060/1500 | scenario=INCIDENT | R=-0.0717 (avg50=-0.1264) | Q=0.031 W=0.148 | π=-0.0006 V=0.1683 | H=[J0=0.186 J1=0.315 J2=0.159 J3=0.130 J4=0.086] | LR=6.74e-05 | 11.2s | ep1059 | INCIDENT | flow=458 veh/hr | junction=J2 | onset=191s | block=118s | duration=451 steps
2026-05-14 16:42:29,804 [INFO]   Ep 1070/1500 | scenario=MORNING_PEAK | R=-0.2147 (avg50=-0.1221) | Q=0.348 W=0.142 | π=-0.0009 V=0.1216 | H=[J0=0.273 J1=0.196 J2=0.039 J3=0.154 J4=0.162] | LR=6.50e-05 | 14.1s | ep1069 | MORNING_PEAK | main=1175 veh/hr | side=281 veh/hr | duration=472 steps
2026-05-14 16:44:58,852 [INFO]   Ep 1080/1500 | scenario=MORNING_PEAK | R=-0.2907 (avg50=-0.1328) | Q=0.378 W=0.142 | π=-0.0006 V=0.1381 | H=[J0=0.250 J1=0.187 J2=0.071 J3=0.199 J4=0.172] | LR=6.26e-05 | 15.3s | ep1079 | MORNING_PEAK | main=1090 veh/hr | side=161 veh/hr | duration=427 steps
2026-05-14 16:47:35,726 [INFO]   Ep 1090/1500 | scenario=INCIDENT | R=-0.0935 (avg50=-0.1430) | Q=0.061 W=0.145 | π=-0.0006 V=0.1146 | H=[J0=0.211 J1=0.339 J2=0.172 J3=0.224 J4=0.121] | LR=6.03e-05 | 12.5s | ep1089 | INCIDENT | flow=458 veh/hr | junction=J3 | onset=76s | block=55s | duration=336 steps
2026-05-14 16:49:43,062 [INFO]   Ep 1100/1500 | scenario=MORNING_PEAK | R=-0.3255 (avg50=-0.1434) | Q=0.379 W=0.141 | π=-0.0014 V=0.0858 | H=[J0=0.261 J1=0.129 J2=0.041 J3=0.219 J4=0.207] | LR=5.80e-05 | 18.5s | ep1099 | MORNING_PEAK | main=1150 veh/hr | side=148 veh/hr | duration=448 steps
2026-05-14 16:49:43,089 [INFO]   → Checkpoint saved: X:\Yeni klasör\TraFixV5\trafix_v5\checkpoints\stage3_ep1100.pt
2026-05-14 16:52:59,523 [INFO]   Ep 1110/1500 | scenario=EVENING_PEAK | R=-0.2957 (avg50=-0.1766) | Q=0.333 W=0.141 | π=-0.0002 V=0.0661 | H=[J0=0.215 J1=0.348 J2=0.120 J3=0.220 J4=0.005] | LR=5.58e-05 | 23.8s | ep1109 | EVENING_PEAK | main=855 veh/hr | side=149 veh/hr | duration=343 steps
2026-05-14 16:55:52,275 [INFO]   Ep 1120/1500 | scenario=EVENING_PEAK | R=-0.3918 (avg50=-0.1836) | Q=0.422 W=0.141 | π=-0.0005 V=0.0716 | H=[J0=0.263 J1=0.305 J2=0.098 J3=0.179 J4=0.003] | LR=5.36e-05 | 24.1s | ep1119 | EVENING_PEAK | main=1006 veh/hr | side=131 veh/hr | duration=326 steps
2026-05-14 16:59:25,280 [INFO]   Ep 1130/1500 | scenario=MORNING_PEAK | R=-0.8594 (avg50=-0.2330) | Q=0.725 W=0.143 | π=-0.0013 V=0.0889 | H=[J0=0.331 J1=0.181 J2=0.025 J3=0.225 J4=0.276] | LR=5.15e-05 | 25.8s | ep1129 | MORNING_PEAK | main=977 veh/hr | side=249 veh/hr | duration=499 steps
2026-05-14 17:02:36,913 [INFO]   Ep 1140/1500 | scenario=INCIDENT | R=-0.0615 (avg50=-0.2566) | Q=0.038 W=0.147 | π=-0.0005 V=0.0881 | H=[J0=0.251 J1=0.345 J2=0.200 J3=0.181 J4=0.071] | LR=4.93e-05 | 12.0s | ep1139 | INCIDENT | flow=218 veh/hr | junction=J1 | onset=45s | block=74s | duration=433 steps
2026-05-14 17:05:45,074 [INFO]   Ep 1150/1500 | scenario=MORNING_PEAK | R=-0.3100 (avg50=-0.2819) | Q=0.297 W=0.142 | π=-0.0008 V=0.0462 | H=[J0=0.247 J1=0.157 J2=0.034 J3=0.427 J4=0.138] | LR=4.73e-05 | 23.7s | ep1149 | MORNING_PEAK | main=802 veh/hr | side=156 veh/hr | duration=307 steps
2026-05-14 17:08:31,723 [INFO]   Ep 1160/1500 | scenario=MORNING_PEAK | R=-0.4745 (avg50=-0.2739) | Q=0.480 W=0.143 | π=-0.0008 V=0.0979 | H=[J0=0.181 J1=0.204 J2=0.053 J3=0.281 J4=0.161] | LR=4.53e-05 | 24.5s | ep1159 | MORNING_PEAK | main=1072 veh/hr | side=239 veh/hr | duration=496 steps
2026-05-14 17:10:53,331 [INFO]   Ep 1170/1500 | scenario=INCIDENT | R=-0.0402 (avg50=-0.2637) | Q=0.008 W=0.149 | π=-0.0003 V=0.2216 | H=[J0=0.139 J1=0.310 J2=0.129 J3=0.134 J4=0.083] | LR=4.33e-05 | 10.9s | ep1169 | INCIDENT | flow=332 veh/hr | junction=J0 | onset=52s | block=76s | duration=320 steps
2026-05-14 17:13:23,828 [INFO]   Ep 1180/1500 | scenario=MORNING_PEAK | R=-0.6023 (avg50=-0.2189) | Q=0.579 W=0.141 | π=-0.0009 V=0.1879 | H=[J0=0.211 J1=0.152 J2=0.064 J3=0.217 J4=0.209] | LR=4.14e-05 | 19.2s | ep1179 | MORNING_PEAK | main=1050 veh/hr | side=274 veh/hr | duration=382 steps
2026-05-14 17:15:55,685 [INFO]   Ep 1190/1500 | scenario=OFFPEAK | R=-0.0636 (avg50=-0.1936) | Q=0.058 W=0.145 | π=-0.0003 V=0.2124 | H=[J0=0.153 J1=0.331 J2=0.136 J3=0.155 J4=0.138] | LR=3.95e-05 | 8.4s | ep1189 | OFFPEAK | flow=249 veh/hr | duration=390 steps
2026-05-14 17:18:40,267 [INFO]   Ep 1200/1500 | scenario=INCIDENT | R=-0.0660 (avg50=-0.1784) | Q=0.025 W=0.148 | π=-0.0004 V=0.1551 | H=[J0=0.140 J1=0.314 J2=0.205 J3=0.140 J4=0.131] | LR=3.77e-05 | 11.9s | ep1199 | INCIDENT | flow=463 veh/hr | junction=J2 | onset=119s | block=143s | duration=378 steps
2026-05-14 17:18:40,296 [INFO]   → Checkpoint saved: X:\Yeni klasör\TraFixV5\trafix_v5\checkpoints\stage3_ep1200.pt
2026-05-14 17:21:24,015 [INFO]   Ep 1210/1500 | scenario=MORNING_PEAK | R=-0.4794 (avg50=-0.1741) | Q=0.372 W=0.141 | π=-0.0007 V=0.0503 | H=[J0=0.265 J1=0.141 J2=0.015 J3=0.307 J4=0.199] | LR=3.60e-05 | 24.4s | ep1209 | MORNING_PEAK | main=1187 veh/hr | side=263 veh/hr | duration=401 steps
2026-05-14 17:24:44,104 [INFO]   Ep 1220/1500 | scenario=EVENING_PEAK | R=-0.2880 (avg50=-0.2140) | Q=0.326 W=0.140 | π=-0.0002 V=0.0680 | H=[J0=0.163 J1=0.266 J2=0.120 J3=0.277 J4=0.006] | LR=3.43e-05 | 23.7s | ep1219 | EVENING_PEAK | main=1059 veh/hr | side=116 veh/hr | duration=379 steps
2026-05-14 17:28:08,248 [INFO]   Ep 1230/1500 | scenario=OFFPEAK | R=-0.1060 (avg50=-0.2507) | Q=0.108 W=0.148 | π=-0.0004 V=0.1460 | H=[J0=0.189 J1=0.334 J2=0.128 J3=0.210 J4=0.121] | LR=3.26e-05 | 12.8s | ep1229 | OFFPEAK | flow=419 veh/hr | duration=428 steps
2026-05-14 17:30:46,620 [INFO]   Ep 1240/1500 | scenario=INCIDENT | R=-0.0607 (avg50=-0.2817) | Q=0.026 W=0.148 | π=-0.0003 V=0.1325 | H=[J0=0.166 J1=0.274 J2=0.207 J3=0.130 J4=0.076] | LR=3.10e-05 | 9.0s | ep1239 | INCIDENT | flow=235 veh/hr | junction=J2 | onset=62s | block=127s | duration=466 steps
2026-05-14 17:33:11,803 [INFO]   Ep 1250/1500 | scenario=EVENING_PEAK | R=-0.3147 (avg50=-0.2909) | Q=0.332 W=0.140 | π=-0.0003 V=0.0600 | H=[J0=0.151 J1=0.279 J2=0.121 J3=0.380 J4=0.014] | LR=2.95e-05 | 23.9s | ep1249 | EVENING_PEAK | main=936 veh/hr | side=295 veh/hr | duration=424 steps
2026-05-14 17:36:24,664 [INFO]   Ep 1260/1500 | scenario=INCIDENT | R=-0.0539 (avg50=-0.2953) | Q=0.015 W=0.150 | π=-0.0001 V=0.2052 | H=[J0=0.138 J1=0.315 J2=0.163 J3=0.142 J4=0.082] | LR=2.80e-05 | 11.4s | ep1259 | INCIDENT | flow=321 veh/hr | junction=J2 | onset=114s | block=63s | duration=396 steps
2026-05-14 17:39:25,173 [INFO]   Ep 1270/1500 | scenario=OFFPEAK | R=-0.0880 (avg50=-0.2677) | Q=0.091 W=0.145 | π=-0.0002 V=0.0958 | H=[J0=0.131 J1=0.297 J2=0.106 J3=0.176 J4=0.102] | LR=2.65e-05 | 11.2s | ep1269 | OFFPEAK | flow=396 veh/hr | duration=412 steps
2026-05-14 17:42:13,660 [INFO]   Ep 1280/1500 | scenario=INCIDENT | R=-0.0764 (avg50=-0.2368) | Q=0.043 W=0.145 | π=-0.0002 V=0.2333 | H=[J0=0.124 J1=0.276 J2=0.148 J3=0.156 J4=0.155] | LR=2.51e-05 | 14.0s | ep1279 | INCIDENT | flow=321 veh/hr | junction=J4 | onset=83s | block=134s | duration=318 steps
2026-05-14 17:45:31,807 [INFO]   Ep 1290/1500 | scenario=OFFPEAK | R=-0.1030 (avg50=-0.2581) | Q=0.108 W=0.145 | π=-0.0002 V=0.1955 | H=[J0=0.128 J1=0.285 J2=0.102 J3=0.201 J4=0.090] | LR=2.38e-05 | 12.3s | ep1289 | OFFPEAK | flow=498 veh/hr | duration=313 steps
2026-05-14 17:48:35,994 [INFO]   Ep 1300/1500 | scenario=MORNING_PEAK | R=-0.7899 (avg50=-0.2810) | Q=0.731 W=0.143 | π=-0.0005 V=0.1167 | H=[J0=0.233 J1=0.171 J2=0.041 J3=0.242 J4=0.231] | LR=2.26e-05 | 25.5s | ep1299 | MORNING_PEAK | main=1170 veh/hr | side=200 veh/hr | duration=313 steps
2026-05-14 17:48:36,010 [INFO]   → Checkpoint saved: X:\Yeni klasör\TraFixV5\trafix_v5\checkpoints\stage3_ep1300.pt
2026-05-14 17:52:25,052 [INFO]   Ep 1310/1500 | scenario=MORNING_PEAK | R=-0.4934 (avg50=-0.3307) | Q=0.535 W=0.142 | π=-0.0003 V=0.1274 | H=[J0=0.216 J1=0.153 J2=0.091 J3=0.207 J4=0.195] | LR=2.13e-05 | 20.7s | ep1309 | MORNING_PEAK | main=929 veh/hr | side=146 veh/hr | duration=425 steps
2026-05-14 17:54:44,953 [INFO]   Ep 1320/1500 | scenario=OFFPEAK | R=-0.0952 (avg50=-0.3139) | Q=0.101 W=0.147 | π=-0.0003 V=0.1701 | H=[J0=0.138 J1=0.286 J2=0.122 J3=0.175 J4=0.114] | LR=2.02e-05 | 12.3s | ep1319 | OFFPEAK | flow=473 veh/hr | duration=331 steps
2026-05-14 17:57:05,264 [INFO]   Ep 1330/1500 | scenario=INCIDENT | R=-0.0624 (avg50=-0.2993) | Q=0.022 W=0.149 | π=-0.0003 V=0.1567 | H=[J0=0.119 J1=0.249 J2=0.146 J3=0.165 J4=0.108] | LR=1.91e-05 | 13.2s | ep1329 | INCIDENT | flow=400 veh/hr | junction=J2 | onset=222s | block=60s | duration=489 steps
2026-05-14 18:00:17,261 [INFO]   Ep 1340/1500 | scenario=INCIDENT | R=-0.0639 (avg50=-0.2532) | Q=0.027 W=0.149 | π=-0.0002 V=0.1874 | H=[J0=0.119 J1=0.295 J2=0.143 J3=0.147 J4=0.087] | LR=1.81e-05 | 11.7s | ep1339 | INCIDENT | flow=302 veh/hr | junction=J3 | onset=133s | block=108s | duration=303 steps
2026-05-14 18:03:08,617 [INFO]   Ep 1350/1500 | scenario=OFFPEAK | R=-0.0916 (avg50=-0.2407) | Q=0.084 W=0.146 | π=-0.0001 V=0.1823 | H=[J0=0.134 J1=0.284 J2=0.116 J3=0.164 J4=0.096] | LR=1.71e-05 | 12.7s | ep1349 | OFFPEAK | flow=436 veh/hr | duration=431 steps
2026-05-14 18:05:54,828 [INFO]   Ep 1360/1500 | scenario=OFFPEAK | R=-0.0824 (avg50=-0.1909) | Q=0.083 W=0.148 | π=-0.0001 V=0.1175 | H=[J0=0.112 J1=0.283 J2=0.106 J3=0.162 J4=0.075] | LR=1.62e-05 | 13.8s | ep1359 | OFFPEAK | flow=413 veh/hr | duration=412 steps
2026-05-14 18:08:26,993 [INFO]   Ep 1370/1500 | scenario=INCIDENT | R=-0.0521 (avg50=-0.2146) | Q=0.017 W=0.150 | π=-0.0001 V=0.2369 | H=[J0=0.119 J1=0.283 J2=0.152 J3=0.139 J4=0.068] | LR=1.53e-05 | 12.3s | ep1369 | INCIDENT | flow=287 veh/hr | junction=J2 | onset=90s | block=55s | duration=438 steps
2026-05-14 18:11:01,932 [INFO]   Ep 1380/1500 | scenario=INCIDENT | R=-0.0736 (avg50=-0.2213) | Q=0.040 W=0.149 | π=-0.0004 V=0.1254 | H=[J0=0.134 J1=0.241 J2=0.133 J3=0.173 J4=0.073] | LR=1.46e-05 | 13.1s | ep1379 | INCIDENT | flow=407 veh/hr | junction=J3 | onset=136s | block=90s | duration=356 steps
2026-05-14 18:13:53,518 [INFO]   Ep 1390/1500 | scenario=MORNING_PEAK | R=-0.9245 (avg50=-0.2212) | Q=0.698 W=0.142 | π=-0.0001 V=0.0675 | H=[J0=0.252 J1=0.120 J2=0.027 J3=0.284 J4=0.162] | LR=1.38e-05 | 25.9s | ep1389 | MORNING_PEAK | main=1183 veh/hr | side=161 veh/hr | duration=310 steps
2026-05-14 18:16:37,428 [INFO]   Ep 1400/1500 | scenario=EVENING_PEAK | R=-0.2571 (avg50=-0.2181) | Q=0.287 W=0.143 | π=-0.0001 V=0.0552 | H=[J0=0.131 J1=0.220 J2=0.161 J3=0.301 J4=0.005] | LR=1.32e-05 | 23.8s | ep1399 | EVENING_PEAK | main=1147 veh/hr | side=180 veh/hr | duration=401 steps
2026-05-14 18:16:37,465 [INFO]   → Checkpoint saved: X:\Yeni klasör\TraFixV5\trafix_v5\checkpoints\stage3_ep1400.pt
2026-05-14 18:19:15,089 [INFO]   Ep 1410/1500 | scenario=MORNING_PEAK | R=-0.5591 (avg50=-0.2162) | Q=0.424 W=0.141 | π=-0.0001 V=0.0413 | H=[J0=0.229 J1=0.093 J2=0.018 J3=0.291 J4=0.166] | LR=1.26e-05 | 24.4s | ep1409 | MORNING_PEAK | main=981 veh/hr | side=239 veh/hr | duration=322 steps
2026-05-14 18:22:17,120 [INFO]   Ep 1420/1500 | scenario=INCIDENT | R=-0.0768 (avg50=-0.2163) | Q=0.042 W=0.147 | π=-0.0000 V=0.2097 | H=[J0=0.191 J1=0.286 J2=0.131 J3=0.162 J4=0.098] | LR=1.20e-05 | 12.2s | ep1419 | INCIDENT | flow=357 veh/hr | junction=J4 | onset=218s | block=77s | duration=465 steps
2026-05-14 18:24:43,289 [INFO]   Ep 1430/1500 | scenario=OFFPEAK | R=-0.0649 (avg50=-0.2180) | Q=0.060 W=0.143 | π=-0.0001 V=0.2037 | H=[J0=0.146 J1=0.233 J2=0.121 J3=0.142 J4=0.076] | LR=1.16e-05 | 8.2s | ep1429 | OFFPEAK | flow=264 veh/hr | duration=452 steps
2026-05-14 18:28:03,232 [INFO]   Ep 1440/1500 | scenario=MORNING_PEAK | R=-0.5732 (avg50=-0.2366) | Q=0.388 W=0.141 | π=-0.0001 V=0.0431 | H=[J0=0.242 J1=0.195 J2=0.012 J3=0.326 J4=0.217] | LR=1.11e-05 | 24.4s | ep1439 | MORNING_PEAK | main=875 veh/hr | side=278 veh/hr | duration=381 steps
2026-05-14 18:30:34,089 [INFO]   Ep 1450/1500 | scenario=EVENING_PEAK | R=-0.3185 (avg50=-0.2255) | Q=0.348 W=0.143 | π=-0.0000 V=0.0700 | H=[J0=0.127 J1=0.213 J2=0.135 J3=0.238 J4=0.005] | LR=1.08e-05 | 23.6s | ep1449 | EVENING_PEAK | main=1089 veh/hr | side=113 veh/hr | duration=432 steps
2026-05-14 18:33:56,348 [INFO]   Ep 1460/1500 | scenario=MORNING_PEAK | R=-0.4894 (avg50=-0.2458) | Q=0.456 W=0.140 | π=-0.0002 V=0.0507 | H=[J0=0.155 J1=0.130 J2=0.018 J3=0.325 J4=0.138] | LR=1.05e-05 | 24.4s | ep1459 | MORNING_PEAK | main=914 veh/hr | side=241 veh/hr | duration=381 steps
2026-05-14 18:36:38,097 [INFO]   Ep 1470/1500 | scenario=MORNING_PEAK | R=-0.5225 (avg50=-0.2384) | Q=0.450 W=0.139 | π=-0.0001 V=0.0507 | H=[J0=0.171 J1=0.107 J2=0.017 J3=0.355 J4=0.180] | LR=1.03e-05 | 24.5s | ep1469 | MORNING_PEAK | main=943 veh/hr | side=246 veh/hr | duration=474 steps
2026-05-14 18:39:55,005 [INFO]   Ep 1480/1500 | scenario=OFFPEAK | R=-0.0863 (avg50=-0.2605) | Q=0.082 W=0.148 | π=-0.0004 V=0.1165 | H=[J0=0.122 J1=0.281 J2=0.112 J3=0.150 J4=0.079] | LR=1.01e-05 | 13.5s | ep1479 | OFFPEAK | flow=422 veh/hr | duration=373 steps
2026-05-14 18:41:57,027 [INFO]   Ep 1490/1500 | scenario=INCIDENT | R=-0.0424 (avg50=-0.2160) | Q=0.010 W=0.149 | π=-0.0001 V=0.1723 | H=[J0=0.146 J1=0.277 J2=0.118 J3=0.113 J4=0.054] | LR=1.00e-05 | 11.7s | ep1489 | INCIDENT | flow=459 veh/hr | junction=J0 | onset=39s | block=133s | duration=438 steps
2026-05-14 18:45:07,439 [INFO]   Ep 1500/1500 | scenario=MORNING_PEAK | R=-0.9565 (avg50=-0.2590) | Q=0.708 W=0.142 | π=-0.0001 V=0.0852 | H=[J0=0.277 J1=0.049 J2=0.007 J3=0.262 J4=0.140] | LR=1.00e-05 | 26.0s | ep1499 | MORNING_PEAK | main=1189 veh/hr | side=157 veh/hr | duration=465 steps
2026-05-14 18:45:07,477 [INFO]   → Checkpoint saved: X:\Yeni klasör\TraFixV5\trafix_v5\checkpoints\stage3_ep1500.pt
2026-05-14 18:45:07,508 [INFO]   Final model saved → X:\Yeni klasör\TraFixV5\trafix_v5\checkpoints\trafix_v5_final.pt
2026-05-14 18:45:07,508 [INFO]   Best episode reward: -0.035210
