Parsing nodes from 'X:\Yeni klasör\TraFixV5\sumo\_tmp_nodes.nod.xml' ... done.
Parsing edges from 'X:\Yeni klasör\TraFixV5\sumo\_tmp_edges.edg.xml' ... done.
 Import done:
   15 nodes loaded.
   30 edges loaded.
Removing self-loops ... done (0ms).
Removing empty nodes ... done (0ms).
   0 nodes removed.
Moving network to origin ... done (0ms).
Computing turning directions ... done (0ms).
Assigning nodes to traffic lights ... done (0ms).
Sorting nodes' edges ... done (0ms).
Computing node shapes ... done (1ms).
Computing edge shapes ... done (0ms).
Computing node types ... done (1ms).
Computing priorities ... done (0ms).
Computing approached edges ... done (0ms).
Guessing and setting roundabouts ... done (0ms).
Computing approaching lanes ... done (0ms).
Dividing of lanes on approached lanes ... done (0ms).
Processing turnarounds ... done (0ms).
Rechecking of lane endings ... done (0ms).
Computing traffic light control information ... done (0ms).
Computing node logics ... done (1ms).
Computing traffic light logics ...
 done (1ms).
 5 traffic light(s) computed.
Building inner edges ... done (2ms).
-----------------------------------------------------
Summary:
 Node type statistics:
  Unregulated junctions       : 0
  Dead-end junctions          : 10
  Priority junctions          : 0
  Right-before-left junctions : 0
  Traffic light junctions      : 5
 Network boundaries:
  Original boundary  : -160.00,-160.00,600.00,380.00
  Applied offset     : 160.00,160.00
  Converted boundary : 0.00,0.00,760.00,540.00
-----------------------------------------------------
Writing network ... done (23ms).
