2026-06-09 23:43:17,265 [INFO] ====================================================================
2026-06-09 23:43:17,266 [INFO]   TraFix v6 — Argmax-policy fine-tune (Steps 1-3)
2026-06-09 23:43:17,267 [INFO]   base ckpt   : X:\atlas\traf_lasttwo_days\trafix\trafix_v6\checkpoints\trafix_v6_final.pt
2026-06-09 23:43:17,267 [INFO]   episodes    : 400
2026-06-09 23:43:17,268 [INFO]   entropy     : 0.01 -> 0.0005 (cosine anneal)
2026-06-09 23:43:17,268 [INFO]   selection   : GREEDY argmax rollout (governor ON, overrides OFF)
2026-06-09 23:43:17,269 [INFO]   curriculum  : low-demand-heavy [('OFFPEAK', 0.45), ('MORNING_PEAK', 0.18), ('EVENING_PEAK', 0.15), ('PULSE', 0.12), ('INCIDENT', 0.1)]
2026-06-09 23:43:17,270 [INFO] ====================================================================
2026-06-09 23:43:18,931 [INFO]   loaded X:\atlas\traf_lasttwo_days\trafix\trafix_v6\checkpoints\trafix_v6_final.pt (episode=1999)
2026-06-09 23:43:18,931 [INFO]   trainable params: 27,108 / 101,476 (encoders frozen)
2026-06-09 23:44:40,004 [INFO]   BASELINE greedy: reward=-0.1231 queue=0.0448 worst_lock=0.50 peak_queue=0.0763
2026-06-09 23:44:40,004 [INFO]   high-traffic guard: peak_queue must stay < 0.0840 (baseline x 1.10)
2026-06-09 23:45:58,957 [INFO]   Ep   10/400 | MORNING_PEAK  | R=-0.1336 (avg20=-0.1025) | ent=0.0100 | 8.6s
2026-06-09 23:47:14,585 [INFO]   Ep   20/400 | MORNING_PEAK  | R=-0.1285 (avg20=-0.0913) | ent=0.0099 | 9.7s
2026-06-09 23:49:14,156 [INFO]   --- greedy eval @ep25: reward=-0.1160 queue=0.0344 worst_lock=0.53 peak_queue=0.0499 OK ---
2026-06-09 23:49:14,220 [INFO]   *** new best greedy reward=-0.1160 (worst_lock=0.53) — saved trafix_v6_argmax_best.pt ***
2026-06-09 23:49:57,024 [INFO]   Ep   30/400 | MORNING_PEAK  | R=-0.1352 (avg20=-0.0958) | ent=0.0099 | 8.8s
2026-06-09 23:51:17,889 [INFO]   Ep   40/400 | MORNING_PEAK  | R=-0.1268 (avg20=-0.1083) | ent=0.0098 | 10.2s
2026-06-09 23:52:38,552 [INFO]   Ep   50/400 | OFFPEAK       | R=-0.0617 (avg20=-0.0995) | ent=0.0097 | 9.5s
2026-06-09 23:53:50,816 [INFO]   --- greedy eval @ep50: reward=-0.1108 queue=0.0329 worst_lock=0.54 peak_queue=0.0506 OK ---
2026-06-09 23:53:50,823 [INFO]   *** new best greedy reward=-0.1108 (worst_lock=0.54) — saved trafix_v6_argmax_best.pt ***
2026-06-09 23:55:01,567 [INFO]   Ep   60/400 | MORNING_PEAK  | R=-0.1245 (avg20=-0.0924) | ent=0.0095 | 9.9s
2026-06-09 23:56:19,513 [INFO]   Ep   70/400 | EVENING_PEAK  | R=-0.1090 (avg20=-0.0906) | ent=0.0093 | 10.7s
2026-06-09 23:58:10,226 [INFO]   --- greedy eval @ep75: reward=-0.1061 queue=0.0316 worst_lock=0.53 peak_queue=0.0447 OK ---
2026-06-09 23:58:10,234 [INFO]   *** new best greedy reward=-0.1061 (worst_lock=0.53) — saved trafix_v6_argmax_best.pt ***
2026-06-09 23:58:49,600 [INFO]   Ep   80/400 | EVENING_PEAK  | R=-0.1333 (avg20=-0.0816) | ent=0.0091 | 9.3s
2026-06-10 00:00:11,415 [INFO]   Ep   90/400 | OFFPEAK       | R=-0.0726 (avg20=-0.0732) | ent=0.0089 | 9.0s
2026-06-10 00:01:37,860 [INFO]   Ep  100/400 | OFFPEAK       | R=-0.0738 (avg20=-0.0917) | ent=0.0086 | 8.0s
2026-06-10 00:02:46,219 [INFO]   --- greedy eval @ep100: reward=-0.1079 queue=0.0332 worst_lock=0.53 peak_queue=0.0503 OK ---
2026-06-10 00:04:08,130 [INFO]   Ep  110/400 | OFFPEAK       | R=-0.0499 (avg20=-0.0979) | ent=0.0084 | 7.1s
2026-06-10 00:05:16,385 [INFO]   Ep  120/400 | PULSE         | R=-0.0680 (avg20=-0.0716) | ent=0.0081 | 2.7s
2026-06-10 00:06:59,239 [INFO]   --- greedy eval @ep125: reward=-0.0940 queue=0.0279 worst_lock=0.56 peak_queue=0.0356 OK ---
2026-06-10 00:06:59,246 [INFO]   *** new best greedy reward=-0.0940 (worst_lock=0.56) — saved trafix_v6_argmax_best.pt ***
2026-06-10 00:07:37,629 [INFO]   Ep  130/400 | EVENING_PEAK  | R=-0.1211 (avg20=-0.0731) | ent=0.0078 | 10.1s
2026-06-10 00:08:54,385 [INFO]   Ep  140/400 | OFFPEAK       | R=-0.0597 (avg20=-0.0824) | ent=0.0074 | 8.5s
2026-06-10 00:10:10,610 [INFO]   Ep  150/400 | EVENING_PEAK  | R=-0.1368 (avg20=-0.0857) | ent=0.0071 | 9.4s
2026-06-10 00:11:22,873 [INFO]   --- greedy eval @ep150: reward=-0.0967 queue=0.0289 worst_lock=0.55 peak_queue=0.0442 OK ---
2026-06-10 00:12:34,561 [INFO]   Ep  160/400 | OFFPEAK       | R=-0.0471 (avg20=-0.0859) | ent=0.0067 | 6.5s
2026-06-10 00:13:54,170 [INFO]   Ep  170/400 | OFFPEAK       | R=-0.0658 (avg20=-0.0848) | ent=0.0064 | 7.9s
2026-06-10 00:15:46,530 [INFO]   --- greedy eval @ep175: reward=-0.0999 queue=0.0276 worst_lock=0.55 peak_queue=0.0431 OK ---
2026-06-10 00:16:22,647 [INFO]   Ep  180/400 | PULSE         | R=-0.0874 (avg20=-0.0956) | ent=0.0060 | 2.7s
2026-06-10 00:17:33,611 [INFO]   Ep  190/400 | OFFPEAK       | R=-0.0516 (avg20=-0.0840) | ent=0.0056 | 5.2s
2026-06-10 00:18:53,922 [INFO]   Ep  200/400 | INCIDENT      | R=-0.0515 (avg20=-0.0753) | ent=0.0053 | 8.3s
2026-06-10 00:20:02,545 [INFO]   --- greedy eval @ep200: reward=-0.0922 queue=0.0272 worst_lock=0.56 peak_queue=0.0465 OK ---
2026-06-10 00:20:02,552 [INFO]   *** new best greedy reward=-0.0922 (worst_lock=0.56) — saved trafix_v6_argmax_best.pt ***
2026-06-10 00:21:11,791 [INFO]   Ep  210/400 | INCIDENT      | R=-0.0650 (avg20=-0.0821) | ent=0.0049 | 7.8s
2026-06-10 00:22:33,429 [INFO]   Ep  220/400 | PULSE         | R=-0.0886 (avg20=-0.0939) | ent=0.0045 | 5.2s
2026-06-10 00:24:17,149 [INFO]   --- greedy eval @ep225: reward=-0.0959 queue=0.0346 worst_lock=0.55 peak_queue=0.0619 OK ---
2026-06-10 00:24:59,062 [INFO]   Ep  230/400 | OFFPEAK       | R=-0.0542 (avg20=-0.0984) | ent=0.0042 | 7.1s
2026-06-10 00:26:12,252 [INFO]   Ep  240/400 | OFFPEAK       | R=-0.0678 (avg20=-0.0922) | ent=0.0038 | 8.4s
2026-06-10 00:27:36,527 [INFO]   Ep  250/400 | MORNING_PEAK  | R=-0.1260 (avg20=-0.0967) | ent=0.0034 | 11.5s
2026-06-10 00:28:44,338 [INFO]   --- greedy eval @ep250: reward=-0.1085 queue=0.0343 worst_lock=0.54 peak_queue=0.0532 OK ---
2026-06-10 00:30:12,038 [INFO]   Ep  260/400 | MORNING_PEAK  | R=-0.1340 (avg20=-0.0955) | ent=0.0031 | 9.1s
2026-06-10 00:31:33,411 [INFO]   Ep  270/400 | MORNING_PEAK  | R=-0.1357 (avg20=-0.0962) | ent=0.0028 | 9.4s
2026-06-10 00:33:22,239 [INFO]   --- greedy eval @ep275: reward=-0.0817 queue=0.0292 worst_lock=0.58 peak_queue=0.0529 OK ---
2026-06-10 00:33:22,247 [INFO]   *** new best greedy reward=-0.0817 (worst_lock=0.58) — saved trafix_v6_argmax_best.pt ***
2026-06-10 00:34:05,627 [INFO]   Ep  280/400 | INCIDENT      | R=-0.0510 (avg20=-0.0876) | ent=0.0025 | 8.5s
2026-06-10 00:35:26,366 [INFO]   Ep  290/400 | OFFPEAK       | R=-0.0504 (avg20=-0.0724) | ent=0.0022 | 7.6s
2026-06-10 00:36:56,141 [INFO]   Ep  300/400 | EVENING_PEAK  | R=-0.1489 (avg20=-0.0776) | ent=0.0019 | 9.4s
2026-06-10 00:37:55,828 [INFO]   --- greedy eval @ep300: reward=-0.0906 queue=0.0311 worst_lock=0.51 peak_queue=0.0498 OK ---
2026-06-10 00:39:11,051 [INFO]   Ep  310/400 | OFFPEAK       | R=-0.0590 (avg20=-0.0805) | ent=0.0016 | 7.8s
2026-06-10 00:40:35,657 [INFO]   Ep  320/400 | MORNING_PEAK  | R=-0.1359 (avg20=-0.0891) | ent=0.0014 | 9.9s
2026-06-10 00:42:34,296 [INFO]   --- greedy eval @ep325: reward=-0.0847 queue=0.0274 worst_lock=0.55 peak_queue=0.0480 OK ---
2026-06-10 00:43:12,463 [INFO]   Ep  330/400 | OFFPEAK       | R=-0.0545 (avg20=-0.0935) | ent=0.0012 | 7.7s
2026-06-10 00:44:31,955 [INFO]   Ep  340/400 | OFFPEAK       | R=-0.0609 (avg20=-0.0810) | ent=0.0010 | 8.1s
2026-06-10 00:45:56,735 [INFO]   Ep  350/400 | INCIDENT      | R=-0.0462 (avg20=-0.0775) | ent=0.0009 | 7.7s
2026-06-10 00:46:59,411 [INFO]   --- greedy eval @ep350: reward=-0.0914 queue=0.0352 worst_lock=0.52 peak_queue=0.0550 OK ---
2026-06-10 00:48:10,359 [INFO]   Ep  360/400 | PULSE         | R=-0.0927 (avg20=-0.0859) | ent=0.0007 | 4.2s
2026-06-10 00:49:32,237 [INFO]   Ep  370/400 | MORNING_PEAK  | R=-0.1227 (avg20=-0.0940) | ent=0.0006 | 8.8s
2026-06-10 00:51:17,477 [INFO]   --- greedy eval @ep375: reward=-0.0935 queue=0.0331 worst_lock=0.52 peak_queue=0.0617 OK ---
2026-06-10 00:51:56,803 [INFO]   Ep  380/400 | INCIDENT      | R=-0.0629 (avg20=-0.0915) | ent=0.0006 | 7.3s
2026-06-10 00:53:06,263 [INFO]   Ep  390/400 | EVENING_PEAK  | R=-0.1310 (avg20=-0.0910) | ent=0.0005 | 8.5s
2026-06-10 00:54:08,394 [INFO]   Ep  400/400 | EVENING_PEAK  | R=-0.1397 (avg20=-0.0954) | ent=0.0005 | 8.7s
2026-06-10 00:55:15,329 [INFO]   --- greedy eval @ep400: reward=-0.0825 queue=0.0295 worst_lock=0.57 peak_queue=0.0541 OK ---
2026-06-10 00:55:15,329 [INFO] ====================================================================
2026-06-10 00:55:15,329 [INFO]   done. best greedy reward=-0.0817
2026-06-10 00:55:15,329 [INFO]   best : X:\atlas\traf_lasttwo_days\trafix\trafix_v6\checkpoints\trafix_v6_argmax_best.pt
2026-06-10 00:55:15,329 [INFO]   final: X:\atlas\traf_lasttwo_days\trafix\trafix_v6\checkpoints\trafix_v6_argmax_final.pt
2026-06-10 00:55:15,329 [INFO]   Validate (Step 4) before promoting:
2026-06-10 00:55:15,329 [INFO]     .venv/bin/python tests/diagnostics/argmax_phase_distribution.py --checkpoint X:\atlas\traf_lasttwo_days\trafix\trafix_v6\checkpoints\trafix_v6_argmax_best.pt --route tests/scenarios/type1_low.rou.xml
2026-06-10 00:55:15,329 [INFO]     .venv/bin/python tests/diagnostics/argmax_phase_distribution.py --checkpoint X:\atlas\traf_lasttwo_days\trafix\trafix_v6\checkpoints\trafix_v6_argmax_best.pt --route tests/scenarios/type1_medium.rou.xml
2026-06-10 00:55:15,329 [INFO]     .venv/bin/python tests/diagnostics/high_traffic_reference.py --checkpoint X:\atlas\traf_lasttwo_days\trafix\trafix_v6\checkpoints\trafix_v6_argmax_best.pt --tag after
2026-06-10 00:55:15,329 [INFO] ====================================================================
