2026-05-16 22:34:20,252 [INFO] ============================================================
2026-05-16 22:34:20,252 [INFO]   TraFix v6 — Stage 1: GRU Pretraining
2026-05-16 22:34:20,252 [INFO] ============================================================
2026-05-16 22:34:20,252 [INFO]   obs_dim=20, traffic_feat_dim=12, T_window=10, episodes=300
2026-05-16 22:34:20,312 [INFO]   Device: cuda
2026-05-16 22:35:06,699 [INFO]   Ep  10/300 | Loss: 0.000590 | Best: 0.000590 | LR: 1.00e-03 | Steps:  177 | 4.6s | ep0009 | OFFPEAK | flow=292 veh/hr | duration=377 steps
2026-05-16 22:35:51,507 [INFO]   Ep  20/300 | Loss: 0.000831 | Best: 0.000413 | LR: 1.00e-03 | Steps:  177 | 4.8s | ep0019 | OFFPEAK | flow=432 veh/hr | duration=385 steps
2026-05-16 22:36:36,377 [INFO]   Ep  30/300 | Loss: 0.000617 | Best: 0.000413 | LR: 1.00e-03 | Steps:  167 | 4.4s | ep0029 | OFFPEAK | flow=358 veh/hr | duration=491 steps
2026-05-16 22:37:17,420 [INFO]   Ep  40/300 | Loss: 0.000607 | Best: 0.000389 | LR: 1.00e-03 | Steps:  113 | 3.2s | ep0039 | OFFPEAK | flow=263 veh/hr | duration=311 steps
2026-05-16 22:38:02,304 [INFO]   Ep  50/300 | Loss: 0.000834 | Best: 0.000389 | LR: 5.00e-04 | Steps:  177 | 4.8s | ep0049 | OFFPEAK | flow=473 veh/hr | duration=447 steps
2026-05-16 22:38:46,805 [INFO]   Ep  60/300 | Loss: 0.000533 | Best: 0.000389 | LR: 5.00e-04 | Steps:  177 | 4.6s | ep0059 | OFFPEAK | flow=308 veh/hr | duration=362 steps
2026-05-16 22:39:29,088 [INFO]   Ep  70/300 | Loss: 0.000407 | Best: 0.000376 | LR: 2.50e-04 | Steps:  134 | 3.7s | ep0069 | OFFPEAK | flow=251 veh/hr | duration=395 steps
2026-05-16 22:40:11,631 [INFO]   Ep  80/300 | Loss: 0.000480 | Best: 0.000376 | LR: 2.50e-04 | Steps:  177 | 4.6s | ep0079 | OFFPEAK | flow=289 veh/hr | duration=354 steps
2026-05-16 22:40:53,740 [INFO]   Ep  90/300 | Loss: 0.000554 | Best: 0.000362 | LR: 1.25e-04 | Steps:  174 | 4.6s | ep0089 | OFFPEAK | flow=380 veh/hr | duration=393 steps
2026-05-16 22:41:38,039 [INFO]   Ep 100/300 | Loss: 0.000788 | Best: 0.000362 | LR: 1.25e-04 | Steps:  170 | 4.6s | ep0099 | OFFPEAK | flow=499 veh/hr | duration=378 steps
2026-05-16 22:42:23,104 [INFO]   Ep 110/300 | Loss: 0.000506 | Best: 0.000362 | LR: 6.25e-05 | Steps:  177 | 4.7s | ep0109 | OFFPEAK | flow=308 veh/hr | duration=446 steps
2026-05-16 22:43:07,172 [INFO]   Ep 120/300 | Loss: 0.000713 | Best: 0.000362 | LR: 6.25e-05 | Steps:  177 | 4.7s | ep0119 | OFFPEAK | flow=417 veh/hr | duration=498 steps
2026-05-16 22:43:50,224 [INFO]   Ep 130/300 | Loss: 0.000689 | Best: 0.000341 | LR: 3.13e-05 | Steps:  177 | 4.7s | ep0129 | OFFPEAK | flow=428 veh/hr | duration=460 steps
2026-05-16 22:44:34,074 [INFO]   Ep 140/300 | Loss: 0.000657 | Best: 0.000341 | LR: 1.56e-05 | Steps:  152 | 4.1s | ep0139 | OFFPEAK | flow=377 veh/hr | duration=440 steps
2026-05-16 22:45:17,861 [INFO]   Ep 150/300 | Loss: 0.000694 | Best: 0.000341 | LR: 1.56e-05 | Steps:  177 | 4.7s | ep0149 | OFFPEAK | flow=438 veh/hr | duration=321 steps
2026-05-16 22:46:01,611 [INFO]   Ep 160/300 | Loss: 0.000570 | Best: 0.000341 | LR: 1.00e-05 | Steps:  160 | 4.3s | ep0159 | OFFPEAK | flow=361 veh/hr | duration=360 steps
2026-05-16 22:46:47,162 [INFO]   Ep 170/300 | Loss: 0.000538 | Best: 0.000341 | LR: 1.00e-05 | Steps:  177 | 4.6s | ep0169 | OFFPEAK | flow=313 veh/hr | duration=331 steps
2026-05-16 22:47:31,949 [INFO]   Ep 180/300 | Loss: 0.000450 | Best: 0.000341 | LR: 1.00e-05 | Steps:  177 | 4.6s | ep0179 | OFFPEAK | flow=279 veh/hr | duration=371 steps
2026-05-16 22:48:17,507 [INFO]   Ep 190/300 | Loss: 0.000720 | Best: 0.000341 | LR: 1.00e-05 | Steps:  177 | 4.8s | ep0189 | OFFPEAK | flow=461 veh/hr | duration=341 steps
2026-05-16 22:49:01,653 [INFO]   Ep 200/300 | Loss: 0.000507 | Best: 0.000301 | LR: 1.00e-05 | Steps:  177 | 4.5s | ep0199 | OFFPEAK | flow=307 veh/hr | duration=390 steps
2026-05-16 22:49:53,473 [INFO]   Ep 210/300 | Loss: 0.002095 | Best: 0.000301 | LR: 1.00e-05 | Steps:  177 | 5.6s | ep0209 | MORNING_PEAK | main=1155 | side=144 | duration=319
2026-05-16 22:50:47,249 [INFO]   Ep 220/300 | Loss: 0.000596 | Best: 0.000301 | LR: 1.00e-05 | Steps:  164 | 4.6s | ep0219 | OFFPEAK | flow=371 veh/hr | duration=396 steps
2026-05-16 22:51:38,525 [INFO]   Ep 230/300 | Loss: 0.000746 | Best: 0.000301 | LR: 1.00e-05 | Steps:  177 | 4.1s | ep0229 | OFFPEAK | flow=454 veh/hr | duration=498 steps
2026-05-16 22:52:21,314 [INFO]   Ep 240/300 | Loss: 0.000784 | Best: 0.000301 | LR: 1.00e-05 | Steps:  177 | 4.0s | ep0239 | OFFPEAK | flow=472 veh/hr | duration=402 steps
2026-05-16 22:53:04,251 [INFO]   Ep 250/300 | Loss: 0.000555 | Best: 0.000301 | LR: 1.00e-05 | Steps:  177 | 4.1s | ep0249 | OFFPEAK | flow=345 veh/hr | duration=310 steps
2026-05-16 22:53:46,019 [INFO]   Ep 260/300 | Loss: 0.000464 | Best: 0.000301 | LR: 1.00e-05 | Steps:  134 | 3.1s | ep0259 | OFFPEAK | flow=260 veh/hr | duration=347 steps
2026-05-16 22:54:29,241 [INFO]   Ep 270/300 | Loss: 0.002220 | Best: 0.000301 | LR: 1.00e-05 | Steps:  177 | 4.7s | ep0269 | MORNING_PEAK | main=1025 | side=228 | duration=370
2026-05-16 22:55:12,468 [INFO]   Ep 280/300 | Loss: 0.002314 | Best: 0.000301 | LR: 1.00e-05 | Steps:  177 | 4.9s | ep0279 | MORNING_PEAK | main=1163 | side=197 | duration=376
2026-05-16 22:55:56,778 [INFO]   Ep 290/300 | Loss: 0.001931 | Best: 0.000301 | LR: 1.00e-05 | Steps:  177 | 4.5s | ep0289 | EVENING_PEAK | main=938 | side=151 | duration=320
2026-05-16 22:56:38,434 [INFO]   Ep 300/300 | Loss: 0.000599 | Best: 0.000301 | LR: 1.00e-05 | Steps:  161 | 3.7s | ep0299 | OFFPEAK | flow=348 veh/hr | duration=489 steps
2026-05-16 22:56:38,434 [INFO]   Best checkpoint saved → X:\Yeni klasör\TraFixV5\trafix_v6\checkpoints\stage1_gru.pt
