2026-05-16 23:36:39,347 [INFO] ============================================================
2026-05-16 23:36:39,347 [INFO]   TraFix v6 — Stage 3: Full PPO Training
2026-05-16 23:36:39,347 [INFO]   NUM_PHASES=6, OBS_DIM=20
2026-05-16 23:36:39,347 [INFO] ============================================================
2026-05-16 23:36:39,354 [INFO]   Device: cuda
2026-05-16 23:36:39,644 [INFO]   Pretrained weights loaded: GRU, GATConv, trunk
2026-05-16 23:36:39,644 [INFO]   Total params: 101,151
2026-05-16 23:36:39,644 [INFO]   Encoders frozen until episode 100
2026-05-16 23:39:43,697 [INFO]   Ep   10/2000 | scenario=OFFPEAK | R=-0.0907 (avg50=-0.0883) | Q=0.020 W=0.104 | π=-0.0009 V=0.3558 | H=[J0=1.189 J1=1.302 J2=1.250 J3=1.237 J4=1.317] | LR=3.00e-04 | 20.9s | ep0009 | OFFPEAK | flow=407 veh/hr | duration=313 steps
2026-05-16 23:42:47,879 [INFO]   Ep   20/2000 | scenario=OFFPEAK | R=-0.0993 (avg50=-0.0901) | Q=0.024 W=0.107 | π=-0.0006 V=0.3810 | H=[J0=1.060 J1=1.218 J2=1.159 J3=1.246 J4=1.193] | LR=3.00e-04 | 18.4s | ep0019 | OFFPEAK | flow=475 veh/hr | duration=321 steps
2026-05-16 23:45:37,879 [INFO]   Ep   30/2000 | scenario=OFFPEAK | R=-0.0901 (avg50=-0.0882) | Q=0.019 W=0.108 | π=-0.0013 V=0.3107 | H=[J0=1.078 J1=1.198 J2=1.160 J3=1.241 J4=1.293] | LR=3.00e-04 | 20.1s | ep0029 | OFFPEAK | flow=427 veh/hr | duration=483 steps
2026-05-16 23:48:41,894 [INFO]   Ep   40/2000 | scenario=OFFPEAK | R=-0.0886 (avg50=-0.0881) | Q=0.019 W=0.108 | π=-0.0012 V=0.4207 | H=[J0=1.141 J1=1.209 J2=1.148 J3=1.173 J4=1.263] | LR=3.00e-04 | 21.6s | ep0039 | OFFPEAK | flow=420 veh/hr | duration=432 steps
2026-05-16 23:51:46,099 [INFO]   Ep   50/2000 | scenario=OFFPEAK | R=-0.0814 (avg50=-0.0881) | Q=0.016 W=0.109 | π=-0.0001 V=0.3236 | H=[J0=1.087 J1=1.302 J2=0.997 J3=0.960 J4=1.224] | LR=3.00e-04 | 13.3s | ep0049 | OFFPEAK | flow=248 veh/hr | duration=311 steps
2026-05-16 23:54:49,561 [INFO]   Ep   60/2000 | scenario=OFFPEAK | R=-0.0782 (avg50=-0.0867) | Q=0.015 W=0.109 | π=-0.0008 V=0.3562 | H=[J0=1.070 J1=1.250 J2=1.007 J3=0.904 J4=0.728] | LR=2.99e-04 | 11.4s | ep0059 | OFFPEAK | flow=266 veh/hr | duration=446 steps
2026-05-16 23:58:03,660 [INFO]   Ep   70/2000 | scenario=OFFPEAK | R=-0.0885 (avg50=-0.0850) | Q=0.019 W=0.110 | π=-0.0016 V=0.3538 | H=[J0=0.968 J1=1.015 J2=0.895 J3=1.046 J4=0.356] | LR=2.99e-04 | 22.6s | ep0069 | OFFPEAK | flow=413 veh/hr | duration=327 steps
2026-05-17 00:01:09,327 [INFO]   Ep   80/2000 | scenario=OFFPEAK | R=-0.0804 (avg50=-0.0855) | Q=0.015 W=0.102 | π=-0.0007 V=0.3703 | H=[J0=0.830 J1=0.518 J2=0.927 J3=1.064 J4=0.515] | LR=2.99e-04 | 18.7s | ep0079 | OFFPEAK | flow=329 veh/hr | duration=336 steps
2026-05-17 00:04:10,261 [INFO]   Ep   90/2000 | scenario=OFFPEAK | R=-0.0770 (avg50=-0.0843) | Q=0.016 W=0.106 | π=-0.0013 V=0.3212 | H=[J0=0.920 J1=1.029 J2=0.928 J3=1.131 J4=0.837] | LR=2.99e-04 | 12.3s | ep0089 | OFFPEAK | flow=266 veh/hr | duration=311 steps
2026-05-17 00:07:24,013 [INFO]   Ep  100/2000 | scenario=OFFPEAK | R=-0.0668 (avg50=-0.0829) | Q=0.011 W=0.108 | π=-0.0006 V=0.3619 | H=[J0=0.683 J1=0.475 J2=0.683 J3=1.061 J4=0.679] | LR=2.98e-04 | 15.6s | ep0099 | OFFPEAK | flow=210 veh/hr | duration=374 steps
2026-05-17 00:07:24,028 [INFO]   → Checkpoint saved: X:\Yeni klasör\TraFixV5\trafix_v6\checkpoints\stage3_ep100.pt
2026-05-17 00:07:24,028 [INFO]   Episode 100: Encoders unfrozen
2026-05-17 00:10:55,860 [INFO]   Ep  110/2000 | scenario=OFFPEAK | R=-0.0953 (avg50=-0.0838) | Q=0.022 W=0.105 | π=-0.0007 V=0.3535 | H=[J0=0.761 J1=0.505 J2=0.533 J3=1.031 J4=0.538] | LR=2.98e-04 | 19.0s | ep0109 | OFFPEAK | flow=486 veh/hr | duration=309 steps
2026-05-17 00:14:44,006 [INFO]   Ep  120/2000 | scenario=OFFPEAK | R=-0.0849 (avg50=-0.0824) | Q=0.017 W=0.109 | π=-0.0009 V=0.2813 | H=[J0=1.133 J1=0.545 J2=0.474 J3=1.037 J4=0.801] | LR=2.97e-04 | 19.6s | ep0119 | OFFPEAK | flow=358 veh/hr | duration=396 steps
2026-05-17 00:17:46,752 [INFO]   Ep  130/2000 | scenario=OFFPEAK | R=-0.0674 (avg50=-0.0811) | Q=0.012 W=0.110 | π=-0.0028 V=0.3010 | H=[J0=0.840 J1=0.388 J2=0.370 J3=0.916 J4=0.808] | LR=2.97e-04 | 13.9s | ep0129 | OFFPEAK | flow=238 veh/hr | duration=372 steps
2026-05-17 00:20:37,213 [INFO]   Ep  140/2000 | scenario=OFFPEAK | R=-0.0791 (avg50=-0.0802) | Q=0.017 W=0.110 | π=-0.0009 V=0.2750 | H=[J0=0.915 J1=0.583 J2=0.532 J3=0.988 J4=1.010] | LR=2.97e-04 | 17.2s | ep0139 | OFFPEAK | flow=359 veh/hr | duration=382 steps
2026-05-17 00:23:50,372 [INFO]   Ep  150/2000 | scenario=OFFPEAK | R=-0.0781 (avg50=-0.0804) | Q=0.016 W=0.109 | π=-0.0011 V=0.2973 | H=[J0=0.887 J1=0.581 J2=0.496 J3=0.924 J4=0.774] | LR=2.96e-04 | 17.4s | ep0149 | OFFPEAK | flow=330 veh/hr | duration=336 steps
2026-05-17 00:26:39,727 [INFO]   Ep  160/2000 | scenario=OFFPEAK | R=-0.0919 (avg50=-0.0791) | Q=0.020 W=0.104 | π=-0.0001 V=0.2952 | H=[J0=0.970 J1=0.718 J2=0.696 J3=0.905 J4=0.772] | LR=2.95e-04 | 18.9s | ep0159 | OFFPEAK | flow=465 veh/hr | duration=425 steps
2026-05-17 00:29:35,358 [INFO]   Ep  170/2000 | scenario=OFFPEAK | R=-0.0743 (avg50=-0.0797) | Q=0.015 W=0.103 | π=-0.0008 V=0.2775 | H=[J0=0.965 J1=0.594 J2=0.611 J3=0.842 J4=0.722] | LR=2.95e-04 | 16.1s | ep0169 | OFFPEAK | flow=330 veh/hr | duration=401 steps
2026-05-17 00:32:30,129 [INFO]   Ep  180/2000 | scenario=OFFPEAK | R=-0.0773 (avg50=-0.0802) | Q=0.015 W=0.103 | π=-0.0022 V=0.2518 | H=[J0=1.174 J1=0.962 J2=0.850 J3=1.057 J4=1.135] | LR=2.94e-04 | 16.5s | ep0179 | OFFPEAK | flow=366 veh/hr | duration=446 steps
2026-05-17 00:35:44,516 [INFO]   Ep  190/2000 | scenario=OFFPEAK | R=-0.0975 (avg50=-0.0825) | Q=0.022 W=0.100 | π=-0.0004 V=0.2822 | H=[J0=1.293 J1=1.243 J2=1.154 J3=1.205 J4=1.202] | LR=2.94e-04 | 19.6s | ep0189 | OFFPEAK | flow=437 veh/hr | duration=336 steps
2026-05-17 00:38:29,784 [INFO]   Ep  200/2000 | scenario=OFFPEAK | R=-0.0990 (avg50=-0.0832) | Q=0.021 W=0.100 | π=-0.0009 V=0.1567 | H=[J0=1.247 J1=1.188 J2=1.097 J3=1.190 J4=1.225] | LR=2.93e-04 | 18.1s | ep0199 | OFFPEAK | flow=463 veh/hr | duration=455 steps
2026-05-17 00:38:29,806 [INFO]   → Checkpoint saved: X:\Yeni klasör\TraFixV5\trafix_v6\checkpoints\stage3_ep200.pt
2026-05-17 00:42:43,642 [INFO]   Ep  210/2000 | scenario=OFFPEAK | R=-0.0844 (avg50=-0.1080) | Q=0.015 W=0.101 | π=0.0000 V=0.3784 | H=[J0=1.293 J1=1.380 J2=1.174 J3=1.311 J4=1.304] | LR=2.92e-04 | 17.2s | ep0209 | OFFPEAK | flow=328 veh/hr | duration=362 steps
2026-05-17 00:47:53,974 [INFO]   Ep  220/2000 | scenario=OFFPEAK | R=-0.1051 (avg50=-0.1356) | Q=0.024 W=0.101 | π=-0.0006 V=0.3752 | H=[J0=1.290 J1=1.371 J2=0.964 J3=1.323 J4=1.363] | LR=2.91e-04 | 18.3s | ep0219 | OFFPEAK | flow=487 veh/hr | duration=400 steps
2026-05-17 00:53:05,916 [INFO]   Ep  230/2000 | scenario=EVENING_PEAK | R=-0.2296 (avg50=-0.1557) | Q=0.121 W=0.107 | π=-0.0009 V=0.1323 | H=[J0=1.309 J1=1.310 J2=0.040 J3=1.389 J4=1.328] | LR=2.91e-04 | 37.6s | ep0229 | EVENING_PEAK | main=829 | side=290 | duration=434
2026-05-17 00:58:15,351 [INFO]   Ep  240/2000 | scenario=MORNING_PEAK | R=-0.2482 (avg50=-0.1778) | Q=0.128 W=0.108 | π=-0.0016 V=0.0937 | H=[J0=1.235 J1=1.402 J2=0.049 J3=1.351 J4=1.250] | LR=2.90e-04 | 38.9s | ep0239 | MORNING_PEAK | main=1138 | side=243 | duration=362
2026-05-17 01:03:37,665 [INFO]   Ep  250/2000 | scenario=OFFPEAK | R=-0.0984 (avg50=-0.1994) | Q=0.022 W=0.105 | π=-0.0010 V=0.2502 | H=[J0=1.246 J1=1.242 J2=0.886 J3=1.174 J4=1.317] | LR=2.89e-04 | 18.9s | ep0249 | OFFPEAK | flow=456 veh/hr | duration=473 steps
2026-05-17 01:08:01,029 [INFO]   Ep  260/2000 | scenario=OFFPEAK | R=-0.0877 (avg50=-0.1899) | Q=0.017 W=0.102 | π=-0.0010 V=0.3037 | H=[J0=1.265 J1=1.215 J2=0.891 J3=1.249 J4=1.356] | LR=2.88e-04 | 21.4s | ep0259 | OFFPEAK | flow=273 veh/hr | duration=404 steps
2026-05-17 01:13:52,169 [INFO]   Ep  270/2000 | scenario=EVENING_PEAK | R=-0.1941 (avg50=-0.1864) | Q=0.079 W=0.110 | π=-0.0011 V=0.1216 | H=[J0=1.246 J1=1.322 J2=0.070 J3=1.350 J4=1.389] | LR=2.87e-04 | 37.7s | ep0269 | EVENING_PEAK | main=823 | side=109 | duration=419
2026-05-17 01:18:52,242 [INFO]   Ep  280/2000 | scenario=OFFPEAK | R=-0.0797 (avg50=-0.1846) | Q=0.015 W=0.103 | π=-0.0010 V=0.2592 | H=[J0=1.299 J1=1.268 J2=0.742 J3=1.285 J4=1.304] | LR=2.86e-04 | 13.8s | ep0279 | OFFPEAK | flow=257 veh/hr | duration=355 steps
2026-05-17 01:23:29,955 [INFO]   Ep  290/2000 | scenario=EVENING_PEAK | R=-0.2803 (avg50=-0.1780) | Q=0.147 W=0.110 | π=-0.0014 V=0.1251 | H=[J0=1.198 J1=1.322 J2=0.244 J3=1.301 J4=1.347] | LR=2.85e-04 | 38.9s | ep0289 | EVENING_PEAK | main=1198 | side=287 | duration=389
2026-05-17 01:27:33,019 [INFO]   Ep  300/2000 | scenario=OFFPEAK | R=-0.0996 (avg50=-0.1685) | Q=0.024 W=0.105 | π=-0.0006 V=0.2544 | H=[J0=1.253 J1=1.324 J2=0.824 J3=1.279 J4=1.232] | LR=2.84e-04 | 17.7s | ep0299 | OFFPEAK | flow=497 veh/hr | duration=352 steps
2026-05-17 01:27:33,038 [INFO]   → Checkpoint saved: X:\Yeni klasör\TraFixV5\trafix_v6\checkpoints\stage3_ep300.pt
2026-05-17 01:31:05,634 [INFO]   Ep  310/2000 | scenario=OFFPEAK | R=-0.1044 (avg50=-0.1658) | Q=0.026 W=0.106 | π=-0.0013 V=0.2742 | H=[J0=1.274 J1=1.260 J2=0.574 J3=1.219 J4=1.177] | LR=2.83e-04 | 17.6s | ep0309 | OFFPEAK | flow=485 veh/hr | duration=444 steps
2026-05-17 01:35:40,090 [INFO]   Ep  320/2000 | scenario=EVENING_PEAK | R=-0.2138 (avg50=-0.1610) | Q=0.101 W=0.108 | π=-0.0010 V=0.1266 | H=[J0=1.212 J1=1.345 J2=0.016 J3=1.348 J4=1.135] | LR=2.82e-04 | 38.2s | ep0319 | EVENING_PEAK | main=862 | side=174 | duration=388
2026-05-17 01:40:14,649 [INFO]   Ep  330/2000 | scenario=OFFPEAK | R=-0.0802 (avg50=-0.1596) | Q=0.015 W=0.107 | π=-0.0012 V=0.3227 | H=[J0=1.249 J1=1.249 J2=0.611 J3=1.118 J4=1.187] | LR=2.81e-04 | 14.1s | ep0329 | OFFPEAK | flow=238 veh/hr | duration=352 steps
2026-05-17 01:44:57,023 [INFO]   Ep  340/2000 | scenario=MORNING_PEAK | R=-0.2251 (avg50=-0.1646) | Q=0.077 W=0.105 | π=-0.0025 V=0.3132 | H=[J0=1.348 J1=1.314 J2=0.453 J3=1.306 J4=1.116] | LR=2.80e-04 | 29.0s | ep0339 | MORNING_PEAK | main=1060 | side=216 | duration=405
2026-05-17 01:48:57,770 [INFO]   Ep  350/2000 | scenario=OFFPEAK | R=-0.0825 (avg50=-0.1680) | Q=0.017 W=0.108 | π=-0.0002 V=0.2937 | H=[J0=1.270 J1=1.289 J2=0.652 J3=1.196 J4=1.065] | LR=2.79e-04 | 18.8s | ep0349 | OFFPEAK | flow=306 veh/hr | duration=332 steps
2026-05-17 01:52:21,985 [INFO]   Ep  360/2000 | scenario=OFFPEAK | R=-0.0885 (avg50=-0.1662) | Q=0.020 W=0.106 | π=-0.0018 V=0.3072 | H=[J0=1.302 J1=1.100 J2=0.591 J3=1.095 J4=1.049] | LR=2.78e-04 | 16.2s | ep0359 | OFFPEAK | flow=377 veh/hr | duration=385 steps
2026-05-17 01:56:22,043 [INFO]   Ep  370/2000 | scenario=OFFPEAK | R=-0.0879 (avg50=-0.1666) | Q=0.019 W=0.105 | π=-0.0008 V=0.3480 | H=[J0=1.194 J1=0.925 J2=0.405 J3=0.790 J4=0.728] | LR=2.76e-04 | 18.7s | ep0369 | OFFPEAK | flow=321 veh/hr | duration=461 steps
2026-05-17 02:00:19,169 [INFO]   Ep  380/2000 | scenario=MORNING_PEAK | R=-0.2293 (avg50=-0.1697) | Q=0.071 W=0.104 | π=-0.0012 V=0.2424 | H=[J0=1.254 J1=1.303 J2=0.662 J3=1.273 J4=0.963] | LR=2.75e-04 | 25.5s | ep0379 | MORNING_PEAK | main=1151 | side=141 | duration=421
2026-05-17 02:04:21,240 [INFO]   Ep  390/2000 | scenario=MORNING_PEAK | R=-0.1928 (avg50=-0.1631) | Q=0.065 W=0.110 | π=-0.0053 V=0.1169 | H=[J0=1.142 J1=1.347 J2=0.265 J3=1.300 J4=0.905] | LR=2.74e-04 | 37.6s | ep0389 | MORNING_PEAK | main=971 | side=146 | duration=419
2026-05-17 02:08:08,660 [INFO]   Ep  400/2000 | scenario=MORNING_PEAK | R=-0.2269 (avg50=-0.1626) | Q=0.065 W=0.102 | π=-0.0020 V=0.2709 | H=[J0=1.325 J1=1.308 J2=0.641 J3=1.264 J4=1.032] | LR=2.72e-04 | 22.5s | ep0399 | MORNING_PEAK | main=1163 | side=125 | duration=350
2026-05-17 02:08:08,677 [INFO]   → Checkpoint saved: X:\Yeni klasör\TraFixV5\trafix_v6\checkpoints\stage3_ep400.pt
2026-05-17 02:11:34,299 [INFO]   Ep  410/2000 | scenario=OFFPEAK | R=-0.0871 (avg50=-0.1706) | Q=0.020 W=0.107 | π=-0.0017 V=0.3225 | H=[J0=1.252 J1=1.064 J2=0.468 J3=1.123 J4=1.011] | LR=2.71e-04 | 15.4s | ep0409 | OFFPEAK | flow=388 veh/hr | duration=410 steps
2026-05-17 02:15:37,884 [INFO]   Ep  420/2000 | scenario=OFFPEAK | R=-0.0829 (avg50=-0.1677) | Q=0.018 W=0.109 | π=-0.0010 V=0.2281 | H=[J0=1.177 J1=0.978 J2=0.426 J3=1.011 J4=0.985] | LR=2.70e-04 | 16.0s | ep0419 | OFFPEAK | flow=370 veh/hr | duration=398 steps
2026-05-17 02:19:26,690 [INFO]   Ep  430/2000 | scenario=MORNING_PEAK | R=-0.1905 (avg50=-0.1616) | Q=0.049 W=0.102 | π=-0.0010 V=0.3062 | H=[J0=1.289 J1=1.313 J2=0.656 J3=1.354 J4=1.011] | LR=2.68e-04 | 22.8s | ep0429 | MORNING_PEAK | main=890 | side=129 | duration=454
2026-05-17 02:23:03,092 [INFO]   Ep  440/2000 | scenario=MORNING_PEAK | R=-0.2180 (avg50=-0.1595) | Q=0.063 W=0.105 | π=-0.0028 V=0.3022 | H=[J0=1.287 J1=1.281 J2=0.523 J3=1.305 J4=0.944] | LR=2.67e-04 | 22.4s | ep0439 | MORNING_PEAK | main=1052 | side=160 | duration=344
2026-05-17 02:27:06,975 [INFO]   Ep  450/2000 | scenario=EVENING_PEAK | R=-0.2031 (avg50=-0.1646) | Q=0.067 W=0.105 | π=-0.0028 V=0.2315 | H=[J0=1.197 J1=1.156 J2=0.591 J3=1.335 J4=1.047] | LR=2.65e-04 | 27.9s | ep0449 | EVENING_PEAK | main=1039 | side=219 | duration=340
2026-05-17 02:30:18,849 [INFO]   Ep  460/2000 | scenario=OFFPEAK | R=-0.0838 (avg50=-0.1560) | Q=0.018 W=0.111 | π=-0.0013 V=0.3088 | H=[J0=1.032 J1=0.784 J2=0.366 J3=1.007 J4=0.885] | LR=2.64e-04 | 17.0s | ep0459 | OFFPEAK | flow=333 veh/hr | duration=367 steps
2026-05-17 02:33:43,043 [INFO]   Ep  470/2000 | scenario=EVENING_PEAK | R=-0.1969 (avg50=-0.1523) | Q=0.055 W=0.106 | π=-0.0028 V=0.3531 | H=[J0=1.270 J1=1.225 J2=0.520 J3=1.254 J4=1.109] | LR=2.62e-04 | 21.6s | ep0469 | EVENING_PEAK | main=943 | side=206 | duration=409
2026-05-17 02:37:40,261 [INFO]   Ep  480/2000 | scenario=MORNING_PEAK | R=-0.1555 (avg50=-0.1576) | Q=0.037 W=0.106 | π=-0.0007 V=0.4215 | H=[J0=1.221 J1=1.078 J2=0.702 J3=1.153 J4=0.958] | LR=2.61e-04 | 26.0s | ep0479 | MORNING_PEAK | main=842 | side=167 | duration=341
2026-05-17 02:41:10,955 [INFO]   Ep  490/2000 | scenario=OFFPEAK | R=-0.0983 (avg50=-0.1580) | Q=0.024 W=0.105 | π=-0.0021 V=0.3046 | H=[J0=1.208 J1=1.112 J2=0.673 J3=1.096 J4=0.966] | LR=2.59e-04 | 18.2s | ep0489 | OFFPEAK | flow=469 veh/hr | duration=407 steps
2026-05-17 02:44:54,218 [INFO]   Ep  500/2000 | scenario=EVENING_PEAK | R=-0.1967 (avg50=-0.1543) | Q=0.067 W=0.106 | π=-0.0020 V=0.1496 | H=[J0=1.248 J1=1.254 J2=0.497 J3=1.211 J4=1.081] | LR=2.58e-04 | 31.4s | ep0499 | EVENING_PEAK | main=888 | side=286 | duration=427
2026-05-17 02:44:54,238 [INFO]   → Checkpoint saved: X:\Yeni klasör\TraFixV5\trafix_v6\checkpoints\stage3_ep500.pt
2026-05-17 02:49:22,322 [INFO]   Ep  510/2000 | scenario=EVENING_PEAK | R=-0.2027 (avg50=-0.1667) | Q=0.062 W=0.106 | π=-0.0012 V=0.2473 | H=[J0=1.244 J1=1.266 J2=0.482 J3=1.255 J4=1.138] | LR=2.56e-04 | 25.8s | ep0509 | EVENING_PEAK | main=866 | side=273 | duration=415
2026-05-17 02:52:51,207 [INFO]   Ep  520/2000 | scenario=MORNING_PEAK | R=-0.2180 (avg50=-0.1720) | Q=0.065 W=0.102 | π=-0.0026 V=0.3160 | H=[J0=1.224 J1=1.266 J2=0.608 J3=1.158 J4=0.923] | LR=2.54e-04 | 18.6s | ep0519 | MORNING_PEAK | main=1071 | side=229 | duration=494
2026-05-17 02:55:59,600 [INFO]   Ep  530/2000 | scenario=EVENING_PEAK | R=-0.1710 (avg50=-0.1633) | Q=0.045 W=0.106 | π=-0.0013 V=0.3527 | H=[J0=1.288 J1=1.142 J2=0.737 J3=1.161 J4=1.106] | LR=2.53e-04 | 20.0s | ep0529 | EVENING_PEAK | main=846 | side=115 | duration=313
2026-05-17 02:59:05,866 [INFO]   Ep  540/2000 | scenario=INCIDENT | R=-0.0589 (avg50=-0.1610) | Q=0.006 W=0.119 | π=-0.0007 V=0.2867 | H=[J0=1.112 J1=0.619 J2=0.359 J3=0.804 J4=0.969] | LR=2.51e-04 | 11.7s | ep0539 | INCIDENT | flow=202 | junction=J3 | onset=18s | duration=466
2026-05-17 03:02:03,255 [INFO]   Ep  550/2000 | scenario=EVENING_PEAK | R=-0.2271 (avg50=-0.1531) | Q=0.098 W=0.107 | π=-0.0014 V=0.1826 | H=[J0=1.162 J1=1.230 J2=0.416 J3=1.238 J4=0.925] | LR=2.49e-04 | 32.3s | ep0549 | EVENING_PEAK | main=1102 | side=273 | duration=356
2026-05-17 03:04:52,886 [INFO]   Ep  560/2000 | scenario=MORNING_PEAK | R=-0.1832 (avg50=-0.1421) | Q=0.047 W=0.101 | π=-0.0009 V=0.2796 | H=[J0=1.276 J1=1.195 J2=0.748 J3=1.201 J4=0.752] | LR=2.48e-04 | 18.5s | ep0559 | MORNING_PEAK | main=861 | side=152 | duration=357
2026-05-17 03:08:11,108 [INFO]   Ep  570/2000 | scenario=INCIDENT | R=-0.0593 (avg50=-0.1391) | Q=0.005 W=0.113 | π=-0.0024 V=0.3150 | H=[J0=1.044 J1=0.811 J2=0.512 J3=0.760 J4=1.004] | LR=2.46e-04 | 11.1s | ep0569 | INCIDENT | flow=257 | junction=J1 | onset=1s | duration=376
2026-05-17 03:11:15,570 [INFO]   Ep  580/2000 | scenario=MORNING_PEAK | R=-0.1665 (avg50=-0.1404) | Q=0.041 W=0.103 | π=-0.0014 V=0.3599 | H=[J0=1.294 J1=1.269 J2=0.904 J3=1.136 J4=0.836] | LR=2.44e-04 | 22.3s | ep0579 | MORNING_PEAK | main=861 | side=140 | duration=382
2026-05-17 03:14:58,915 [INFO]   Ep  590/2000 | scenario=EVENING_PEAK | R=-0.2019 (avg50=-0.1519) | Q=0.069 W=0.107 | π=-0.0012 V=0.2192 | H=[J0=1.243 J1=1.181 J2=0.456 J3=1.204 J4=1.148] | LR=2.42e-04 | 23.5s | ep0589 | EVENING_PEAK | main=919 | side=108 | duration=311
2026-05-17 03:18:21,084 [INFO]   Ep  600/2000 | scenario=MORNING_PEAK | R=-0.2000 (avg50=-0.1489) | Q=0.060 W=0.104 | π=-0.0015 V=0.3163 | H=[J0=1.208 J1=1.189 J2=0.494 J3=1.163 J4=0.871] | LR=2.40e-04 | 24.6s | ep0599 | MORNING_PEAK | main=1050 | side=218 | duration=414
2026-05-17 03:18:21,106 [INFO]   → Checkpoint saved: X:\Yeni klasör\TraFixV5\trafix_v6\checkpoints\stage3_ep600.pt
2026-05-17 03:21:41,058 [INFO]   Ep  610/2000 | scenario=INCIDENT | R=-0.0529 (avg50=-0.1480) | Q=0.004 W=0.120 | π=-0.0011 V=0.3075 | H=[J0=0.956 J1=0.951 J2=0.329 J3=1.033 J4=0.950] | LR=2.39e-04 | 14.5s | ep0609 | INCIDENT | flow=419 | junction=J0 | onset=58s | duration=341
2026-05-17 03:25:08,640 [INFO]   Ep  620/2000 | scenario=INCIDENT | R=-0.0494 (avg50=-0.1484) | Q=0.003 W=0.117 | π=-0.0022 V=0.2804 | H=[J0=0.973 J1=1.031 J2=0.431 J3=1.146 J4=1.010] | LR=2.37e-04 | 17.6s | ep0619 | INCIDENT | flow=201 | junction=J0 | onset=83s | duration=301
2026-05-17 03:29:19,240 [INFO]   Ep  630/2000 | scenario=MORNING_PEAK | R=-0.1745 (avg50=-0.1503) | Q=0.047 W=0.104 | π=-0.0015 V=0.2931 | H=[J0=1.186 J1=1.175 J2=0.641 J3=1.075 J4=0.721] | LR=2.35e-04 | 26.9s | ep0629 | MORNING_PEAK | main=841 | side=169 | duration=301
2026-05-17 03:33:47,789 [INFO]   Ep  640/2000 | scenario=INCIDENT | R=-0.0678 (avg50=-0.1462) | Q=0.006 W=0.109 | π=-0.0011 V=0.3194 | H=[J0=1.254 J1=1.198 J2=0.963 J3=1.152 J4=1.006] | LR=2.33e-04 | 19.2s | ep0639 | INCIDENT | flow=499 | junction=J1 | onset=114s | duration=321
2026-05-17 03:38:13,664 [INFO]   Ep  650/2000 | scenario=EVENING_PEAK | R=-0.1814 (avg50=-0.1629) | Q=0.074 W=0.114 | π=-0.0020 V=0.1265 | H=[J0=1.219 J1=0.879 J2=0.232 J3=1.223 J4=1.107] | LR=2.31e-04 | 37.7s | ep0649 | EVENING_PEAK | main=809 | side=200 | duration=341
2026-05-17 03:42:05,337 [INFO]   Ep  660/2000 | scenario=OFFPEAK | R=-0.0726 (avg50=-0.1748) | Q=0.013 W=0.114 | π=-0.0010 V=0.3718 | H=[J0=1.162 J1=1.098 J2=0.561 J3=1.128 J4=1.031] | LR=2.29e-04 | 20.7s | ep0659 | OFFPEAK | flow=279 veh/hr | duration=490 steps
2026-05-17 03:45:34,966 [INFO]   Ep  670/2000 | scenario=INCIDENT | R=-0.0594 (avg50=-0.1690) | Q=0.005 W=0.117 | π=-0.0025 V=0.2772 | H=[J0=0.800 J1=1.010 J2=0.413 J3=1.068 J4=0.911] | LR=2.27e-04 | 15.7s | ep0669 | INCIDENT | flow=396 | junction=J2 | onset=157s | duration=327
2026-05-17 03:49:08,652 [INFO]   Ep  680/2000 | scenario=INCIDENT | R=-0.0654 (avg50=-0.1663) | Q=0.009 W=0.116 | π=-0.0002 V=0.2418 | H=[J0=0.996 J1=0.693 J2=0.177 J3=1.062 J4=0.940] | LR=2.25e-04 | 18.2s | ep0679 | INCIDENT | flow=372 | junction=J4 | onset=191s | duration=475
2026-05-17 03:52:20,207 [INFO]   Ep  690/2000 | scenario=MORNING_PEAK | R=-0.1849 (avg50=-0.1586) | Q=0.052 W=0.101 | π=-0.0010 V=0.2888 | H=[J0=1.294 J1=1.122 J2=0.655 J3=1.052 J4=0.649] | LR=2.23e-04 | 20.0s | ep0689 | MORNING_PEAK | main=987 | side=230 | duration=487
2026-05-17 03:56:07,297 [INFO]   Ep  700/2000 | scenario=OFFPEAK | R=-0.0762 (avg50=-0.1499) | Q=0.015 W=0.117 | π=-0.0022 V=0.3009 | H=[J0=0.645 J1=0.698 J2=0.315 J3=1.084 J4=0.977] | LR=2.21e-04 | 22.8s | ep0699 | OFFPEAK | flow=287 veh/hr | duration=415 steps
2026-05-17 03:56:07,352 [INFO]   → Checkpoint saved: X:\Yeni klasör\TraFixV5\trafix_v6\checkpoints\stage3_ep700.pt
2026-05-17 03:59:24,614 [INFO]   Ep  710/2000 | scenario=EVENING_PEAK | R=-0.2288 (avg50=-0.1402) | Q=0.078 W=0.106 | π=-0.0011 V=0.3158 | H=[J0=1.230 J1=1.149 J2=0.621 J3=1.176 J4=1.104] | LR=2.19e-04 | 20.0s | ep0709 | EVENING_PEAK | main=1124 | side=260 | duration=455
2026-05-17 04:02:47,297 [INFO]   Ep  720/2000 | scenario=EVENING_PEAK | R=-0.1875 (avg50=-0.1546) | Q=0.051 W=0.103 | π=-0.0010 V=0.3134 | H=[J0=1.294 J1=1.228 J2=0.725 J3=1.206 J4=1.142] | LR=2.17e-04 | 18.7s | ep0719 | EVENING_PEAK | main=892 | side=195 | duration=304
2026-05-17 04:05:47,344 [INFO]   Ep  730/2000 | scenario=MORNING_PEAK | R=-0.2097 (avg50=-0.1632) | Q=0.059 W=0.098 | π=-0.0015 V=0.3443 | H=[J0=1.247 J1=1.032 J2=0.542 J3=1.070 J4=0.552] | LR=2.15e-04 | 19.1s | ep0729 | MORNING_PEAK | main=1158 | side=126 | duration=484
2026-05-17 04:08:31,427 [INFO]   Ep  740/2000 | scenario=OFFPEAK | R=-0.0724 (avg50=-0.1607) | Q=0.014 W=0.116 | π=-0.0013 V=0.2505 | H=[J0=0.789 J1=0.938 J2=0.267 J3=1.225 J4=0.959] | LR=2.13e-04 | 11.5s | ep0739 | OFFPEAK | flow=248 veh/hr | duration=398 steps
2026-05-17 04:11:43,175 [INFO]   Ep  750/2000 | scenario=EVENING_PEAK | R=-0.2184 (avg50=-0.1621) | Q=0.069 W=0.107 | π=-0.0019 V=0.2720 | H=[J0=1.286 J1=1.079 J2=0.472 J3=1.154 J4=1.034] | LR=2.11e-04 | 18.6s | ep0749 | EVENING_PEAK | main=1075 | side=169 | duration=393
2026-05-17 04:14:39,461 [INFO]   Ep  760/2000 | scenario=MORNING_PEAK | R=-0.1955 (avg50=-0.1671) | Q=0.053 W=0.100 | π=-0.0029 V=0.2684 | H=[J0=1.245 J1=1.142 J2=0.619 J3=1.124 J4=0.621] | LR=2.09e-04 | 17.9s | ep0759 | MORNING_PEAK | main=1064 | side=160 | duration=301
2026-05-17 04:17:58,890 [INFO]   Ep  770/2000 | scenario=MORNING_PEAK | R=-0.1856 (avg50=-0.1601) | Q=0.052 W=0.101 | π=-0.0009 V=0.3387 | H=[J0=1.319 J1=1.186 J2=0.661 J3=1.061 J4=0.497] | LR=2.06e-04 | 21.3s | ep0769 | MORNING_PEAK | main=951 | side=204 | duration=362
2026-05-17 04:21:44,555 [INFO]   Ep  780/2000 | scenario=OFFPEAK | R=-0.0745 (avg50=-0.1593) | Q=0.015 W=0.110 | π=-0.0004 V=0.3063 | H=[J0=0.943 J1=1.017 J2=0.843 J3=1.136 J4=0.912] | LR=2.04e-04 | 18.2s | ep0779 | OFFPEAK | flow=298 veh/hr | duration=418 steps
2026-05-17 04:25:29,554 [INFO]   Ep  790/2000 | scenario=INCIDENT | R=-0.0498 (avg50=-0.1691) | Q=0.003 W=0.120 | π=-0.0009 V=0.2512 | H=[J0=0.675 J1=0.867 J2=0.711 J3=0.917 J4=0.781] | LR=2.02e-04 | 15.9s | ep0789 | INCIDENT | flow=343 | junction=J0 | onset=55s | duration=356
2026-05-17 04:28:35,303 [INFO]   Ep  800/2000 | scenario=MORNING_PEAK | R=-0.1865 (avg50=-0.1611) | Q=0.050 W=0.101 | π=-0.0011 V=0.4219 | H=[J0=1.041 J1=1.063 J2=0.759 J3=1.031 J4=0.549] | LR=2.00e-04 | 22.9s | ep0799 | MORNING_PEAK | main=1040 | side=152 | duration=311
2026-05-17 04:28:35,363 [INFO]   → Checkpoint saved: X:\Yeni klasör\TraFixV5\trafix_v6\checkpoints\stage3_ep800.pt
2026-05-17 04:32:10,442 [INFO]   Ep  810/2000 | scenario=MORNING_PEAK | R=-0.1982 (avg50=-0.1566) | Q=0.058 W=0.103 | π=-0.0014 V=0.3645 | H=[J0=1.109 J1=1.059 J2=0.613 J3=1.059 J4=0.586] | LR=1.98e-04 | 23.4s | ep0809 | MORNING_PEAK | main=1145 | side=213 | duration=422
2026-05-17 04:35:50,265 [INFO]   Ep  820/2000 | scenario=OFFPEAK | R=-0.0871 (avg50=-0.1500) | Q=0.020 W=0.116 | π=-0.0009 V=0.2326 | H=[J0=0.701 J1=0.940 J2=0.430 J3=1.074 J4=0.951] | LR=1.96e-04 | 17.7s | ep0819 | OFFPEAK | flow=358 veh/hr | duration=456 steps
2026-05-17 04:39:23,881 [INFO]   Ep  830/2000 | scenario=INCIDENT | R=-0.0731 (avg50=-0.1415) | Q=0.011 W=0.118 | π=-0.0012 V=0.2078 | H=[J0=0.637 J1=0.879 J2=0.363 J3=1.105 J4=0.977] | LR=1.93e-04 | 19.4s | ep0829 | INCIDENT | flow=431 | junction=J4 | onset=60s | duration=306
2026-05-17 04:43:00,524 [INFO]   Ep  840/2000 | scenario=INCIDENT | R=-0.0632 (avg50=-0.1404) | Q=0.006 W=0.114 | π=-0.0004 V=0.2818 | H=[J0=0.986 J1=1.023 J2=0.677 J3=1.145 J4=0.975] | LR=1.91e-04 | 16.8s | ep0839 | INCIDENT | flow=435 | junction=J1 | onset=137s | duration=303
2026-05-17 04:46:21,054 [INFO]   Ep  850/2000 | scenario=INCIDENT | R=-0.0548 (avg50=-0.1425) | Q=0.005 W=0.126 | π=-0.0007 V=0.3319 | H=[J0=0.514 J1=0.710 J2=0.253 J3=1.058 J4=0.881] | LR=1.89e-04 | 18.4s | ep0849 | INCIDENT | flow=307 | junction=J1 | onset=26s | duration=491
2026-05-17 04:49:41,954 [INFO]   Ep  860/2000 | scenario=OFFPEAK | R=-0.0783 (avg50=-0.1399) | Q=0.017 W=0.120 | π=-0.0001 V=0.2784 | H=[J0=0.730 J1=0.948 J2=0.383 J3=1.167 J4=0.892] | LR=1.87e-04 | 18.8s | ep0859 | OFFPEAK | flow=311 veh/hr | duration=366 steps
2026-05-17 04:53:32,227 [INFO]   Ep  870/2000 | scenario=EVENING_PEAK | R=-0.2162 (avg50=-0.1483) | Q=0.075 W=0.112 | π=-0.0024 V=0.2576 | H=[J0=1.039 J1=1.020 J2=0.617 J3=1.136 J4=0.860] | LR=1.85e-04 | 24.9s | ep0869 | EVENING_PEAK | main=1129 | side=222 | duration=371
2026-05-17 04:57:01,359 [INFO]   Ep  880/2000 | scenario=INCIDENT | R=-0.0493 (avg50=-0.1495) | Q=0.003 W=0.123 | π=-0.0010 V=0.3194 | H=[J0=0.743 J1=0.782 J2=0.526 J3=1.064 J4=0.876] | LR=1.82e-04 | 17.0s | ep0879 | INCIDENT | flow=284 | junction=J1 | onset=182s | duration=438
2026-05-17 05:00:19,809 [INFO]   Ep  890/2000 | scenario=INCIDENT | R=-0.0614 (avg50=-0.1392) | Q=0.006 W=0.121 | π=-0.0008 V=0.2838 | H=[J0=0.651 J1=0.887 J2=0.375 J3=1.014 J4=0.767] | LR=1.80e-04 | 16.2s | ep0889 | INCIDENT | flow=442 | junction=J1 | onset=140s | duration=325
2026-05-17 05:03:32,678 [INFO]   Ep  900/2000 | scenario=EVENING_PEAK | R=-0.1882 (avg50=-0.1404) | Q=0.059 W=0.111 | π=-0.0009 V=0.2970 | H=[J0=1.152 J1=1.070 J2=0.405 J3=1.109 J4=0.840] | LR=1.78e-04 | 22.4s | ep0899 | EVENING_PEAK | main=851 | side=207 | duration=381
2026-05-17 05:03:32,697 [INFO]   → Checkpoint saved: X:\Yeni klasör\TraFixV5\trafix_v6\checkpoints\stage3_ep900.pt
2026-05-17 05:07:12,437 [INFO]   Ep  910/2000 | scenario=MORNING_PEAK | R=-0.1809 (avg50=-0.1411) | Q=0.050 W=0.104 | π=-0.0011 V=0.2733 | H=[J0=1.115 J1=1.091 J2=0.641 J3=1.115 J4=0.583] | LR=1.76e-04 | 22.3s | ep0909 | MORNING_PEAK | main=881 | side=227 | duration=428
2026-05-17 05:11:06,276 [INFO]   Ep  920/2000 | scenario=EVENING_PEAK | R=-0.1903 (avg50=-0.1299) | Q=0.069 W=0.116 | π=-0.0020 V=0.1372 | H=[J0=0.869 J1=0.990 J2=0.235 J3=1.112 J4=0.775] | LR=1.73e-04 | 40.8s | ep0919 | EVENING_PEAK | main=1184 | side=123 | duration=434
2026-05-17 05:14:07,885 [INFO]   Ep  930/2000 | scenario=MORNING_PEAK | R=-0.1816 (avg50=-0.1247) | Q=0.051 W=0.104 | π=-0.0017 V=0.3561 | H=[J0=1.133 J1=1.144 J2=0.510 J3=1.116 J4=0.560] | LR=1.71e-04 | 19.8s | ep0929 | MORNING_PEAK | main=857 | side=288 | duration=357
2026-05-17 05:17:26,562 [INFO]   Ep  940/2000 | scenario=OFFPEAK | R=-0.0824 (avg50=-0.1246) | Q=0.019 W=0.118 | π=-0.0012 V=0.2636 | H=[J0=0.662 J1=0.787 J2=0.314 J3=1.009 J4=0.678] | LR=1.69e-04 | 15.3s | ep0939 | OFFPEAK | flow=376 veh/hr | duration=338 steps
2026-05-17 05:22:56,447 [INFO]   Ep  950/2000 | scenario=EVENING_PEAK | R=-0.2137 (avg50=-0.1371) | Q=0.092 W=0.111 | π=-0.0014 V=0.1307 | H=[J0=0.980 J1=1.062 J2=0.303 J3=1.067 J4=0.902] | LR=1.66e-04 | 37.4s | ep0949 | EVENING_PEAK | main=1169 | side=167 | duration=375
2026-05-17 05:27:10,493 [INFO]   Ep  960/2000 | scenario=EVENING_PEAK | R=-0.2135 (avg50=-0.1358) | Q=0.081 W=0.113 | π=-0.0010 V=0.1959 | H=[J0=1.095 J1=1.041 J2=0.285 J3=1.084 J4=0.957] | LR=1.64e-04 | 22.9s | ep0959 | EVENING_PEAK | main=998 | side=191 | duration=333
2026-05-17 05:30:56,301 [INFO]   Ep  970/2000 | scenario=OFFPEAK | R=-0.0809 (avg50=-0.1404) | Q=0.018 W=0.119 | π=-0.0007 V=0.2737 | H=[J0=0.836 J1=0.977 J2=0.354 J3=1.113 J4=0.840] | LR=1.62e-04 | 18.3s | ep0969 | OFFPEAK | flow=367 veh/hr | duration=354 steps
2026-05-17 05:34:56,999 [INFO]   Ep  980/2000 | scenario=MORNING_PEAK | R=-0.2106 (avg50=-0.1530) | Q=0.065 W=0.104 | π=-0.0015 V=0.2859 | H=[J0=0.940 J1=0.934 J2=0.425 J3=1.083 J4=0.403] | LR=1.60e-04 | 23.9s | ep0979 | MORNING_PEAK | main=1156 | side=130 | duration=377
2026-05-17 05:38:55,672 [INFO]   Ep  990/2000 | scenario=EVENING_PEAK | R=-0.2054 (avg50=-0.1575) | Q=0.082 W=0.114 | π=-0.0018 V=0.1428 | H=[J0=0.887 J1=1.105 J2=0.353 J3=1.128 J4=0.884] | LR=1.57e-04 | 35.1s | ep0989 | EVENING_PEAK | main=1090 | side=237 | duration=406
2026-05-17 05:42:03,223 [INFO]   Ep 1000/2000 | scenario=EVENING_PEAK | R=-0.1793 (avg50=-0.1467) | Q=0.052 W=0.112 | π=-0.0011 V=0.3159 | H=[J0=1.167 J1=1.072 J2=0.450 J3=1.163 J4=1.089] | LR=1.55e-04 | 19.4s | ep0999 | EVENING_PEAK | main=908 | side=190 | duration=348
2026-05-17 05:42:03,274 [INFO]   → Checkpoint saved: X:\Yeni klasör\TraFixV5\trafix_v6\checkpoints\stage3_ep1000.pt
2026-05-17 05:45:32,516 [INFO]   Ep 1010/2000 | scenario=MORNING_PEAK | R=-0.1658 (avg50=-0.1442) | Q=0.041 W=0.105 | π=-0.0015 V=0.2997 | H=[J0=1.116 J1=1.096 J2=0.544 J3=1.104 J4=0.386] | LR=1.53e-04 | 19.4s | ep1009 | MORNING_PEAK | main=914 | side=101 | duration=479
2026-05-17 05:48:33,817 [INFO]   Ep 1020/2000 | scenario=INCIDENT | R=-0.0696 (avg50=-0.1426) | Q=0.008 W=0.115 | π=-0.0004 V=0.2841 | H=[J0=0.877 J1=1.084 J2=0.641 J3=1.088 J4=0.860] | LR=1.51e-04 | 15.7s | ep1019 | INCIDENT | flow=487 | junction=J3 | onset=92s | duration=327
2026-05-17 05:51:19,583 [INFO]   Ep 1030/2000 | scenario=OFFPEAK | R=-0.0669 (avg50=-0.1272) | Q=0.012 W=0.121 | π=-0.0007 V=0.2293 | H=[J0=0.671 J1=0.914 J2=0.274 J3=0.955 J4=0.737] | LR=1.48e-04 | 12.9s | ep1029 | OFFPEAK | flow=232 veh/hr | duration=478 steps
2026-05-17 05:56:46,705 [INFO]   Ep 1040/2000 | scenario=EVENING_PEAK | R=-0.1636 (avg50=-0.1232) | Q=0.043 W=0.114 | π=-0.0005 V=0.3543 | H=[J0=1.028 J1=1.032 J2=0.442 J3=1.076 J4=0.978] | LR=1.46e-04 | 39.2s | ep1039 | EVENING_PEAK | main=813 | side=195 | duration=372
2026-05-17 13:31:23,653 [INFO] ============================================================
2026-05-17 13:31:23,653 [INFO]   TraFix v6 — Stage 3: Full PPO Training
2026-05-17 13:31:23,669 [INFO]   NUM_PHASES=6, OBS_DIM=20
2026-05-17 13:31:23,669 [INFO] ============================================================
2026-05-17 13:31:23,780 [INFO]   Device: cuda
2026-05-17 13:31:25,575 [INFO]   Resumed from .\trafix_v6\checkpoints\stage3_ep1000.pt (ep 999), continuing from 1000
2026-05-17 13:31:25,575 [INFO]   Total params: 101,151
2026-05-17 13:34:24,830 [INFO]   Ep 1010/2000 | scenario=INCIDENT | R=-0.0586 (avg50=-0.0975) | Q=0.007 W=0.123 | π=-0.0262 V=0.1649 | H=[J0=0.601 J1=0.858 J2=0.364 J3=1.006 J4=0.838] | LR=1.53e-04 | 12.5s | ep1009 | INCIDENT | flow=242 | junction=J3 | onset=103s | duration=313
2026-05-17 13:38:21,834 [INFO]   Ep 1020/2000 | scenario=EVENING_PEAK | R=-0.2054 (avg50=-0.1343) | Q=0.059 W=0.109 | π=-0.0008 V=0.3768 | H=[J0=1.144 J1=1.022 J2=0.541 J3=1.165 J4=1.096] | LR=1.51e-04 | 18.5s | ep1019 | EVENING_PEAK | main=987 | side=206 | duration=366
2026-05-17 13:41:33,840 [INFO]   Ep 1030/2000 | scenario=INCIDENT | R=-0.0630 (avg50=-0.1266) | Q=0.007 W=0.127 | π=-0.0033 V=0.2047 | H=[J0=0.438 J1=0.823 J2=0.424 J3=0.945 J4=0.624] | LR=1.48e-04 | 17.9s | ep1029 | INCIDENT | flow=466 | junction=J2 | onset=16s | duration=369
2026-05-17 14:09:47,661 [INFO]   Ep 1040/2000 | scenario=OFFPEAK | R=-0.0850 (avg50=-0.1270) | Q=0.021 W=0.120 | π=-0.0013 V=0.3428 | H=[J0=0.797 J1=0.912 J2=0.398 J3=1.020 J4=0.697] | LR=1.46e-04 | 15.0s | ep1039 | OFFPEAK | flow=459 veh/hr | duration=421 steps
2026-05-17 14:13:15,252 [INFO]   Ep 1050/2000 | scenario=INCIDENT | R=-0.0528 (avg50=-0.1257) | Q=0.006 W=0.135 | π=-0.0011 V=0.2570 | H=[J0=0.242 J1=0.642 J2=0.158 J3=0.652 J4=0.334] | LR=1.44e-04 | 23.6s | ep1049 | INCIDENT | flow=277 | junction=J3 | onset=28s | duration=376
2026-05-17 14:16:30,776 [INFO]   Ep 1060/2000 | scenario=OFFPEAK | R=-0.0658 (avg50=-0.1258) | Q=0.013 W=0.125 | π=-0.0022 V=0.1957 | H=[J0=0.768 J1=0.847 J2=0.269 J3=0.884 J4=0.557] | LR=1.41e-04 | 12.1s | ep1059 | OFFPEAK | flow=224 veh/hr | duration=351 steps
2026-05-17 14:20:26,912 [INFO]   Ep 1070/2000 | scenario=EVENING_PEAK | R=-0.1982 (avg50=-0.1141) | Q=0.062 W=0.108 | π=-0.0007 V=0.2815 | H=[J0=1.155 J1=1.032 J2=0.516 J3=1.121 J4=0.995] | LR=1.39e-04 | 34.6s | ep1069 | EVENING_PEAK | main=955 | side=276 | duration=418
2026-05-17 18:59:39,558 [INFO] ============================================================
2026-05-17 18:59:39,695 [INFO]   TraFix v6 — Stage 3: Full PPO Training
2026-05-17 18:59:39,695 [INFO]   NUM_PHASES=6, OBS_DIM=20
2026-05-17 18:59:39,695 [INFO] ============================================================
2026-05-17 19:01:13,205 [INFO] ============================================================
2026-05-17 19:01:13,205 [INFO]   TraFix v6 — Stage 3: Full PPO Training
2026-05-17 19:01:13,205 [INFO]   NUM_PHASES=6, OBS_DIM=20
2026-05-17 19:01:13,205 [INFO] ============================================================
2026-05-17 19:01:13,270 [INFO]   Device: cuda
2026-05-17 19:01:14,975 [INFO]   Pretrained weights loaded: GRU, GATConv, trunk
2026-05-17 19:01:14,975 [INFO]   Total params: 101,151
2026-05-17 19:01:14,975 [INFO]   Encoders frozen until episode 100
2026-05-17 19:05:46,440 [INFO]   Ep   10/600 | scenario=OFFPEAK | R=-0.2416 (avg50=-0.2013) | Q=0.262 W=0.000 | π=-0.0000 V=0.2768 | H=[J0=0.000 J1=0.000 J2=0.000 J3=0.000 J4=0.000] | LR=3.00e-04 | 25.8s | ep0009 | OFFPEAK | flow=403 veh/hr | duration=477 steps
2026-05-17 19:09:57,860 [INFO]   Ep   20/600 | scenario=OFFPEAK | R=-0.1366 (avg50=-0.1855) | Q=0.148 W=0.000 | π=0.0000 V=0.3191 | H=[J0=0.000 J1=0.000 J2=0.000 J3=0.000 J4=0.000] | LR=2.99e-04 | 24.6s | ep0019 | OFFPEAK | flow=262 veh/hr | duration=421 steps
2026-05-17 19:14:13,364 [INFO]   Ep   30/600 | scenario=OFFPEAK | R=-0.2443 (avg50=-0.1956) | Q=0.265 W=0.000 | π=0.0000 V=0.2714 | H=[J0=0.000 J1=0.000 J2=0.000 J3=0.000 J4=0.000] | LR=2.98e-04 | 26.0s | ep0029 | OFFPEAK | flow=414 veh/hr | duration=461 steps
2026-05-17 19:18:27,758 [INFO]   Ep   40/600 | scenario=OFFPEAK | R=-0.1917 (avg50=-0.1945) | Q=0.208 W=0.000 | π=-0.0000 V=0.3000 | H=[J0=0.000 J1=0.000 J2=0.000 J3=0.000 J4=0.000] | LR=2.97e-04 | 25.4s | ep0039 | OFFPEAK | flow=337 veh/hr | duration=490 steps
2026-05-17 19:23:01,547 [INFO]   Ep   50/600 | scenario=OFFPEAK | R=-0.1357 (avg50=-0.1951) | Q=0.147 W=0.000 | π=-0.0000 V=0.3373 | H=[J0=0.000 J1=0.000 J2=0.000 J3=0.000 J4=0.000] | LR=2.95e-04 | 29.8s | ep0049 | OFFPEAK | flow=252 veh/hr | duration=375 steps
2026-05-17 19:27:42,626 [INFO]   Ep   60/600 | scenario=OFFPEAK | R=-0.1356 (avg50=-0.1899) | Q=0.147 W=0.000 | π=-0.0000 V=0.2628 | H=[J0=0.000 J1=0.000 J2=0.000 J3=0.000 J4=0.000] | LR=2.93e-04 | 26.4s | ep0059 | OFFPEAK | flow=250 veh/hr | duration=445 steps
2026-05-17 19:32:16,648 [INFO]   Ep   70/600 | scenario=OFFPEAK | R=-0.2558 (avg50=-0.1980) | Q=0.278 W=0.000 | π=-0.0000 V=0.2769 | H=[J0=0.000 J1=0.000 J2=0.000 J3=0.000 J4=0.000] | LR=2.91e-04 | 28.9s | ep0069 | OFFPEAK | flow=492 veh/hr | duration=458 steps
2026-05-17 19:36:56,534 [INFO]   Ep   80/600 | scenario=OFFPEAK | R=-0.1926 (avg50=-0.1947) | Q=0.209 W=0.000 | π=-0.0000 V=0.2862 | H=[J0=0.000 J1=0.000 J2=0.000 J3=0.000 J4=0.000] | LR=2.88e-04 | 28.1s | ep0079 | OFFPEAK | flow=346 veh/hr | duration=460 steps
2026-05-17 19:41:30,830 [INFO]   Ep   90/600 | scenario=OFFPEAK | R=-0.2550 (avg50=-0.1977) | Q=0.277 W=0.000 | π=-0.0000 V=0.2852 | H=[J0=0.000 J1=0.000 J2=0.000 J3=0.000 J4=0.000] | LR=2.84e-04 | 26.3s | ep0089 | OFFPEAK | flow=480 veh/hr | duration=437 steps
2026-05-17 19:45:58,422 [INFO]   Ep  100/600 | scenario=OFFPEAK | R=-0.1885 (avg50=-0.1973) | Q=0.204 W=0.000 | π=-0.0000 V=0.3131 | H=[J0=0.000 J1=0.000 J2=0.000 J3=0.000 J4=0.000] | LR=2.81e-04 | 27.6s | ep0099 | OFFPEAK | flow=318 veh/hr | duration=418 steps
2026-05-17 19:45:58,547 [INFO]   → Checkpoint saved: X:\Yeni klasör\TraFixV5\trafix_v6\checkpoints\stage3_ep100.pt
2026-05-17 19:45:58,547 [INFO]   Episode 100: Encoders unfrozen
2026-05-17 19:50:42,934 [INFO]   Ep  110/600 | scenario=OFFPEAK | R=-0.2503 (avg50=-0.2079) | Q=0.272 W=0.000 | π=-0.0000 V=0.2592 | H=[J0=0.000 J1=0.000 J2=0.000 J3=0.000 J4=0.000] | LR=2.77e-04 | 28.6s | ep0109 | OFFPEAK | flow=455 veh/hr | duration=320 steps
2026-05-17 19:55:20,611 [INFO]   Ep  120/600 | scenario=OFFPEAK | R=-0.1331 (avg50=-0.2005) | Q=0.144 W=0.000 | π=-0.0000 V=0.3452 | H=[J0=0.000 J1=0.000 J2=0.000 J3=0.000 J4=0.000] | LR=2.73e-04 | 27.9s | ep0119 | OFFPEAK | flow=225 veh/hr | duration=444 steps
2026-05-17 19:59:54,606 [INFO]   Ep  130/600 | scenario=OFFPEAK | R=-0.2409 (avg50=-0.2006) | Q=0.261 W=0.000 | π=-0.0000 V=0.2720 | H=[J0=0.000 J1=0.000 J2=0.000 J3=0.000 J4=0.000] | LR=2.68e-04 | 27.4s | ep0129 | OFFPEAK | flow=404 veh/hr | duration=434 steps
2026-05-17 20:04:30,432 [INFO]   Ep  140/600 | scenario=OFFPEAK | R=-0.2531 (avg50=-0.2002) | Q=0.275 W=0.000 | π=0.0000 V=0.2709 | H=[J0=0.000 J1=0.000 J2=0.000 J3=0.000 J4=0.000] | LR=2.63e-04 | 29.6s | ep0139 | OFFPEAK | flow=477 veh/hr | duration=354 steps
2026-05-17 20:09:07,329 [INFO]   Ep  150/600 | scenario=PULSE | R=-0.2280 (avg50=-0.2001) | Q=0.248 W=0.000 | π=0.0000 V=0.2490 | H=[J0=0.000 J1=0.000 J2=0.000 J3=0.000 J4=0.000] | LR=2.58e-04 | 27.4s | ep0149 | PULSE | quiet=0-112s burst=112-365s flow=877 ods=INBOUND | duration=332
2026-05-17 20:13:40,048 [INFO]   Ep  160/600 | scenario=PULSE | R=-0.2250 (avg50=-0.1956) | Q=0.244 W=0.000 | π=0.0000 V=0.3425 | H=[J0=0.000 J1=0.000 J2=0.000 J3=0.000 J4=0.000] | LR=2.52e-04 | 27.6s | ep0159 | PULSE | quiet=0-207s burst=207-451s flow=649 ods=ALL | duration=315
2026-05-17 20:18:14,174 [INFO]   Ep  170/600 | scenario=OFFPEAK | R=-0.1916 (avg50=-0.2024) | Q=0.208 W=0.000 | π=-0.0000 V=0.3149 | H=[J0=0.000 J1=0.000 J2=0.000 J3=0.000 J4=0.000] | LR=2.47e-04 | 25.4s | ep0169 | OFFPEAK | flow=334 veh/hr | duration=413 steps
2026-05-17 20:22:50,616 [INFO]   Ep  180/600 | scenario=OFFPEAK | R=-0.1344 (avg50=-0.2017) | Q=0.146 W=0.000 | π=-0.0000 V=0.2800 | H=[J0=0.000 J1=0.000 J2=0.000 J3=0.000 J4=0.000] | LR=2.41e-04 | 26.5s | ep0179 | OFFPEAK | flow=236 veh/hr | duration=478 steps
2026-05-17 20:27:45,879 [INFO]   Ep  190/600 | scenario=OFFPEAK | R=-0.2415 (avg50=-0.2031) | Q=0.262 W=0.000 | π=-0.0000 V=0.2980 | H=[J0=0.000 J1=0.000 J2=0.000 J3=0.000 J4=0.000] | LR=2.34e-04 | 33.6s | ep0189 | OFFPEAK | flow=405 veh/hr | duration=335 steps
2026-05-17 20:32:37,848 [INFO]   Ep  200/600 | scenario=PULSE | R=-0.2203 (avg50=-0.2009) | Q=0.239 W=0.000 | π=0.0000 V=0.1872 | H=[J0=0.000 J1=0.000 J2=0.000 J3=0.000 J4=0.000] | LR=2.28e-04 | 29.1s | ep0199 | PULSE | quiet=0-267s burst=267-485s flow=864 ods=INBOUND | duration=485
2026-05-17 20:32:37,880 [INFO]   → Checkpoint saved: X:\Yeni klasör\TraFixV5\trafix_v6\checkpoints\stage3_ep200.pt
2026-05-17 20:38:06,211 [INFO]   Ep  210/600 | scenario=OFFPEAK | R=-0.2558 (avg50=-0.2139) | Q=0.278 W=0.000 | π=-0.0000 V=0.2611 | H=[J0=0.000 J1=0.000 J2=0.000 J3=0.000 J4=0.000] | LR=2.21e-04 | 31.1s | ep0209 | OFFPEAK | flow=492 veh/hr | duration=371 steps
2026-05-17 20:43:26,331 [INFO]   Ep  220/600 | scenario=EVENING_PEAK | R=-0.4453 (avg50=-0.2257) | Q=0.484 W=0.000 | π=-0.0000 V=0.1345 | H=[J0=0.000 J1=0.000 J2=0.000 J3=0.000 J4=0.000] | LR=2.14e-04 | 35.8s | ep0219 | EVENING_PEAK | main=943 | side=294 | duration=324
2026-05-17 20:48:56,010 [INFO]   Ep  230/600 | scenario=EVENING_PEAK | R=-0.3994 (avg50=-0.2469) | Q=0.434 W=0.000 | π=-0.0000 V=0.1013 | H=[J0=0.000 J1=0.000 J2=0.000 J3=0.000 J4=0.000] | LR=2.07e-04 | 34.4s | ep0229 | EVENING_PEAK | main=982 | side=112 | duration=356
2026-05-17 20:54:39,049 [INFO] ============================================================
2026-05-17 20:54:39,049 [INFO]   TraFix v6 — Stage 3: Full PPO Training
2026-05-17 20:54:39,049 [INFO]   NUM_PHASES=6, OBS_DIM=20
2026-05-17 20:54:39,053 [INFO] ============================================================
2026-05-17 20:54:39,053 [INFO]   Device: cuda
2026-05-17 20:54:39,334 [INFO]   Pretrained weights loaded: GRU, GATConv, trunk
2026-05-17 20:54:39,334 [INFO]   Total params: 101,151
2026-05-17 20:54:39,335 [INFO]   Encoders frozen until episode 100
2026-05-17 20:56:54,014 [INFO]   Ep   10/600 | scenario=OFFPEAK | R=-0.0542 (avg50=-0.0589) | Q=0.010 W=0.113 | π=0.0331 V=0.3866 | H=[J0=1.059 J1=1.239 J2=1.112 J3=1.220 J4=1.285] | LR=3.00e-04 | 18.6s | ep0009 | OFFPEAK | flow=389 veh/hr | duration=459 steps
2026-05-17 20:58:46,099 [INFO]   Ep   20/600 | scenario=OFFPEAK | R=-0.0517 (avg50=-0.0587) | Q=0.013 W=0.117 | π=0.0338 V=0.4183 | H=[J0=1.166 J1=1.155 J2=1.059 J3=1.139 J4=1.232] | LR=2.99e-04 | 8.3s | ep0019 | OFFPEAK | flow=251 veh/hr | duration=354 steps
2026-05-17 21:00:28,073 [INFO]   Ep   30/600 | scenario=OFFPEAK | R=-0.0535 (avg50=-0.0572) | Q=0.016 W=0.121 | π=0.0074 V=0.4227 | H=[J0=1.173 J1=1.180 J2=0.890 J3=1.056 J4=1.029] | LR=2.98e-04 | 9.2s | ep0029 | OFFPEAK | flow=325 veh/hr | duration=378 steps
2026-05-17 21:01:45,231 [INFO]   Ep   40/600 | scenario=PULSE | R=-0.0664 (avg50=-0.0569) | Q=0.029 W=0.125 | π=0.0516 V=0.3436 | H=[J0=1.185 J1=1.225 J2=1.009 J3=1.109 J4=1.012] | LR=2.97e-04 | 4.8s | ep0039 | PULSE | quiet=0-297s burst=297-484s flow=643 ods=INBOUND | duration=494
2026-05-17 21:02:54,309 [INFO]   Ep   50/600 | scenario=OFFPEAK | R=-0.0526 (avg50=-0.0576) | Q=0.019 W=0.128 | π=0.0209 V=0.2933 | H=[J0=1.149 J1=1.099 J2=0.951 J3=1.088 J4=0.916] | LR=2.95e-04 | 7.1s | ep0049 | OFFPEAK | flow=394 veh/hr | duration=302 steps
2026-05-17 21:04:22,365 [INFO]   Ep   60/600 | scenario=OFFPEAK | R=-0.0597 (avg50=-0.0572) | Q=0.025 W=0.124 | π=0.0118 V=0.3790 | H=[J0=1.212 J1=1.169 J2=0.982 J3=1.028 J4=0.802] | LR=2.93e-04 | 8.8s | ep0059 | OFFPEAK | flow=493 veh/hr | duration=458 steps
2026-05-17 21:05:46,198 [INFO]   Ep   70/600 | scenario=OFFPEAK | R=-0.0484 (avg50=-0.0557) | Q=0.013 W=0.132 | π=0.0015 V=0.2456 | H=[J0=1.211 J1=1.140 J2=0.873 J3=0.983 J4=0.679] | LR=2.91e-04 | 6.6s | ep0069 | OFFPEAK | flow=216 veh/hr | duration=472 steps
2026-05-17 21:07:07,981 [INFO]   Ep   80/600 | scenario=OFFPEAK | R=-0.0591 (avg50=-0.0565) | Q=0.023 W=0.129 | π=0.0269 V=0.3994 | H=[J0=1.176 J1=1.205 J2=0.977 J3=1.005 J4=0.777] | LR=2.88e-04 | 8.9s | ep0079 | OFFPEAK | flow=466 veh/hr | duration=372 steps
2026-05-17 21:08:25,732 [INFO]   Ep   90/600 | scenario=OFFPEAK | R=-0.0497 (avg50=-0.0565) | Q=0.015 W=0.134 | π=0.0189 V=0.4147 | H=[J0=1.129 J1=1.140 J2=0.921 J3=0.967 J4=0.786] | LR=2.84e-04 | 8.7s | ep0089 | OFFPEAK | flow=291 veh/hr | duration=496 steps
2026-05-17 21:09:46,988 [INFO]   Ep  100/600 | scenario=OFFPEAK | R=-0.0477 (avg50=-0.0552) | Q=0.016 W=0.144 | π=0.0189 V=0.3689 | H=[J0=1.010 J1=1.144 J2=0.900 J3=0.956 J4=0.762] | LR=2.81e-04 | 8.7s | ep0099 | OFFPEAK | flow=307 veh/hr | duration=359 steps
2026-05-17 21:09:47,005 [INFO]   → Checkpoint saved: X:\Yeni klasör\TraFixV5\trafix_v6\checkpoints\stage3_ep100.pt
2026-05-17 21:09:47,005 [INFO]   Episode 100: Encoders unfrozen
2026-05-17 21:11:03,034 [INFO]   Ep  110/600 | scenario=OFFPEAK | R=-0.0511 (avg50=-0.0539) | Q=0.018 W=0.136 | π=0.0223 V=0.3815 | H=[J0=0.943 J1=1.068 J2=0.949 J3=0.904 J4=0.597] | LR=2.77e-04 | 6.0s | ep0109 | OFFPEAK | flow=248 veh/hr | duration=364 steps
2026-05-17 21:12:22,736 [INFO]   Ep  120/600 | scenario=OFFPEAK | R=-0.0520 (avg50=-0.0540) | Q=0.017 W=0.125 | π=0.0242 V=0.2892 | H=[J0=1.116 J1=1.233 J2=1.069 J3=1.012 J4=0.835] | LR=2.73e-04 | 7.7s | ep0119 | OFFPEAK | flow=365 veh/hr | duration=301 steps
2026-05-17 21:13:38,784 [INFO]   Ep  130/600 | scenario=OFFPEAK | R=-0.0539 (avg50=-0.0536) | Q=0.017 W=0.125 | π=0.0156 V=0.2823 | H=[J0=1.073 J1=1.162 J2=1.081 J3=0.983 J4=0.814] | LR=2.68e-04 | 8.8s | ep0129 | OFFPEAK | flow=347 veh/hr | duration=490 steps
2026-05-17 21:15:04,406 [INFO]   Ep  140/600 | scenario=OFFPEAK | R=-0.0509 (avg50=-0.0525) | Q=0.018 W=0.137 | π=0.0547 V=0.3797 | H=[J0=1.092 J1=1.065 J2=0.998 J3=0.995 J4=0.750] | LR=2.63e-04 | 9.8s | ep0139 | OFFPEAK | flow=399 veh/hr | duration=425 steps
2026-05-17 21:16:19,873 [INFO]   Ep  150/600 | scenario=PULSE | R=-0.0847 (avg50=-0.0536) | Q=0.043 W=0.119 | π=0.0175 V=0.3962 | H=[J0=1.094 J1=1.113 J2=1.060 J3=1.124 J4=0.979] | LR=2.58e-04 | 4.9s | ep0149 | PULSE | quiet=0-236s burst=236-535s flow=811 ods=OUTBOUND | duration=438
2026-05-17 21:17:44,796 [INFO]   Ep  160/600 | scenario=OFFPEAK | R=-0.0431 (avg50=-0.0538) | Q=0.014 W=0.158 | π=0.0213 V=0.3628 | H=[J0=1.027 J1=0.956 J2=0.870 J3=0.868 J4=0.614] | LR=2.52e-04 | 10.2s | ep0159 | OFFPEAK | flow=322 veh/hr | duration=431 steps
2026-05-17 21:19:12,975 [INFO]   Ep  170/600 | scenario=OFFPEAK | R=-0.0427 (avg50=-0.0537) | Q=0.011 W=0.156 | π=0.0306 V=0.3199 | H=[J0=0.907 J1=0.962 J2=0.885 J3=0.810 J4=0.584] | LR=2.47e-04 | 10.9s | ep0169 | OFFPEAK | flow=201 veh/hr | duration=392 steps
2026-05-17 21:20:34,155 [INFO]   Ep  180/600 | scenario=OFFPEAK | R=-0.0449 (avg50=-0.0519) | Q=0.014 W=0.151 | π=0.0216 V=0.2751 | H=[J0=0.849 J1=0.973 J2=0.887 J3=0.859 J4=0.550] | LR=2.41e-04 | 6.8s | ep0179 | OFFPEAK | flow=238 veh/hr | duration=422 steps
2026-05-17 21:21:56,759 [INFO]   Ep  190/600 | scenario=OFFPEAK | R=-0.0425 (avg50=-0.0525) | Q=0.012 W=0.190 | π=0.0177 V=0.2975 | H=[J0=0.843 J1=0.953 J2=0.869 J3=0.812 J4=0.549] | LR=2.34e-04 | 7.2s | ep0189 | OFFPEAK | flow=230 veh/hr | duration=480 steps
2026-05-17 21:23:27,053 [INFO]   Ep  200/600 | scenario=OFFPEAK | R=-0.0552 (avg50=-0.0506) | Q=0.023 W=0.141 | π=0.0185 V=0.3375 | H=[J0=0.987 J1=0.994 J2=1.024 J3=0.993 J4=0.653] | LR=2.28e-04 | 9.4s | ep0199 | OFFPEAK | flow=469 veh/hr | duration=500 steps
2026-05-17 21:23:27,069 [INFO]   → Checkpoint saved: X:\Yeni klasör\TraFixV5\trafix_v6\checkpoints\stage3_ep200.pt
2026-05-17 21:25:01,965 [INFO]   Ep  210/600 | scenario=MORNING_PEAK | R=-0.0990 (avg50=-0.0575) | Q=0.053 W=0.118 | π=0.0190 V=0.4130 | H=[J0=1.177 J1=1.214 J2=1.173 J3=1.188 J4=1.012] | LR=2.21e-04 | 12.4s | ep0209 | MORNING_PEAK | main=834 | side=202 | duration=423
2026-05-17 21:26:38,970 [INFO]   Ep  220/600 | scenario=OFFPEAK | R=-0.0484 (avg50=-0.0657) | Q=0.017 W=0.145 | π=0.0089 V=0.3647 | H=[J0=1.001 J1=1.105 J2=1.005 J3=0.989 J4=0.676] | LR=2.14e-04 | 8.0s | ep0219 | OFFPEAK | flow=314 veh/hr | duration=457 steps
2026-05-17 21:28:12,931 [INFO]   Ep  230/600 | scenario=MORNING_PEAK | R=-0.1091 (avg50=-0.0726) | Q=0.061 W=0.118 | π=0.0197 V=0.2385 | H=[J0=1.164 J1=1.254 J2=1.238 J3=1.199 J4=0.905] | LR=2.07e-04 | 10.0s | ep0229 | MORNING_PEAK | main=927 | side=265 | duration=354
2026-05-17 21:29:50,289 [INFO]   Ep  240/600 | scenario=EVENING_PEAK | R=-0.0991 (avg50=-0.0780) | Q=0.051 W=0.114 | π=0.0037 V=0.3614 | H=[J0=1.151 J1=1.228 J2=1.170 J3=1.123 J4=1.053] | LR=2.00e-04 | 14.1s | ep0239 | EVENING_PEAK | main=1078 | side=166 | duration=466
2026-05-17 21:31:38,798 [INFO]   Ep  250/600 | scenario=EVENING_PEAK | R=-0.1159 (avg50=-0.0862) | Q=0.068 W=0.114 | π=0.0052 V=0.3039 | H=[J0=1.205 J1=1.255 J2=1.168 J3=1.157 J4=1.100] | LR=1.93e-04 | 14.4s | ep0249 | EVENING_PEAK | main=1122 | side=287 | duration=328
2026-05-17 21:33:11,794 [INFO]   Ep  260/600 | scenario=MORNING_PEAK | R=-0.1077 (avg50=-0.0841) | Q=0.064 W=0.119 | π=0.0196 V=0.2988 | H=[J0=1.162 J1=1.199 J2=1.173 J3=1.150 J4=0.868] | LR=1.86e-04 | 13.0s | ep0259 | MORNING_PEAK | main=1129 | side=237 | duration=380
2026-05-17 21:34:44,778 [INFO]   Ep  270/600 | scenario=PULSE | R=-0.0761 (avg50=-0.0814) | Q=0.042 W=0.117 | π=0.0218 V=0.2312 | H=[J0=1.198 J1=1.198 J2=1.116 J3=1.148 J4=0.847] | LR=1.78e-04 | 3.9s | ep0269 | PULSE | quiet=0-201s burst=201-335s flow=810 ods=OUTBOUND | duration=498
2026-05-17 21:36:29,107 [INFO]   Ep  280/600 | scenario=MORNING_PEAK | R=-0.1135 (avg50=-0.0831) | Q=0.064 W=0.110 | π=0.0049 V=0.3293 | H=[J0=1.207 J1=1.269 J2=1.258 J3=1.173 J4=1.026] | LR=1.71e-04 | 10.3s | ep0279 | MORNING_PEAK | main=1092 | side=109 | duration=466
2026-05-17 21:38:00,454 [INFO]   Ep  290/600 | scenario=OFFPEAK | R=-0.0497 (avg50=-0.0839) | Q=0.018 W=0.148 | π=0.0231 V=0.2889 | H=[J0=1.122 J1=1.123 J2=1.038 J3=0.889 J4=0.603] | LR=1.63e-04 | 9.2s | ep0289 | OFFPEAK | flow=453 veh/hr | duration=435 steps
2026-05-17 21:39:20,462 [INFO]   Ep  300/600 | scenario=OFFPEAK | R=-0.0455 (avg50=-0.0817) | Q=0.013 W=0.139 | π=0.0044 V=0.3665 | H=[J0=1.082 J1=1.077 J2=1.023 J3=0.930 J4=0.620] | LR=1.55e-04 | 8.7s | ep0299 | OFFPEAK | flow=304 veh/hr | duration=450 steps
2026-05-17 21:39:20,482 [INFO]   → Checkpoint saved: X:\Yeni klasör\TraFixV5\trafix_v6\checkpoints\stage3_ep300.pt
2026-05-17 21:40:33,726 [INFO]   Ep  310/600 | scenario=EVENING_PEAK | R=-0.1117 (avg50=-0.0823) | Q=0.060 W=0.104 | π=0.0116 V=0.3182 | H=[J0=1.229 J1=1.181 J2=1.215 J3=1.156 J4=1.142] | LR=1.48e-04 | 10.5s | ep0309 | EVENING_PEAK | main=997 | side=151 | duration=457
2026-05-17 21:42:08,979 [INFO]   Ep  320/600 | scenario=MORNING_PEAK | R=-0.1049 (avg50=-0.0832) | Q=0.058 W=0.121 | π=0.0075 V=0.3158 | H=[J0=1.244 J1=1.219 J2=1.171 J3=1.200 J4=0.757] | LR=1.40e-04 | 11.8s | ep0319 | MORNING_PEAK | main=975 | side=156 | duration=358
2026-05-17 21:43:39,930 [INFO]   Ep  330/600 | scenario=OFFPEAK | R=-0.0498 (avg50=-0.0794) | Q=0.017 W=0.146 | π=0.0176 V=0.2887 | H=[J0=1.095 J1=1.109 J2=0.946 J3=0.959 J4=0.503] | LR=1.33e-04 | 9.3s | ep0329 | OFFPEAK | flow=411 veh/hr | duration=376 steps
2026-05-17 21:45:16,558 [INFO]   Ep  340/600 | scenario=OFFPEAK | R=-0.0496 (avg50=-0.0775) | Q=0.016 W=0.140 | π=0.0044 V=0.3418 | H=[J0=1.119 J1=1.138 J2=0.966 J3=1.007 J4=0.625] | LR=1.25e-04 | 8.4s | ep0339 | OFFPEAK | flow=298 veh/hr | duration=325 steps
2026-05-17 21:46:57,359 [INFO]   Ep  350/600 | scenario=OFFPEAK | R=-0.0575 (avg50=-0.0814) | Q=0.020 W=0.130 | π=0.0300 V=0.4165 | H=[J0=1.221 J1=1.172 J2=1.085 J3=1.150 J4=0.748] | LR=1.18e-04 | 9.6s | ep0349 | OFFPEAK | flow=450 veh/hr | duration=357 steps
2026-05-17 21:48:30,358 [INFO]   Ep  360/600 | scenario=OFFPEAK | R=-0.0560 (avg50=-0.0810) | Q=0.021 W=0.128 | π=0.0196 V=0.3534 | H=[J0=1.229 J1=1.241 J2=1.045 J3=1.079 J4=0.656] | LR=1.10e-04 | 8.9s | ep0359 | OFFPEAK | flow=480 veh/hr | duration=325 steps
2026-05-17 21:49:47,562 [INFO]   Ep  370/600 | scenario=OFFPEAK | R=-0.0474 (avg50=-0.0790) | Q=0.013 W=0.136 | π=-0.0106 V=0.2031 | H=[J0=1.194 J1=1.154 J2=0.976 J3=1.029 J4=0.528] | LR=1.03e-04 | 6.2s | ep0369 | OFFPEAK | flow=237 veh/hr | duration=418 steps
2026-05-17 21:51:27,743 [INFO]   Ep  380/600 | scenario=MORNING_PEAK | R=-0.1239 (avg50=-0.0820) | Q=0.080 W=0.119 | π=0.0104 V=0.2717 | H=[J0=1.246 J1=1.229 J2=1.225 J3=1.156 J4=0.565] | LR=9.63e-05 | 11.4s | ep0379 | MORNING_PEAK | main=1187 | side=111 | duration=393
2026-05-17 21:53:06,972 [INFO]   Ep  390/600 | scenario=MORNING_PEAK | R=-0.1092 (avg50=-0.0840) | Q=0.064 W=0.120 | π=-0.0038 V=0.3125 | H=[J0=1.260 J1=1.288 J2=1.218 J3=1.169 J4=0.773] | LR=8.94e-05 | 10.5s | ep0389 | MORNING_PEAK | main=1092 | side=120 | duration=473
2026-05-17 21:54:41,777 [INFO]   Ep  400/600 | scenario=EVENING_PEAK | R=-0.1209 (avg50=-0.0798) | Q=0.076 W=0.118 | π=0.0230 V=0.3299 | H=[J0=1.178 J1=1.116 J2=1.122 J3=1.134 J4=0.962] | LR=8.27e-05 | 13.3s | ep0399 | EVENING_PEAK | main=1155 | side=278 | duration=303
2026-05-17 21:54:41,798 [INFO]   → Checkpoint saved: X:\Yeni klasör\TraFixV5\trafix_v6\checkpoints\stage3_ep400.pt
2026-05-17 21:56:18,982 [INFO]   Ep  410/600 | scenario=OFFPEAK | R=-0.0517 (avg50=-0.0799) | Q=0.019 W=0.139 | π=0.0250 V=0.2768 | H=[J0=1.130 J1=1.179 J2=1.015 J3=0.951 J4=0.519] | LR=7.62e-05 | 9.4s | ep0409 | OFFPEAK | flow=414 veh/hr | duration=363 steps
2026-05-17 21:57:52,758 [INFO]   Ep  420/600 | scenario=EVENING_PEAK | R=-0.1071 (avg50=-0.0833) | Q=0.059 W=0.116 | π=0.0014 V=0.3183 | H=[J0=1.226 J1=1.193 J2=1.175 J3=1.179 J4=1.231] | LR=7.00e-05 | 12.2s | ep0419 | EVENING_PEAK | main=1010 | side=197 | duration=458
2026-05-17 21:59:45,918 [INFO]   Ep  430/600 | scenario=PULSE | R=-0.0621 (avg50=-0.0852) | Q=0.029 W=0.133 | π=0.0003 V=0.3418 | H=[J0=1.200 J1=1.202 J2=1.097 J3=1.049 J4=0.654] | LR=6.39e-05 | 5.5s | ep0429 | PULSE | quiet=0-292s burst=292-558s flow=816 ods=ALL | duration=322
2026-05-17 22:01:09,716 [INFO]   Ep  440/600 | scenario=OFFPEAK | R=-0.0546 (avg50=-0.0833) | Q=0.021 W=0.130 | π=0.0194 V=0.3449 | H=[J0=1.145 J1=1.157 J2=1.036 J3=1.072 J4=0.591] | LR=5.81e-05 | 10.2s | ep0439 | OFFPEAK | flow=401 veh/hr | duration=301 steps
2026-05-17 22:02:40,711 [INFO]   Ep  450/600 | scenario=PULSE | R=-0.0782 (avg50=-0.0846) | Q=0.041 W=0.123 | π=0.0058 V=0.3969 | H=[J0=1.278 J1=1.257 J2=1.132 J3=1.090 J4=0.792] | LR=5.26e-05 | 3.7s | ep0449 | PULSE | quiet=0-106s burst=106-258s flow=629 ods=INBOUND | duration=334
2026-05-17 22:04:23,064 [INFO]   Ep  460/600 | scenario=PULSE | R=-0.0696 (avg50=-0.0856) | Q=0.036 W=0.119 | π=0.0100 V=0.2831 | H=[J0=1.229 J1=1.146 J2=1.103 J3=1.092 J4=0.714] | LR=4.74e-05 | 5.5s | ep0459 | PULSE | quiet=0-272s burst=272-488s flow=910 ods=ALL | duration=427
2026-05-17 22:05:58,297 [INFO]   Ep  470/600 | scenario=PULSE | R=-0.0743 (avg50=-0.0828) | Q=0.043 W=0.113 | π=0.0065 V=0.3501 | H=[J0=1.229 J1=1.220 J2=1.072 J3=1.194 J4=0.730] | LR=4.24e-05 | 3.6s | ep0469 | PULSE | quiet=0-227s burst=227-415s flow=938 ods=ALL | duration=368
2026-05-17 22:07:31,963 [INFO]   Ep  480/600 | scenario=MORNING_PEAK | R=-0.1104 (avg50=-0.0803) | Q=0.062 W=0.115 | π=0.0066 V=0.2518 | H=[J0=1.222 J1=1.225 J2=1.230 J3=1.210 J4=0.690] | LR=3.78e-05 | 9.8s | ep0479 | MORNING_PEAK | main=976 | side=238 | duration=451
2026-05-17 22:09:09,606 [INFO]   Ep  490/600 | scenario=PULSE | R=-0.0906 (avg50=-0.0811) | Q=0.054 W=0.130 | π=0.0337 V=0.2899 | H=[J0=1.192 J1=1.235 J2=1.229 J3=1.230 J4=0.895] | LR=3.35e-05 | 3.6s | ep0489 | PULSE | quiet=0-93s burst=93-273s flow=875 ods=OUTBOUND | duration=426
2026-05-17 22:10:45,487 [INFO]   Ep  500/600 | scenario=PULSE | R=-0.0764 (avg50=-0.0823) | Q=0.042 W=0.115 | π=0.0017 V=0.2290 | H=[J0=1.228 J1=1.154 J2=1.072 J3=1.126 J4=0.754] | LR=2.95e-05 | 4.0s | ep0499 | PULSE | quiet=0-63s burst=63-305s flow=662 ods=ALL | duration=328
2026-05-17 22:10:45,503 [INFO]   → Checkpoint saved: X:\Yeni klasör\TraFixV5\trafix_v6\checkpoints\stage3_ep500.pt
2026-05-17 22:12:07,462 [INFO]   Ep  510/600 | scenario=PULSE | R=-0.0692 (avg50=-0.0785) | Q=0.032 W=0.121 | π=-0.0048 V=0.3609 | H=[J0=1.170 J1=1.187 J2=1.154 J3=1.141 J4=0.743] | LR=2.59e-05 | 5.0s | ep0509 | PULSE | quiet=0-206s burst=206-408s flow=804 ods=ALL | duration=368
2026-05-17 22:13:25,152 [INFO]   Ep  520/600 | scenario=MORNING_PEAK | R=-0.1076 (avg50=-0.0786) | Q=0.062 W=0.122 | π=0.0111 V=0.3417 | H=[J0=1.264 J1=1.247 J2=1.193 J3=1.229 J4=0.609] | LR=2.26e-05 | 11.0s | ep0519 | MORNING_PEAK | main=1134 | side=208 | duration=463
2026-05-17 22:15:00,331 [INFO]   Ep  530/600 | scenario=MORNING_PEAK | R=-0.1088 (avg50=-0.0811) | Q=0.063 W=0.118 | π=0.0069 V=0.3000 | H=[J0=1.208 J1=1.204 J2=1.219 J3=1.177 J4=0.659] | LR=1.97e-05 | 11.5s | ep0529 | MORNING_PEAK | main=1000 | side=289 | duration=394
2026-05-17 22:16:37,934 [INFO]   Ep  540/600 | scenario=EVENING_PEAK | R=-0.0981 (avg50=-0.0814) | Q=0.051 W=0.116 | π=0.0156 V=0.3172 | H=[J0=1.196 J1=1.188 J2=1.136 J3=1.140 J4=0.991] | LR=1.71e-05 | 13.4s | ep0539 | EVENING_PEAK | main=1051 | side=214 | duration=413
2026-05-17 22:18:08,076 [INFO]   Ep  550/600 | scenario=OFFPEAK | R=-0.0562 (avg50=-0.0782) | Q=0.022 W=0.131 | π=0.0129 V=0.3818 | H=[J0=1.115 J1=1.133 J2=1.036 J3=1.058 J4=0.624] | LR=1.50e-05 | 9.4s | ep0549 | OFFPEAK | flow=483 veh/hr | duration=418 steps
2026-05-17 22:19:59,015 [INFO]   Ep  560/600 | scenario=EVENING_PEAK | R=-0.0975 (avg50=-0.0841) | Q=0.052 W=0.115 | π=0.0259 V=0.3070 | H=[J0=1.222 J1=1.143 J2=1.091 J3=1.188 J4=1.078] | LR=1.32e-05 | 11.5s | ep0559 | EVENING_PEAK | main=935 | side=278 | duration=486
2026-05-17 22:21:32,031 [INFO]   Ep  570/600 | scenario=OFFPEAK | R=-0.0472 (avg50=-0.0838) | Q=0.014 W=0.140 | π=0.0392 V=0.3514 | H=[J0=1.115 J1=1.098 J2=0.970 J3=1.026 J4=0.510] | LR=1.18e-05 | 8.5s | ep0569 | OFFPEAK | flow=285 veh/hr | duration=335 steps
2026-05-17 22:23:15,824 [INFO]   Ep  580/600 | scenario=EVENING_PEAK | R=-0.1103 (avg50=-0.0799) | Q=0.062 W=0.113 | π=0.0081 V=0.3217 | H=[J0=1.210 J1=1.127 J2=1.157 J3=1.182 J4=1.085] | LR=1.08e-05 | 11.8s | ep0579 | EVENING_PEAK | main=1144 | side=120 | duration=369
2026-05-17 22:24:54,199 [INFO]   Ep  590/600 | scenario=EVENING_PEAK | R=-0.1165 (avg50=-0.0807) | Q=0.069 W=0.112 | π=0.0115 V=0.2841 | H=[J0=1.254 J1=1.172 J2=1.153 J3=1.184 J4=1.083] | LR=1.02e-05 | 12.0s | ep0589 | EVENING_PEAK | main=1136 | side=198 | duration=483
2026-05-17 22:26:35,258 [INFO]   Ep  600/600 | scenario=EVENING_PEAK | R=-0.0904 (avg50=-0.0834) | Q=0.042 W=0.115 | π=0.0006 V=0.3307 | H=[J0=1.199 J1=1.200 J2=1.175 J3=1.203 J4=1.039] | LR=1.00e-05 | 15.1s | ep0599 | EVENING_PEAK | main=885 | side=140 | duration=491
2026-05-17 22:26:35,280 [INFO]   → Checkpoint saved: X:\Yeni klasör\TraFixV5\trafix_v6\checkpoints\stage3_ep600.pt
2026-05-17 22:26:35,293 [INFO]   Final model saved → X:\Yeni klasör\TraFixV5\trafix_v6\checkpoints\trafix_v6_final.pt
2026-05-17 22:26:35,293 [INFO]   Best episode reward: -0.038664
